C:/Users/jennifer.harries/Desktop/ProgSS2/DSS2_IT/Drive_Controller_Software/CANopenNode/301/CO_ODinterface.h:463:1:OD_extension_init	16	static
C:/Users/jennifer.harries/Desktop/ProgSS2/DSS2_IT/Drive_Controller_Software/CANopenNode/301/CO_PDO.h:354:1:CO_TPDOsendRequest	16	static
../Core/Src/main.c:85:6:physicalSwitch	8	static
../Core/Src/main.c:105:6:physicalButtonDCDC	8	static
../Core/Src/main.c:143:14:storeCallback	48	static
../Core/Src/main.c:162:6:mapCallbacks	24	static
../Core/Src/main.c:182:6:HAL_TIM_PeriodElapsedCallback	16	static
../Core/Src/main.c:189:6:HAL_ADCEx_InjectedConvCpltCallback	16	static
../Core/Src/main.c:202:5:main	8	static
../Core/Src/main.c:319:6:SystemClock_Config	96	static
../Core/Src/main.c:369:13:MX_ADC1_Init	64	static
../Core/Src/main.c:446:13:MX_CAN1_Init	8	static
../Core/Src/main.c:483:13:MX_I2C1_Init	8	static
../Core/Src/main.c:531:13:MX_TIM2_Init	40	static
../Core/Src/main.c:576:13:MX_USART2_UART_Init	8	static
../Core/Src/main.c:609:13:MX_DMA_Init	16	static
../Core/Src/main.c:627:13:MX_GPIO_Init	40	static
../Core/Src/main.c:687:6:Error_Handler	4	static,ignoring_inline_asm
