C:/Users/loic.pinuela/Desktop/DSS2_IT/Drive_Controller_Software/CANopenNode/301/CO_ODinterface.h:463:1:OD_extension_init	2
../Core/Src/main.c:89:6:physicalSwitch	1
../Core/Src/main.c:138:6:mapCallbacks	2
../Core/Src/main.c:158:6:HAL_TIM_PeriodElapsedCallback	1
../Core/Src/main.c:165:6:HAL_ADCEx_InjectedConvCpltCallback	2
../Core/Src/main.c:178:5:main	2
../Core/Src/main.c:283:6:SystemClock_Config	4
../Core/Src/main.c:333:13:MX_ADC1_Init	4
../Core/Src/main.c:410:13:MX_CAN1_Init	2
../Core/Src/main.c:447:13:MX_DAC1_Init	3
../Core/Src/main.c:490:13:MX_I2C1_Init	4
../Core/Src/main.c:538:13:MX_TIM2_Init	4
../Core/Src/main.c:583:13:MX_USART2_UART_Init	2
../Core/Src/main.c:616:13:MX_DMA_Init	1
../Core/Src/main.c:634:13:MX_GPIO_Init	1
../Core/Src/main.c:688:6:Error_Handler	1
