C:/Users/loic.pinuela/Desktop/DSS2_IT/Drive_Controller_Software/CANopenNode/301/CO_ODinterface.h:463:1:OD_extension_init	16	static
C:/Users/loic.pinuela/Desktop/DSS2_IT/Drive_Controller_Software/CANopenNode/301/CO_PDO.h:354:1:CO_TPDOsendRequest	16	static
../Core/Src/main.c:88:6:physicalSwitch	8	static
../Core/Src/main.c:108:6:physicalButtonDCDC	8	static
../Core/Src/main.c:146:14:storeCallback	48	static
../Core/Src/main.c:165:6:mapCallbacks	24	static
../Core/Src/main.c:185:6:HAL_TIM_PeriodElapsedCallback	16	static
../Core/Src/main.c:192:6:HAL_ADCEx_InjectedConvCpltCallback	16	static
../Core/Src/main.c:205:5:main	32	static
../Core/Src/main.c:320:6:SystemClock_Config	96	static
../Core/Src/main.c:370:13:MX_ADC1_Init	64	static
../Core/Src/main.c:447:13:MX_CAN1_Init	8	static
../Core/Src/main.c:484:13:MX_DAC1_Init	48	static
../Core/Src/main.c:527:13:MX_I2C1_Init	8	static
../Core/Src/main.c:575:13:MX_TIM2_Init	40	static
../Core/Src/main.c:620:13:MX_USART2_UART_Init	8	static
../Core/Src/main.c:653:13:MX_DMA_Init	16	static
../Core/Src/main.c:671:13:MX_GPIO_Init	40	static
../Core/Src/main.c:725:6:Error_Handler	4	static,ignoring_inline_asm
