C:/Users/loic.pinuela/Desktop/DSS2_IT/Drive_Controller_Software/CANopenNode/301/CO_ODinterface.h:463:1:OD_extension_init	16	static
../Core/Src/main.c:89:6:physicalSwitch	8	static
../Core/Src/main.c:138:6:mapCallbacks	24	static
../Core/Src/main.c:158:6:HAL_TIM_PeriodElapsedCallback	16	static
../Core/Src/main.c:165:6:HAL_ADCEx_InjectedConvCpltCallback	16	static
../Core/Src/main.c:178:5:main	8	static
../Core/Src/main.c:282:6:SystemClock_Config	96	static
../Core/Src/main.c:332:13:MX_ADC1_Init	64	static
../Core/Src/main.c:409:13:MX_CAN1_Init	8	static
../Core/Src/main.c:446:13:MX_DAC1_Init	48	static
../Core/Src/main.c:489:13:MX_I2C1_Init	8	static
../Core/Src/main.c:537:13:MX_TIM2_Init	40	static
../Core/Src/main.c:582:13:MX_USART2_UART_Init	8	static
../Core/Src/main.c:615:13:MX_DMA_Init	16	static
../Core/Src/main.c:633:13:MX_GPIO_Init	40	static
../Core/Src/main.c:687:6:Error_Handler	4	static,ignoring_inline_asm
