C:/Users/jennifer.harries/Desktop/ProgSS2/DSS2_IT/Drive_Controller_Software/CANopenNode/301/CO_ODinterface.h:463:1:OD_extension_init	16	static
../Core/Src/main.c:88:6:physicalSwitch	8	static
../Core/Src/main.c:137:14:storeCallback	48	static
../Core/Src/main.c:156:6:mapCallbacks	24	static
../Core/Src/main.c:176:6:HAL_TIM_PeriodElapsedCallback	16	static
../Core/Src/main.c:183:6:HAL_ADCEx_InjectedConvCpltCallback	16	static
../Core/Src/main.c:196:5:main	32	static
../Core/Src/main.c:310:6:SystemClock_Config	96	static
../Core/Src/main.c:360:13:MX_ADC1_Init	64	static
../Core/Src/main.c:437:13:MX_CAN1_Init	8	static
../Core/Src/main.c:474:13:MX_DAC1_Init	48	static
../Core/Src/main.c:517:13:MX_I2C1_Init	8	static
../Core/Src/main.c:565:13:MX_TIM2_Init	40	static
../Core/Src/main.c:610:13:MX_USART2_UART_Init	8	static
../Core/Src/main.c:643:13:MX_DMA_Init	16	static
../Core/Src/main.c:661:13:MX_GPIO_Init	40	static
../Core/Src/main.c:715:6:Error_Handler	4	static,ignoring_inline_asm
