../CANopenNode-master/301/CO_ODinterface.h:463:1:OD_extension_init	16	static
../Core/Src/main.c:83:14:storeCallback	48	static
../Core/Src/main.c:99:6:mapCallbacks	24	static
../Core/Src/main.c:119:6:HAL_ADCEx_InjectedConvCpltCallback	16	static
../Core/Src/main.c:157:6:HAL_TIM_PeriodElapsedCallback	16	static
../Core/Src/main.c:178:5:main	8	static
../Core/Src/main.c:255:6:SystemClock_Config	96	static
../Core/Src/main.c:316:13:MX_ADC1_Init	64	static
../Core/Src/main.c:394:13:MX_CAN1_Init	8	static
../Core/Src/main.c:431:13:MX_I2C1_Init	8	static
../Core/Src/main.c:479:13:MX_TIM2_Init	40	static
../Core/Src/main.c:524:13:MX_USART2_UART_Init	8	static
../Core/Src/main.c:559:13:MX_GPIO_Init	40	static
../Core/Src/main.c:606:6:Error_Handler	4	static,ignoring_inline_asm
