Archive member included to satisfy reference by file (symbol)

C:/devel/stm32CubeIDE_1.18.1/STM32CubeIDE/plugins/com.st.stm32cube.ide.mcu.externaltools.gnu-tools-for-stm32.13.3.rel1.win32_1.0.0.202411081344/tools/bin/../lib/gcc/arm-none-eabi/13.3.1/../../../../arm-none-eabi/lib/thumb/v7e-m+fp/hard\libc_nano.a(libc_a-calloc.o)
                              ./CANopenNode/CANopen.o (calloc)
C:/devel/stm32CubeIDE_1.18.1/STM32CubeIDE/plugins/com.st.stm32cube.ide.mcu.externaltools.gnu-tools-for-stm32.13.3.rel1.win32_1.0.0.202411081344/tools/bin/../lib/gcc/arm-none-eabi/13.3.1/../../../../arm-none-eabi/lib/thumb/v7e-m+fp/hard\libc_nano.a(libc_a-callocr.o)
                              C:/devel/stm32CubeIDE_1.18.1/STM32CubeIDE/plugins/com.st.stm32cube.ide.mcu.externaltools.gnu-tools-for-stm32.13.3.rel1.win32_1.0.0.202411081344/tools/bin/../lib/gcc/arm-none-eabi/13.3.1/../../../../arm-none-eabi/lib/thumb/v7e-m+fp/hard\libc_nano.a(libc_a-calloc.o) (_calloc_r)
C:/devel/stm32CubeIDE_1.18.1/STM32CubeIDE/plugins/com.st.stm32cube.ide.mcu.externaltools.gnu-tools-for-stm32.13.3.rel1.win32_1.0.0.202411081344/tools/bin/../lib/gcc/arm-none-eabi/13.3.1/../../../../arm-none-eabi/lib/thumb/v7e-m+fp/hard\libc_nano.a(libc_a-exit.o)
                              C:/devel/stm32CubeIDE_1.18.1/STM32CubeIDE/plugins/com.st.stm32cube.ide.mcu.externaltools.gnu-tools-for-stm32.13.3.rel1.win32_1.0.0.202411081344/tools/bin/../lib/gcc/arm-none-eabi/13.3.1/../../../../arm-none-eabi/lib/thumb/v7e-m+fp/hard/crt0.o (exit)
C:/devel/stm32CubeIDE_1.18.1/STM32CubeIDE/plugins/com.st.stm32cube.ide.mcu.externaltools.gnu-tools-for-stm32.13.3.rel1.win32_1.0.0.202411081344/tools/bin/../lib/gcc/arm-none-eabi/13.3.1/../../../../arm-none-eabi/lib/thumb/v7e-m+fp/hard\libc_nano.a(libc_a-malloc.o)
                              ./CANopenNode/CANopen.o (free)
C:/devel/stm32CubeIDE_1.18.1/STM32CubeIDE/plugins/com.st.stm32cube.ide.mcu.externaltools.gnu-tools-for-stm32.13.3.rel1.win32_1.0.0.202411081344/tools/bin/../lib/gcc/arm-none-eabi/13.3.1/../../../../arm-none-eabi/lib/thumb/v7e-m+fp/hard\libc_nano.a(libc_a-mallocr.o)
                              C:/devel/stm32CubeIDE_1.18.1/STM32CubeIDE/plugins/com.st.stm32cube.ide.mcu.externaltools.gnu-tools-for-stm32.13.3.rel1.win32_1.0.0.202411081344/tools/bin/../lib/gcc/arm-none-eabi/13.3.1/../../../../arm-none-eabi/lib/thumb/v7e-m+fp/hard\libc_nano.a(libc_a-callocr.o) (_malloc_r)
C:/devel/stm32CubeIDE_1.18.1/STM32CubeIDE/plugins/com.st.stm32cube.ide.mcu.externaltools.gnu-tools-for-stm32.13.3.rel1.win32_1.0.0.202411081344/tools/bin/../lib/gcc/arm-none-eabi/13.3.1/../../../../arm-none-eabi/lib/thumb/v7e-m+fp/hard\libc_nano.a(libc_a-mlock.o)
                              C:/devel/stm32CubeIDE_1.18.1/STM32CubeIDE/plugins/com.st.stm32cube.ide.mcu.externaltools.gnu-tools-for-stm32.13.3.rel1.win32_1.0.0.202411081344/tools/bin/../lib/gcc/arm-none-eabi/13.3.1/../../../../arm-none-eabi/lib/thumb/v7e-m+fp/hard\libc_nano.a(libc_a-mallocr.o) (__malloc_lock)
C:/devel/stm32CubeIDE_1.18.1/STM32CubeIDE/plugins/com.st.stm32cube.ide.mcu.externaltools.gnu-tools-for-stm32.13.3.rel1.win32_1.0.0.202411081344/tools/bin/../lib/gcc/arm-none-eabi/13.3.1/../../../../arm-none-eabi/lib/thumb/v7e-m+fp/hard\libc_nano.a(libc_a-fflush.o)
                              ./CANopenNode_STM32/CO_app_STM32.o (fflush)
C:/devel/stm32CubeIDE_1.18.1/STM32CubeIDE/plugins/com.st.stm32cube.ide.mcu.externaltools.gnu-tools-for-stm32.13.3.rel1.win32_1.0.0.202411081344/tools/bin/../lib/gcc/arm-none-eabi/13.3.1/../../../../arm-none-eabi/lib/thumb/v7e-m+fp/hard\libc_nano.a(libc_a-findfp.o)
                              C:/devel/stm32CubeIDE_1.18.1/STM32CubeIDE/plugins/com.st.stm32cube.ide.mcu.externaltools.gnu-tools-for-stm32.13.3.rel1.win32_1.0.0.202411081344/tools/bin/../lib/gcc/arm-none-eabi/13.3.1/../../../../arm-none-eabi/lib/thumb/v7e-m+fp/hard\libc_nano.a(libc_a-fflush.o) (__sglue)
C:/devel/stm32CubeIDE_1.18.1/STM32CubeIDE/plugins/com.st.stm32cube.ide.mcu.externaltools.gnu-tools-for-stm32.13.3.rel1.win32_1.0.0.202411081344/tools/bin/../lib/gcc/arm-none-eabi/13.3.1/../../../../arm-none-eabi/lib/thumb/v7e-m+fp/hard\libc_nano.a(libc_a-fwalk.o)
                              C:/devel/stm32CubeIDE_1.18.1/STM32CubeIDE/plugins/com.st.stm32cube.ide.mcu.externaltools.gnu-tools-for-stm32.13.3.rel1.win32_1.0.0.202411081344/tools/bin/../lib/gcc/arm-none-eabi/13.3.1/../../../../arm-none-eabi/lib/thumb/v7e-m+fp/hard\libc_nano.a(libc_a-fflush.o) (_fwalk_sglue)
C:/devel/stm32CubeIDE_1.18.1/STM32CubeIDE/plugins/com.st.stm32cube.ide.mcu.externaltools.gnu-tools-for-stm32.13.3.rel1.win32_1.0.0.202411081344/tools/bin/../lib/gcc/arm-none-eabi/13.3.1/../../../../arm-none-eabi/lib/thumb/v7e-m+fp/hard\libc_nano.a(libc_a-printf.o)
                              ./CANopenNode_STM32/CO_app_STM32.o (printf)
[...]
Memory Configuration

Name             Origin             Length             Attributes
RAM              0x20000000         0x0000c000         xrw
RAM2             0x10000000         0x00004000         xrw
FLASH            0x08000000         0x0003f800         xr
*default*        0x00000000         0xffffffff

Linker script and memory map

LOAD C:/devel/stm32CubeIDE_1.18.1/STM32CubeIDE/plugins/com.st.stm32cube.ide.mcu.externaltools.gnu-tools-for-stm32.13.3.rel1.win32_1.0.0.202411081344/tools/bin/../lib/gcc/arm-none-eabi/13.3.1/thumb/v7e-m+fp/hard/crti.o
LOAD C:/devel/stm32CubeIDE_1.18.1/STM32CubeIDE/plugins/com.st.stm32cube.ide.mcu.externaltools.gnu-tools-for-stm32.13.3.rel1.win32_1.0.0.202411081344/tools/bin/../lib/gcc/arm-none-eabi/13.3.1/thumb/v7e-m+fp/hard/crtbegin.o
LOAD C:/devel/stm32CubeIDE_1.18.1/STM32CubeIDE/plugins/com.st.stm32cube.ide.mcu.externaltools.gnu-tools-for-stm32.13.3.rel1.win32_1.0.0.202411081344/tools/bin/../lib/gcc/arm-none-eabi/13.3.1/../../../../arm-none-eabi/lib/thumb/v7e-m+fp/hard/crt0.o
LOAD ./CANopenNode/301/CO_Emergency.o
LOAD ./CANopenNode/301/CO_HBconsumer.o
LOAD ./CANopenNode/301/CO_NMT_Heartbeat.o
LOAD ./CANopenNode/301/CO_Node_Guarding.o
LOAD ./CANopenNode/301/CO_ODinterface.o
LOAD ./CANopenNode/301/CO_PDO.o
LOAD ./CANopenNode/301/CO_SDOclient.o
LOAD ./CANopenNode/301/CO_SDOserver.o
LOAD ./CANopenNode/301/CO_SYNC.o
LOAD ./CANopenNode/301/CO_TIME.o
LOAD ./CANopenNode/301/CO_fifo.o
LOAD ./CANopenNode/301/crc16-ccitt.o
LOAD ./CANopenNode/303/CO_LEDs.o
LOAD ./CANopenNode/304/CO_GFC.o
LOAD ./CANopenNode/304/CO_SRDO.o
LOAD ./CANopenNode/305/CO_LSSmaster.o
LOAD ./CANopenNode/305/CO_LSSslave.o
LOAD ./CANopenNode/309/CO_gateway_ascii.o
LOAD ./CANopenNode/CANopen.o
LOAD ./CANopenNode/extra/CO_trace.o
LOAD ./CANopenNode/storage/CO_storage.o
LOAD ./CANopenNode/storage/CO_storageEeprom.o
LOAD ./CANopenNode_STM32/CO_app_STM32.o
LOAD ./CANopenNode_STM32/CO_driver_STM32.o
LOAD ./CANopenNode_STM32/CO_storageBlank.o
LOAD ./CANopenNode_STM32/OD.o
LOAD ./Core/Src/DriveProcess.o
LOAD ./Core/Src/SteeringProcess.o
LOAD ./Core/Src/event.o
LOAD ./Core/Src/flash.o
LOAD ./Core/Src/main.o
LOAD ./Core/Src/stm32l4xx_hal_msp.o
LOAD ./Core/Src/stm32l4xx_it.o
LOAD ./Core/Src/syscalls.o
LOAD ./Core/Src/sysmem.o
LOAD ./Core/Src/system_stm32l4xx.o
LOAD ./Core/Src/xf.o
LOAD ./Core/Startup/startup_stm32l432kcux.o
LOAD ./Drivers/STM32L4xx_HAL_Driver/Src/stm32l4xx_hal.o
LOAD ./Drivers/STM32L4xx_HAL_Driver/Src/stm32l4xx_hal_adc.o
LOAD ./Drivers/STM32L4xx_HAL_Driver/Src/stm32l4xx_hal_adc_ex.o
LOAD ./Drivers/STM32L4xx_HAL_Driver/Src/stm32l4xx_hal_can.o
LOAD ./Drivers/STM32L4xx_HAL_Driver/Src/stm32l4xx_hal_cortex.o
LOAD ./Drivers/STM32L4xx_HAL_Driver/Src/stm32l4xx_hal_dac.o
LOAD ./Drivers/STM32L4xx_HAL_Driver/Src/stm32l4xx_hal_dac_ex.o
LOAD ./Drivers/STM32L4xx_HAL_Driver/Src/stm32l4xx_hal_dma.o
LOAD ./Drivers/STM32L4xx_HAL_Driver/Src/stm32l4xx_hal_dma_ex.o
LOAD ./Drivers/STM32L4xx_HAL_Driver/Src/stm32l4xx_hal_exti.o
LOAD ./Drivers/STM32L4xx_HAL_Driver/Src/stm32l4xx_hal_flash.o
LOAD ./Drivers/STM32L4xx_HAL_Driver/Src/stm32l4xx_hal_flash_ex.o
LOAD ./Drivers/STM32L4xx_HAL_Driver/Src/stm32l4xx_hal_flash_ramfunc.o
LOAD ./Drivers/STM32L4xx_HAL_Driver/Src/stm32l4xx_hal_gpio.o
LOAD ./Drivers/STM32L4xx_HAL_Driver/Src/stm32l4xx_hal_i2c.o
LOAD ./Drivers/STM32L4xx_HAL_Driver/Src/stm32l4xx_hal_i2c_ex.o
LOAD ./Drivers/STM32L4xx_HAL_Driver/Src/stm32l4xx_hal_pwr.o
LOAD ./Drivers/STM32L4xx_HAL_Driver/Src/stm32l4xx_hal_pwr_ex.o
LOAD ./Drivers/STM32L4xx_HAL_Driver/Src/stm32l4xx_hal_rcc.o
LOAD ./Drivers/STM32L4xx_HAL_Driver/Src/stm32l4xx_hal_rcc_ex.o
LOAD ./Drivers/STM32L4xx_HAL_Driver/Src/stm32l4xx_hal_tim.o
LOAD ./Drivers/STM32L4xx_HAL_Driver/Src/stm32l4xx_hal_tim_ex.o
LOAD ./Drivers/STM32L4xx_HAL_Driver/Src/stm32l4xx_hal_uart.o
LOAD ./Drivers/STM32L4xx_HAL_Driver/Src/stm32l4xx_hal_uart_ex.o
START GROUP
LOAD C:/devel/stm32CubeIDE_1.18.1/STM32CubeIDE/plugins/com.st.stm32cube.ide.mcu.externaltools.gnu-tools-for-stm32.13.3.rel1.win32_1.0.0.202411081344/tools/bin/../lib/gcc/arm-none-eabi/13.3.1/../../../../arm-none-eabi/lib/thumb/v7e-m+fp/hard\libc_nano.a
LOAD C:/devel/stm32CubeIDE_1.18.1/STM32CubeIDE/plugins/com.st.stm32cube.ide.mcu.externaltools.gnu-tools-for-stm32.13.3.rel1.win32_1.0.0.202411081344/tools/bin/../lib/gcc/arm-none-eabi/13.3.1/../../../../arm-none-eabi/lib/thumb/v7e-m+fp/hard\libm.a
END GROUP
START GROUP
LOAD C:/devel/stm32CubeIDE_1.18.1/STM32CubeIDE/plugins/com.st.stm32cube.ide.mcu.externaltools.gnu-tools-for-stm32.13.3.rel1.win32_1.0.0.202411081344/tools/bin/../lib/gcc/arm-none-eabi/13.3.1/thumb/v7e-m+fp/hard\libgcc.a
LOAD C:/devel/stm32CubeIDE_1.18.1/STM32CubeIDE/plugins/com.st.stm32cube.ide.mcu.externaltools.gnu-tools-for-stm32.13.3.rel1.win32_1.0.0.202411081344/tools/bin/../lib/gcc/arm-none-eabi/13.3.1/../../../../arm-none-eabi/lib/thumb/v7e-m+fp/hard\libc_nano.a
END GROUP
START GROUP
LOAD C:/devel/stm32CubeIDE_1.18.1/STM32CubeIDE/plugins/com.st.stm32cube.ide.mcu.externaltools.gnu-tools-for-stm32.13.3.rel1.win32_1.0.0.202411081344/tools/bin/../lib/gcc/arm-none-eabi/13.3.1/thumb/v7e-m+fp/hard\libgcc.a
LOAD C:/devel/stm32CubeIDE_1.18.1/STM32CubeIDE/plugins/com.st.stm32cube.ide.mcu.externaltools.gnu-tools-for-stm32.13.3.rel1.win32_1.0.0.202411081344/tools/bin/../lib/gcc/arm-none-eabi/13.3.1/../../../../arm-none-eabi/lib/thumb/v7e-m+fp/hard\libc_nano.a
LOAD C:/devel/stm32CubeIDE_1.18.1/STM32CubeIDE/plugins/com.st.stm32cube.ide.mcu.externaltools.gnu-tools-for-stm32.13.3.rel1.win32_1.0.0.202411081344/tools/bin/../lib/gcc/arm-none-eabi/13.3.1/../../../../arm-none-eabi/lib/thumb/v7e-m+fp/hard\libnosys.a
END GROUP
START GROUP
LOAD C:/devel/stm32CubeIDE_1.18.1/STM32CubeIDE/plugins/com.st.stm32cube.ide.mcu.externaltools.gnu-tools-for-stm32.13.3.rel1.win32_1.0.0.202411081344/tools/bin/../lib/gcc/arm-none-eabi/13.3.1/thumb/v7e-m+fp/hard\libgcc.a
LOAD C:/devel/stm32CubeIDE_1.18.1/STM32CubeIDE/plugins/com.st.stm32cube.ide.mcu.externaltools.gnu-tools-for-stm32.13.3.rel1.win32_1.0.0.202411081344/tools/bin/../lib/gcc/arm-none-eabi/13.3.1/../../../../arm-none-eabi/lib/thumb/v7e-m+fp/hard\libc_nano.a
LOAD C:/devel/stm32CubeIDE_1.18.1/STM32CubeIDE/plugins/com.st.stm32cube.ide.mcu.externaltools.gnu-tools-for-stm32.13.3.rel1.win32_1.0.0.202411081344/tools/bin/../lib/gcc/arm-none-eabi/13.3.1/../../../../arm-none-eabi/lib/thumb/v7e-m+fp/hard\libnosys.a
END GROUP
LOAD C:/devel/stm32CubeIDE_1.18.1/STM32CubeIDE/plugins/com.st.stm32cube.ide.mcu.externaltools.gnu-tools-for-stm32.13.3.rel1.win32_1.0.0.202411081344/tools/bin/../lib/gcc/arm-none-eabi/13.3.1/thumb/v7e-m+fp/hard/crtend.o
LOAD C:/devel/stm32CubeIDE_1.18.1/STM32CubeIDE/plugins/com.st.stm32cube.ide.mcu.externaltools.gnu-tools-for-stm32.13.3.rel1.win32_1.0.0.202411081344/tools/bin/../lib/gcc/arm-none-eabi/13.3.1/thumb/v7e-m+fp/hard/crtn.o
                0x2000c000                        _estack = (ORIGIN (RAM) + LENGTH (RAM))
                0x00000200                        _Min_Heap_Size = 0x200
                0x00000400                        _Min_Stack_Size = 0x400

.isr_vector     0x08000000      0x18c
                0x08000000                        . = ALIGN (0x4)
 *(.isr_vector)
 .isr_vector    0x08000000      0x18c ./Core/Startup/startup_stm32l432kcux.o
                0x08000000                g_pfnVectors
                0x0800018c                        . = ALIGN (0x4)

.text           0x08000190    0x11f50
                0x08000190                        . = ALIGN (0x4)
 *(.text)
 .text          0x08000190       0x40 C:/devel/stm32CubeIDE_1.18.1/STM32CubeIDE/plugins/com.st.stm32cube.ide.mcu.externaltools.gnu-tools-for-stm32.13.3.rel1.win32_1.0.0.202411081344/tools/bin/../lib/gcc/arm-none-eabi/13.3.1/thumb/v7e-m+fp/hard/crtbegin.o
 .text          0x080001d0       0x10 C:/devel/stm32CubeIDE_1.18.1/STM32CubeIDE/plugins/com.st.stm32cube.ide.mcu.externaltools.gnu-tools-for-stm32.13.3.rel1.win32_1.0.0.202411081344/tools/bin/../lib/gcc/arm-none-eabi/13.3.1/../../../../arm-none-eabi/lib/thumb/v7e-m+fp/hard\libc_nano.a(libc_a-strlen.o)
                0x080001d0                strlen
 .text          0x080001e0       0xa0 C:/devel/stm32CubeIDE_1.18.1/STM32CubeIDE/plugins/com.st.stm32cube.ide.mcu.externaltools.gnu-tools-for-stm32.13.3.rel1.win32_1.0.0.202411081344/tools/bin/../lib/gcc/arm-none-eabi/13.3.1/../../../../arm-none-eabi/lib/thumb/v7e-m+fp/hard\libc_nano.a(libc_a-memchr.o)
                0x080001e0                memchr
 .text          0x08000280      0x254 C:/devel/stm32CubeIDE_1.18.1/STM32CubeIDE/plugins/com.st.stm32cube.ide.mcu.externaltools.gnu-tools-for-stm32.13.3.rel1.win32_1.0.0.202411081344/tools/bin/../lib/gcc/arm-none-eabi/13.3.1/thumb/v7e-m+fp/hard\libgcc.a(_arm_muldf3.o)
                0x08000280                __muldf3
                0x08000280                __aeabi_dmul
 .text          0x080004d4      0x378 C:/devel/stm32CubeIDE_1.18.1/STM32CubeIDE/plugins/com.st.stm32cube.ide.mcu.externaltools.gnu-tools-for-stm32.13.3.rel1.win32_1.0.0.202411081344/tools/bin/../lib/gcc/arm-none-eabi/13.3.1/thumb/v7e-m+fp/hard\libgcc.a(_arm_addsubdf3.o)
                0x080004d4                __aeabi_drsub
                0x080004dc                __aeabi_dsub
                0x080004dc                __subdf3
                0x080004e0                __aeabi_dadd
                0x080004e0                __adddf3
                0x08000758                __floatunsidf
                0x08000758                __aeabi_ui2d
                0x08000778                __floatsidf
                0x08000778                __aeabi_i2d
                0x0800079c                __aeabi_f2d
                0x0800079c                __extendsfdf2
                0x080007e0                __floatundidf
                0x080007e0                __aeabi_ul2d
                0x080007f0                __floatdidf
                0x080007f0                __aeabi_l2d
 .text          0x0800084c      0x110 C:/devel/stm32CubeIDE_1.18.1/STM32CubeIDE/plugins/com.st.stm32cube.ide.mcu.externaltools.gnu-tools-for-stm32.13.3.rel1.win32_1.0.0.202411081344/tools/bin/../lib/gcc/arm-none-eabi/13.3.1/thumb/v7e-m+fp/hard\libgcc.a(_arm_cmpdf2.o)
                0x0800084c                __gtdf2
                0x0800084c                __gedf2
                0x08000854                __ltdf2
                0x08000854                __ledf2
                0x0800085c                __nedf2
                0x0800085c                __eqdf2
                0x0800085c                __cmpdf2
                0x080008d8                __aeabi_cdrcmple
                0x080008e8                __aeabi_cdcmpeq
                0x080008e8                __aeabi_cdcmple
                0x080008f8                __aeabi_dcmpeq
                0x0800090c                __aeabi_dcmplt
                0x08000920                __aeabi_dcmple
                0x08000934                __aeabi_dcmpge
                0x08000948                __aeabi_dcmpgt
 .text          0x0800095c       0x50 C:/devel/stm32CubeIDE_1.18.1/STM32CubeIDE/plugins/com.st.stm32cube.ide.mcu.externaltools.gnu-tools-for-stm32.13.3.rel1.win32_1.0.0.202411081344/tools/bin/../lib/gcc/arm-none-eabi/13.3.1/thumb/v7e-m+fp/hard\libgcc.a(_arm_fixdfsi.o)
                0x0800095c                __aeabi_d2iz
                0x0800095c                __fixdfsi
 .text          0x080009ac       0x30 C:/devel/stm32CubeIDE_1.18.1/STM32CubeIDE/plugins/com.st.stm32cube.ide.mcu.externaltools.gnu-tools-for-stm32.13.3.rel1.win32_1.0.0.202411081344/tools/bin/../lib/gcc/arm-none-eabi/13.3.1/thumb/v7e-m+fp/hard\libgcc.a(_aeabi_uldivmod.o)
                0x080009ac                __aeabi_uldivmod
 .text          0x080009dc      0x2f8 C:/devel/stm32CubeIDE_1.18.1/STM32CubeIDE/plugins/com.st.stm32cube.ide.mcu.externaltools.gnu-tools-for-stm32.13.3.rel1.win32_1.0.0.202411081344/tools/bin/../lib/gcc/arm-none-eabi/13.3.1/thumb/v7e-m+fp/hard\libgcc.a(_udivmoddi4.o)
                0x080009dc                __udivmoddi4
 .text          0x08000cd4        0x4 C:/devel/stm32CubeIDE_1.18.1/STM32CubeIDE/plugins/com.st.stm32cube.ide.mcu.externaltools.gnu-tools-for-stm32.13.3.rel1.win32_1.0.0.202411081344/tools/bin/../lib/gcc/arm-none-eabi/13.3.1/thumb/v7e-m+fp/hard\libgcc.a(_dvmd_tls.o)
                0x08000cd4                __aeabi_idiv0
                0x08000cd4                __aeabi_ldiv0
 *(.text*)
 .text.CO_getUint8
                0x08000cd8       0x1c ./CANopenNode/301/CO_Emergency.o
 .text.CO_setUint8
                0x08000cf4       0x20 ./CANopenNode/301/CO_Emergency.o
 .text.CO_setUint32
                0x08000d14       0x1e ./CANopenNode/301/CO_Emergency.o
 .text.OD_getIndex
                0x08000d32       0x22 ./CANopenNode/301/CO_Emergency.o
 .text.OD_extension_init
                0x08000d54       0x28 ./CANopenNode/301/CO_Emergency.o
 .text.OD_get_u32
                0x08000d7c       0x2a ./CANopenNode/301/CO_Emergency.o
 .text.OD_read_1014_default
                0x08000da6       0x70 ./CANopenNode/301/CO_Emergency.o
 .text.OD_read_1003
                0x08000e16       0xda ./CANopenNode/301/CO_Emergency.o
 .text.OD_write_1003
                0x08000ef0       0x60 ./CANopenNode/301/CO_Emergency.o
 .text.CO_EM_init
                0x08000f50      0x1c0 ./CANopenNode/301/CO_Emergency.o
                0x08000f50                CO_EM_init
 .text.CO_EM_process
                0x08001110      0x296 ./CANopenNode/301/CO_Emergency.o
                0x08001110                CO_EM_process
 .text.CO_error
                0x080013a6      0x17a ./CANopenNode/301/CO_Emergency.o
                0x080013a6                CO_error
 .text.CO_getUint32
                0x08001520       0x1c ./CANopenNode/301/CO_HBconsumer.o
 .text.OD_getIndex
                0x0800153c       0x22 ./CANopenNode/301/CO_HBconsumer.o
 .text.OD_extension_init
                0x0800155e       0x28 ./CANopenNode/301/CO_HBconsumer.o
 .text.OD_get_u32
                0x08001586       0x2a ./CANopenNode/301/CO_HBconsumer.o
 .text.CO_HBcons_receive
                0x080015b0       0x3c ./CANopenNode/301/CO_HBconsumer.o
 .text.OD_write_1016
                0x080015ec       0x92 ./CANopenNode/301/CO_HBconsumer.o
 *fill*         0x0800167e        0x2 
 .text.CO_HBconsumer_init
                0x08001680      0x154 ./CANopenNode/301/CO_HBconsumer.o
                0x08001680                CO_HBconsumer_init
 .text.CO_HBconsumer_initEntry
                0x080017d4      0x12c ./CANopenNode/301/CO_HBconsumer.o
 .text.CO_HBconsumer_process
                0x08001900      0x1aa ./CANopenNode/301/CO_HBconsumer.o
                0x08001900                CO_HBconsumer_process
 .text.CO_getUint16
                0x08001aaa       0x1e ./CANopenNode/301/CO_NMT_Heartbeat.o
 .text.OD_getIndex
                0x08001ac8       0x22 ./CANopenNode/301/CO_NMT_Heartbeat.o
 .text.OD_extension_init
                0x08001aea       0x28 ./CANopenNode/301/CO_NMT_Heartbeat.o
 .text.OD_get_u16
                0x08001b12       0x2a ./CANopenNode/301/CO_NMT_Heartbeat.o
 .text.CO_isError
                0x08001b3c       0x4e ./CANopenNode/301/CO_NMT_Heartbeat.o
 .text.CO_getErrorRegister
                0x08001b8a       0x2c ./CANopenNode/301/CO_NMT_Heartbeat.o
 .text.CO_NMT_receive
                0x08001bb6       0x50 ./CANopenNode/301/CO_NMT_Heartbeat.o
 .text.OD_write_1017
                0x08001c06       0x6a ./CANopenNode/301/CO_NMT_Heartbeat.o
 .text.CO_NMT_init
                0x08001c70      0x1b4 ./CANopenNode/301/CO_NMT_Heartbeat.o
                0x08001c70                CO_NMT_init
 .text.CO_NMT_process
                0x08001e24      0x22e ./CANopenNode/301/CO_NMT_Heartbeat.o
                0x08001e24                CO_NMT_process
 .text.CO_NMT_sendCommand
                0x08002052       0x5c ./CANopenNode/301/CO_NMT_Heartbeat.o
                0x08002052                CO_NMT_sendCommand
 .text.OD_readOriginal
                0x080020ae       0xb0 ./CANopenNode/301/CO_ODinterface.o
                0x080020ae                OD_readOriginal
 .text.OD_writeOriginal
                0x0800215e       0xda ./CANopenNode/301/CO_ODinterface.o
                0x0800215e                OD_writeOriginal
 .text.OD_readDisabled
                0x08002238       0x1c ./CANopenNode/301/CO_ODinterface.o
 .text.OD_writeDisabled
                0x08002254       0x1c ./CANopenNode/301/CO_ODinterface.o
 .text.OD_find  0x08002270       0xb8 ./CANopenNode/301/CO_ODinterface.o
                0x08002270                OD_find
 .text.OD_getSub
                0x08002328      0x210 ./CANopenNode/301/CO_ODinterface.o
                0x08002328                OD_getSub
 .text.OD_getSDOabCode
                0x08002538       0x3c ./CANopenNode/301/CO_ODinterface.o
                0x08002538                OD_getSDOabCode
 .text.OD_get_value
                0x08002574       0x7a ./CANopenNode/301/CO_ODinterface.o
                0x08002574                OD_get_value
 .text.OD_set_value
                0x080025ee       0x7a ./CANopenNode/301/CO_ODinterface.o
                0x080025ee                OD_set_value
 .text.OD_getPtr
                0x08002668       0x86 ./CANopenNode/301/CO_ODinterface.o
                0x08002668                OD_getPtr
 .text.CO_getUint8
                0x080026ee       0x1c ./CANopenNode/301/CO_PDO.o
 .text.CO_getUint16
                0x0800270a       0x1e ./CANopenNode/301/CO_PDO.o
 .text.CO_getUint32
                0x08002728       0x1c ./CANopenNode/301/CO_PDO.o
 .text.CO_setUint32
                0x08002744       0x1e ./CANopenNode/301/CO_PDO.o
 .text.OD_getIndex
                0x08002762       0x22 ./CANopenNode/301/CO_PDO.o
 .text.OD_extension_init
                0x08002784       0x28 ./CANopenNode/301/CO_PDO.o
 .text.OD_get_u8
                0x080027ac       0x2a ./CANopenNode/301/CO_PDO.o
 .text.OD_get_u16
                0x080027d6       0x2a ./CANopenNode/301/CO_PDO.o
 .text.OD_get_u32
                0x08002800       0x2a ./CANopenNode/301/CO_PDO.o
 .text.OD_write_dummy
                0x0800282a       0x28 ./CANopenNode/301/CO_PDO.o
 .text.OD_read_dummy
                0x08002852       0x4e ./CANopenNode/301/CO_PDO.o
 .text.PDOconfigMap
                0x080028a0      0x17c ./CANopenNode/301/CO_PDO.o
 .text.PDO_initMapping
                0x08002a1c      0x154 ./CANopenNode/301/CO_PDO.o
 .text.OD_write_PDO_mapping
                0x08002b70      0x132 ./CANopenNode/301/CO_PDO.o
 .text.OD_read_PDO_commParam
                0x08002ca2       0x9c ./CANopenNode/301/CO_PDO.o
 .text.CO_PDO_receive
                0x08002d3e       0xbc ./CANopenNode/301/CO_PDO.o
 *fill*         0x08002dfa        0x2 
 .text.OD_write_14xx
                0x08002dfc      0x240 ./CANopenNode/301/CO_PDO.o
 .text.CO_RPDO_init
                0x0800303c      0x284 ./CANopenNode/301/CO_PDO.o
                0x0800303c                CO_RPDO_init
 .text.CO_RPDO_process
                0x080032c0      0x296 ./CANopenNode/301/CO_PDO.o
                0x080032c0                CO_RPDO_process
 *fill*         0x08003556        0x2 
 .text.OD_write_18xx
                0x08003558      0x2a4 ./CANopenNode/301/CO_PDO.o
 .text.CO_TPDO_init
                0x080037fc      0x2e0 ./CANopenNode/301/CO_PDO.o
                0x080037fc                CO_TPDO_init
 .text.CO_TPDOsend
                0x08003adc      0x188 ./CANopenNode/301/CO_PDO.o
 .text.CO_TPDO_process
                0x08003c64      0x200 ./CANopenNode/301/CO_PDO.o
                0x08003c64                CO_TPDO_process
 .text.CO_getUint8
                0x08003e64       0x1c ./CANopenNode/301/CO_SDOserver.o
 .text.CO_getUint32
                0x08003e80       0x1c ./CANopenNode/301/CO_SDOserver.o
 .text.OD_getIndex
                0x08003e9c       0x22 ./CANopenNode/301/CO_SDOserver.o
 .text.OD_extension_init
                0x08003ebe       0x28 ./CANopenNode/301/CO_SDOserver.o
 .text.OD_get_u8
                0x08003ee6       0x2a ./CANopenNode/301/CO_SDOserver.o
 .text.OD_get_u32
                0x08003f10       0x2a ./CANopenNode/301/CO_SDOserver.o
 .text.OD_set_u32
                0x08003f3a       0x2a ./CANopenNode/301/CO_SDOserver.o
 .text.CO_SDO_receive
                0x08003f64       0x54 ./CANopenNode/301/CO_SDOserver.o
 .text.CO_SDOserver_init_canRxTx
                0x08003fb8       0xd8 ./CANopenNode/301/CO_SDOserver.o
 .text.OD_write_1201_additional
                0x08004090      0x224 ./CANopenNode/301/CO_SDOserver.o
 .text.CO_SDOserver_init
                0x080042b4      0x228 ./CANopenNode/301/CO_SDOserver.o
                0x080042b4                CO_SDOserver_init
 .text.validateAndWriteToOD
                0x080044dc      0x220 ./CANopenNode/301/CO_SDOserver.o
 .text.readFromOd
                0x080046fc      0x18c ./CANopenNode/301/CO_SDOserver.o
 .text.CO_SDOserver_process
                0x08004888      0xa34 ./CANopenNode/301/CO_SDOserver.o
                0x08004888                CO_SDOserver_process
 .text.CO_getUint8
                0x080052bc       0x1c ./CANopenNode/301/CO_SYNC.o
 .text.CO_getUint32
                0x080052d8       0x1c ./CANopenNode/301/CO_SYNC.o
 .text.OD_getIndex
                0x080052f4       0x22 ./CANopenNode/301/CO_SYNC.o
 .text.OD_extension_init
                0x08005316       0x28 ./CANopenNode/301/CO_SYNC.o
 .text.OD_get_u8
                0x0800533e       0x2a ./CANopenNode/301/CO_SYNC.o
 .text.OD_get_u32
                0x08005368       0x2a ./CANopenNode/301/CO_SYNC.o
 .text.CO_SYNCsend
                0x08005392       0x64 ./CANopenNode/301/CO_SYNC.o
 .text.CO_SYNC_receive
                0x080053f6       0x8c ./CANopenNode/301/CO_SYNC.o
 *fill*         0x08005482        0x2 
 .text.OD_write_1005
                0x08005484      0x188 ./CANopenNode/301/CO_SYNC.o
 .text.OD_write_1019
                0x0800560c       0xbc ./CANopenNode/301/CO_SYNC.o
 .text.CO_SYNC_init
                0x080056c8      0x24c ./CANopenNode/301/CO_SYNC.o
                0x080056c8                CO_SYNC_init
 .text.CO_SYNC_process
                0x08005914      0x172 ./CANopenNode/301/CO_SYNC.o
                0x08005914                CO_SYNC_process
 .text.CO_getUint16
                0x08005a86       0x1e ./CANopenNode/301/CO_TIME.o
 .text.CO_getUint32
                0x08005aa4       0x1c ./CANopenNode/301/CO_TIME.o
 .text.OD_getIndex
                0x08005ac0       0x22 ./CANopenNode/301/CO_TIME.o
 .text.OD_extension_init
                0x08005ae2       0x28 ./CANopenNode/301/CO_TIME.o
 .text.OD_get_u32
                0x08005b0a       0x2a ./CANopenNode/301/CO_TIME.o
 .text.CO_TIME_receive
                0x08005b34       0x3a ./CANopenNode/301/CO_TIME.o
 *fill*         0x08005b6e        0x2 
 .text.OD_write_1012
                0x08005b70       0xe4 ./CANopenNode/301/CO_TIME.o
 .text.CO_TIME_init
                0x08005c54      0x100 ./CANopenNode/301/CO_TIME.o
                0x08005c54                CO_TIME_init
 .text.CO_TIME_process
                0x08005d54       0xec ./CANopenNode/301/CO_TIME.o
                0x08005d54                CO_TIME_process
 .text.CO_LEDs_init
                0x08005e40       0x2e ./CANopenNode/303/CO_LEDs.o
                0x08005e40                CO_LEDs_init
 *fill*         0x08005e6e        0x2 
 .text.CO_LEDs_process
                0x08005e70      0x360 ./CANopenNode/303/CO_LEDs.o
                0x08005e70                CO_LEDs_process
 .text.CO_LSSslave_receive
                0x080061d0      0x2c8 ./CANopenNode/305/CO_LSSslave.o
 .text.CO_LSSslave_init
                0x08006498       0xec ./CANopenNode/305/CO_LSSslave.o
                0x08006498                CO_LSSslave_init
 .text.CO_LSSslave_process
                0x08006584      0x428 ./CANopenNode/305/CO_LSSslave.o
                0x08006584                CO_LSSslave_process
 .text.CO_isError
                0x080069ac       0x4e ./CANopenNode/CANopen.o
 .text.CO_getErrorRegister
                0x080069fa       0x2c ./CANopenNode/CANopen.o
 .text.CO_NMT_getInternalState
                0x08006a26       0x24 ./CANopenNode/CANopen.o
 .text.CO_LSSslave_getState
                0x08006a4a       0x22 ./CANopenNode/CANopen.o
 .text.CO_new   0x08006a6c      0x254 ./CANopenNode/CANopen.o
                0x08006a6c                CO_new
 .text.CO_delete
                0x08006cc0       0xbe ./CANopenNode/CANopen.o
                0x08006cc0                CO_delete
 .text.CO_CANinit
                0x08006d7e       0x58 ./CANopenNode/CANopen.o
                0x08006d7e                CO_CANinit
 .text.CO_LSSinit
                0x08006dd6       0x58 ./CANopenNode/CANopen.o
                0x08006dd6                CO_LSSinit
 *fill*         0x08006e2e        0x2 
 .text.CO_CANopenInit
                0x08006e30      0x294 ./CANopenNode/CANopen.o
                0x08006e30                CO_CANopenInit
 .text.CO_CANopenInitPDO
                0x080070c4      0x194 ./CANopenNode/CANopen.o
                0x080070c4                CO_CANopenInitPDO
 .text.CO_process
                0x08007258      0x1f0 ./CANopenNode/CANopen.o
                0x08007258                CO_process
 .text.CO_process_SYNC
                0x08007448       0x86 ./CANopenNode/CANopen.o
                0x08007448                CO_process_SYNC
 .text.CO_process_RPDO
                0x080074ce       0x68 ./CANopenNode/CANopen.o
                0x080074ce                CO_process_RPDO
 .text.CO_process_TPDO
                0x08007536       0x68 ./CANopenNode/CANopen.o
                0x08007536                CO_process_TPDO
 *fill*         0x0800759e        0x2 
 .text.canopen_app_init
                0x080075a0       0x68 ./CANopenNode_STM32/CO_app_STM32.o
                0x080075a0                canopen_app_init
 .text.canopen_app_resetCommunication
                0x08007608      0x248 ./CANopenNode_STM32/CO_app_STM32.o
                0x08007608                canopen_app_resetCommunication
 .text.canopen_app_process
                0x08007850       0xd8 ./CANopenNode_STM32/CO_app_STM32.o
                0x08007850                canopen_app_process
 .text.canopen_app_interrupt
                0x08007928       0x84 ./CANopenNode_STM32/CO_app_STM32.o
                0x08007928                canopen_app_interrupt
 .text.CO_CANsetConfigurationMode
                0x080079ac       0x20 ./CANopenNode_STM32/CO_driver_STM32.o
                0x080079ac                CO_CANsetConfigurationMode
 .text.CO_CANsetNormalMode
                0x080079cc       0x30 ./CANopenNode_STM32/CO_driver_STM32.o
                0x080079cc                CO_CANsetNormalMode
 .text.CO_CANmodule_init
                0x080079fc      0x178 ./CANopenNode_STM32/CO_driver_STM32.o
                0x080079fc                CO_CANmodule_init
 .text.CO_CANmodule_disable
                0x08007b74       0x2a ./CANopenNode_STM32/CO_driver_STM32.o
                0x08007b74                CO_CANmodule_disable
 *fill*         0x08007b9e        0x2 
 .text.CO_CANrxBufferInit
                0x08007ba0       0xbc ./CANopenNode_STM32/CO_driver_STM32.o
                0x08007ba0                CO_CANrxBufferInit
 .text.CO_CANtxBufferInit
                0x08007c5c       0x74 ./CANopenNode_STM32/CO_driver_STM32.o
                0x08007c5c                CO_CANtxBufferInit
 .text.prv_send_can_message
                0x08007cd0       0x80 ./CANopenNode_STM32/CO_driver_STM32.o
 .text.CO_CANsend
                0x08007d50       0x8e ./CANopenNode_STM32/CO_driver_STM32.o
                0x08007d50                CO_CANsend
 .text.CO_CANclearPendingSyncPDOs
                0x08007dde       0xcc ./CANopenNode_STM32/CO_driver_STM32.o
                0x08007dde                CO_CANclearPendingSyncPDOs
 .text.CO_CANmodule_process
                0x08007eaa       0x90 ./CANopenNode_STM32/CO_driver_STM32.o
                0x08007eaa                CO_CANmodule_process
 *fill*         0x08007f3a        0x2 
 .text.prv_read_can_received_msg
                0x08007f3c       0xd8 ./CANopenNode_STM32/CO_driver_STM32.o
 .text.HAL_CAN_RxFifo0MsgPendingCallback
                0x08008014       0x1a ./CANopenNode_STM32/CO_driver_STM32.o
                0x08008014                HAL_CAN_RxFifo0MsgPendingCallback
 .text.HAL_CAN_RxFifo1MsgPendingCallback
                0x0800802e       0x1a ./CANopenNode_STM32/CO_driver_STM32.o
                0x0800802e                HAL_CAN_RxFifo1MsgPendingCallback
 .text.CO_CANinterrupt_TX
                0x08008048       0x9c ./CANopenNode_STM32/CO_driver_STM32.o
                0x08008048                CO_CANinterrupt_TX
 .text.HAL_CAN_TxMailbox0CompleteCallback
                0x080080e4       0x20 ./CANopenNode_STM32/CO_driver_STM32.o
                0x080080e4                HAL_CAN_TxMailbox0CompleteCallback
 .text.HAL_CAN_TxMailbox1CompleteCallback
                0x08008104       0x20 ./CANopenNode_STM32/CO_driver_STM32.o
                0x08008104                HAL_CAN_TxMailbox1CompleteCallback
 .text.HAL_CAN_TxMailbox2CompleteCallback
                0x08008124       0x20 ./CANopenNode_STM32/CO_driver_STM32.o
                0x08008124                HAL_CAN_TxMailbox2CompleteCallback
 .text.CO_TPDOsendRequest
                0x08008144       0x22 ./Core/Src/DriveProcess.o
 *fill*         0x08008166        0x2 
 .text.driveProcess
                0x08008168      0x820 ./Core/Src/DriveProcess.o
                0x08008168                driveProcess
 .text.CO_TPDOsendRequest
                0x08008988       0x22 ./Core/Src/SteeringProcess.o
 *fill*         0x080089aa        0x2 
 .text.steeringProcess
                0x080089ac      0xa38 ./Core/Src/SteeringProcess.o
                0x080089ac                steeringProcess
 .text.target_position
                0x080093e4       0x48 ./Core/Src/SteeringProcess.o
                0x080093e4                target_position
 *fill*         0x0800942c        0x4 
 .text.sendSinus
                0x08009430       0x80 ./Core/Src/SteeringProcess.o
                0x08009430                sendSinus
 .text.Event_init
                0x080094b0       0x26 ./Core/Src/event.o
                0x080094b0                Event_init
 .text.Event_setPE
                0x080094d6       0x1c ./Core/Src/event.o
                0x080094d6                Event_setPE
 .text.Event_setId
                0x080094f2       0x1e ./Core/Src/event.o
                0x080094f2                Event_setId
 .text.Event_setDelay
                0x08009510       0x1e ./Core/Src/event.o
                0x08009510                Event_setDelay
 .text.Event_getDelay
                0x0800952e       0x18 ./Core/Src/event.o
                0x0800952e                Event_getDelay
 .text.OD_extension_init
                0x08009546       0x28 ./Core/Src/main.o
 .text.CO_TPDOsendRequest
                0x0800956e       0x22 ./Core/Src/main.o
 .text.physicalButtonDCDC
                0x08009590       0x80 ./Core/Src/main.o
                0x08009590                physicalButtonDCDC
 .text.mapCallbacks
                0x08009610       0x3c ./Core/Src/main.o
                0x08009610                mapCallbacks
 .text.HAL_TIM_PeriodElapsedCallback
                0x0800964c       0x18 ./Core/Src/main.o
                0x0800964c                HAL_TIM_PeriodElapsedCallback
 .text.HAL_ADCEx_InjectedConvCpltCallback
                0x08009664       0x44 ./Core/Src/main.o
                0x08009664                HAL_ADCEx_InjectedConvCpltCallback
 .text.main     0x080096a8       0xec ./Core/Src/main.o
                0x080096a8                main
 .text.SystemClock_Config
                0x08009794       0xa2 ./Core/Src/main.o
                0x08009794                SystemClock_Config
 *fill*         0x08009836        0x2 
 .text.MX_ADC1_Init
                0x08009838      0x10c ./Core/Src/main.o
 .text.MX_CAN1_Init
                0x08009944       0x6c ./Core/Src/main.o
 .text.MX_DAC1_Init
                0x080099b0       0x64 ./Core/Src/main.o
 .text.MX_I2C1_Init
                0x08009a14       0x80 ./Core/Src/main.o
 .text.MX_TIM2_Init
                0x08009a94       0x9c ./Core/Src/main.o
 .text.MX_USART2_UART_Init
                0x08009b30       0x60 ./Core/Src/main.o
 .text.MX_DMA_Init
                0x08009b90       0x3c ./Core/Src/main.o
 .text.MX_GPIO_Init
                0x08009bcc       0xe4 ./Core/Src/main.o
 .text.Error_Handler
                0x08009cb0        0xc ./Core/Src/main.o
                0x08009cb0                Error_Handler
 .text.HAL_MspInit
                0x08009cbc       0x48 ./Core/Src/stm32l4xx_hal_msp.o
                0x08009cbc                HAL_MspInit
 .text.HAL_ADC_MspInit
                0x08009d04      0x138 ./Core/Src/stm32l4xx_hal_msp.o
                0x08009d04                HAL_ADC_MspInit
 .text.HAL_CAN_MspInit
                0x08009e3c       0xa8 ./Core/Src/stm32l4xx_hal_msp.o
                0x08009e3c                HAL_CAN_MspInit
 .text.HAL_DAC_MspInit
                0x08009ee4       0x7c ./Core/Src/stm32l4xx_hal_msp.o
                0x08009ee4                HAL_DAC_MspInit
 .text.HAL_I2C_MspInit
                0x08009f60       0xb4 ./Core/Src/stm32l4xx_hal_msp.o
                0x08009f60                HAL_I2C_MspInit
 .text.HAL_TIM_Base_MspInit
                0x0800a014       0x48 ./Core/Src/stm32l4xx_hal_msp.o
                0x0800a014                HAL_TIM_Base_MspInit
 .text.HAL_UART_MspInit
                0x0800a05c       0xd4 ./Core/Src/stm32l4xx_hal_msp.o
                0x0800a05c                HAL_UART_MspInit
 .text.NMI_Handler
                0x0800a130        0x8 ./Core/Src/stm32l4xx_it.o
                0x0800a130                NMI_Handler
 .text.HardFault_Handler
                0x0800a138        0x8 ./Core/Src/stm32l4xx_it.o
                0x0800a138                HardFault_Handler
 .text.MemManage_Handler
                0x0800a140        0x8 ./Core/Src/stm32l4xx_it.o
                0x0800a140                MemManage_Handler
 .text.BusFault_Handler
                0x0800a148        0x8 ./Core/Src/stm32l4xx_it.o
                0x0800a148                BusFault_Handler
 .text.UsageFault_Handler
                0x0800a150        0x8 ./Core/Src/stm32l4xx_it.o
                0x0800a150                UsageFault_Handler
 .text.SVC_Handler
                0x0800a158        0xe ./Core/Src/stm32l4xx_it.o
                0x0800a158                SVC_Handler
 .text.DebugMon_Handler
                0x0800a166        0xe ./Core/Src/stm32l4xx_it.o
                0x0800a166                DebugMon_Handler
 .text.PendSV_Handler
                0x0800a174        0xe ./Core/Src/stm32l4xx_it.o
                0x0800a174                PendSV_Handler
 .text.SysTick_Handler
                0x0800a182        0xc ./Core/Src/stm32l4xx_it.o
                0x0800a182                SysTick_Handler
 *fill*         0x0800a18e        0x2 
 .text.DMA1_Channel1_IRQHandler
                0x0800a190       0x14 ./Core/Src/stm32l4xx_it.o
                0x0800a190                DMA1_Channel1_IRQHandler
 .text.ADC1_IRQHandler
                0x0800a1a4       0x14 ./Core/Src/stm32l4xx_it.o
                0x0800a1a4                ADC1_IRQHandler
 .text.CAN1_TX_IRQHandler
                0x0800a1b8       0x14 ./Core/Src/stm32l4xx_it.o
                0x0800a1b8                CAN1_TX_IRQHandler
 .text.CAN1_RX0_IRQHandler
                0x0800a1cc       0x14 ./Core/Src/stm32l4xx_it.o
                0x0800a1cc                CAN1_RX0_IRQHandler
 .text.TIM2_IRQHandler
                0x0800a1e0       0x14 ./Core/Src/stm32l4xx_it.o
                0x0800a1e0                TIM2_IRQHandler
 .text._read    0x0800a1f4       0x3a ./Core/Src/syscalls.o
                0x0800a1f4                _read
 .text._write   0x0800a22e       0x38 ./Core/Src/syscalls.o
                0x0800a22e                _write
 .text._close   0x0800a266       0x18 ./Core/Src/syscalls.o
                0x0800a266                _close
 .text._fstat   0x0800a27e       0x20 ./Core/Src/syscalls.o
                0x0800a27e                _fstat
 .text._isatty  0x0800a29e       0x16 ./Core/Src/syscalls.o
                0x0800a29e                _isatty
 .text._lseek   0x0800a2b4       0x1a ./Core/Src/syscalls.o
                0x0800a2b4                _lseek
 *fill*         0x0800a2ce        0x2 
 .text._sbrk    0x0800a2d0       0x6c ./Core/Src/sysmem.o
                0x0800a2d0                _sbrk
 .text.SystemInit
                0x0800a33c       0x24 ./Core/Src/system_stm32l4xx.o
                0x0800a33c                SystemInit
 .text.XF_noMoreEvent
                0x0800a360        0x8 ./Core/Src/xf.o
                0x0800a360                XF_noMoreEvent
 .text.XF_noMoreTimer
                0x0800a368        0x8 ./Core/Src/xf.o
                0x0800a368                XF_noMoreTimer
 .text.XF_init  0x0800a370       0x88 ./Core/Src/xf.o
                0x0800a370                XF_init
 .text.XF_pushEvent
                0x0800a3f8       0xec ./Core/Src/xf.o
                0x0800a3f8                XF_pushEvent
 .text.XF_popEvent
                0x0800a4e4       0xc4 ./Core/Src/xf.o
                0x0800a4e4                XF_popEvent
 .text.XF_scheduleTimer
                0x0800a5a8       0xb4 ./Core/Src/xf.o
                0x0800a5a8                XF_scheduleTimer
 .text.XF_unscheduleTimer
                0x0800a65c       0x58 ./Core/Src/xf.o
                0x0800a65c                XF_unscheduleTimer
 .text.XF_decrementAndQueueTimers
                0x0800a6b4       0x94 ./Core/Src/xf.o
                0x0800a6b4                XF_decrementAndQueueTimers
 .text.ENTERCRITICAL
                0x0800a748       0x26 ./Core/Src/xf.o
 .text.LEAVECRITICAL
                0x0800a76e       0x26 ./Core/Src/xf.o
 .text.XF_post  0x0800a794       0x62 ./Core/Src/xf.o
                0x0800a794                XF_post
 .text.XF_executeOnce
                0x0800a7f6       0x26 ./Core/Src/xf.o
                0x0800a7f6                XF_executeOnce
 .text.Reset_Handler
                0x0800a81c       0x50 ./Core/Startup/startup_stm32l432kcux.o
                0x0800a81c                Reset_Handler
 .text.Default_Handler
                0x0800a86c        0x2 ./Core/Startup/startup_stm32l432kcux.o
                0x0800a86c                RTC_Alarm_IRQHandler
                0x0800a86c                EXTI2_IRQHandler
                0x0800a86c                TIM1_CC_IRQHandler
                0x0800a86c                TSC_IRQHandler
                0x0800a86c                TAMP_STAMP_IRQHandler
                0x0800a86c                EXTI3_IRQHandler
                0x0800a86c                LPTIM2_IRQHandler
                0x0800a86c                I2C3_ER_IRQHandler
                0x0800a86c                EXTI0_IRQHandler
                0x0800a86c                FPU_IRQHandler
                0x0800a86c                TIM1_UP_TIM16_IRQHandler
                0x0800a86c                SPI1_IRQHandler
                0x0800a86c                TIM6_DAC_IRQHandler
                0x0800a86c                DMA2_Channel2_IRQHandler
                0x0800a86c                DMA1_Channel4_IRQHandler
                0x0800a86c                DMA1_Channel7_IRQHandler
                0x0800a86c                CAN1_RX1_IRQHandler
                0x0800a86c                DMA2_Channel1_IRQHandler
                0x0800a86c                QUADSPI_IRQHandler
                0x0800a86c                I2C1_EV_IRQHandler
                0x0800a86c                DMA1_Channel6_IRQHandler
                0x0800a86c                DMA2_Channel4_IRQHandler
                0x0800a86c                RCC_IRQHandler
                0x0800a86c                TIM1_TRG_COM_IRQHandler
                0x0800a86c                Default_Handler
                0x0800a86c                DMA2_Channel7_IRQHandler
                0x0800a86c                EXTI15_10_IRQHandler
                0x0800a86c                TIM7_IRQHandler
                0x0800a86c                I2C3_EV_IRQHandler
                0x0800a86c                USB_IRQHandler
                0x0800a86c                EXTI9_5_IRQHandler
                0x0800a86c                RTC_WKUP_IRQHandler
                0x0800a86c                PVD_PVM_IRQHandler
                0x0800a86c                DMA2_Channel5_IRQHandler
                0x0800a86c                CRS_IRQHandler
                0x0800a86c                DMA1_Channel5_IRQHandler
                0x0800a86c                EXTI4_IRQHandler
                0x0800a86c                RNG_IRQHandler
                0x0800a86c                DMA1_Channel3_IRQHandler
                0x0800a86c                COMP_IRQHandler
                0x0800a86c                WWDG_IRQHandler
                0x0800a86c                LPUART1_IRQHandler
                0x0800a86c                DMA2_Channel6_IRQHandler
                0x0800a86c                EXTI1_IRQHandler
                0x0800a86c                USART2_IRQHandler
                0x0800a86c                DMA1_Channel2_IRQHandler
                0x0800a86c                CAN1_SCE_IRQHandler
                0x0800a86c                FLASH_IRQHandler
                0x0800a86c                USART1_IRQHandler
                0x0800a86c                SPI3_IRQHandler
                0x0800a86c                I2C1_ER_IRQHandler
                0x0800a86c                SWPMI1_IRQHandler
                0x0800a86c                LPTIM1_IRQHandler
                0x0800a86c                SAI1_IRQHandler
                0x0800a86c                DMA2_Channel3_IRQHandler
                0x0800a86c                TIM1_BRK_TIM15_IRQHandler
 .text.HAL_Init
                0x0800a86e       0x30 ./Drivers/STM32L4xx_HAL_Driver/Src/stm32l4xx_hal.o
                0x0800a86e                HAL_Init
 *fill*         0x0800a89e        0x2 
 .text.HAL_InitTick
                0x0800a8a0       0x78 ./Drivers/STM32L4xx_HAL_Driver/Src/stm32l4xx_hal.o
                0x0800a8a0                HAL_InitTick
 .text.HAL_IncTick
                0x0800a918       0x28 ./Drivers/STM32L4xx_HAL_Driver/Src/stm32l4xx_hal.o
                0x0800a918                HAL_IncTick
 .text.HAL_GetTick
                0x0800a940       0x18 ./Drivers/STM32L4xx_HAL_Driver/Src/stm32l4xx_hal.o
                0x0800a940                HAL_GetTick
 .text.HAL_Delay
                0x0800a958       0x48 ./Drivers/STM32L4xx_HAL_Driver/Src/stm32l4xx_hal.o
                0x0800a958                HAL_Delay
 .text.LL_ADC_SetCommonClock
                0x0800a9a0       0x26 ./Drivers/STM32L4xx_HAL_Driver/Src/stm32l4xx_hal_adc.o
 .text.LL_ADC_GetCommonPathInternalCh
                0x0800a9c6       0x1c ./Drivers/STM32L4xx_HAL_Driver/Src/stm32l4xx_hal_adc.o
 .text.LL_ADC_REG_IsTriggerSourceSWStart
                0x0800a9e2       0x26 ./Drivers/STM32L4xx_HAL_Driver/Src/stm32l4xx_hal_adc.o
 .text.LL_ADC_INJ_IsTriggerSourceSWStart
                0x0800aa08       0x26 ./Drivers/STM32L4xx_HAL_Driver/Src/stm32l4xx_hal_adc.o
 .text.LL_ADC_DisableDeepPowerDown
                0x0800aa2e       0x24 ./Drivers/STM32L4xx_HAL_Driver/Src/stm32l4xx_hal_adc.o
 .text.LL_ADC_IsDeepPowerDownEnabled
                0x0800aa52       0x28 ./Drivers/STM32L4xx_HAL_Driver/Src/stm32l4xx_hal_adc.o
 .text.LL_ADC_EnableInternalRegulator
                0x0800aa7a       0x28 ./Drivers/STM32L4xx_HAL_Driver/Src/stm32l4xx_hal_adc.o
 .text.LL_ADC_IsInternalRegulatorEnabled
                0x0800aaa2       0x28 ./Drivers/STM32L4xx_HAL_Driver/Src/stm32l4xx_hal_adc.o
 .text.LL_ADC_Enable
                0x0800aaca       0x28 ./Drivers/STM32L4xx_HAL_Driver/Src/stm32l4xx_hal_adc.o
 .text.LL_ADC_IsEnabled
                0x0800aaf2       0x26 ./Drivers/STM32L4xx_HAL_Driver/Src/stm32l4xx_hal_adc.o
 .text.LL_ADC_REG_IsConversionOngoing
                0x0800ab18       0x26 ./Drivers/STM32L4xx_HAL_Driver/Src/stm32l4xx_hal_adc.o
 .text.LL_ADC_INJ_IsConversionOngoing
                0x0800ab3e       0x26 ./Drivers/STM32L4xx_HAL_Driver/Src/stm32l4xx_hal_adc.o
 .text.HAL_ADC_Init
                0x0800ab64      0x284 ./Drivers/STM32L4xx_HAL_Driver/Src/stm32l4xx_hal_adc.o
                0x0800ab64                HAL_ADC_Init
 .text.HAL_ADC_IRQHandler
                0x0800ade8      0x368 ./Drivers/STM32L4xx_HAL_Driver/Src/stm32l4xx_hal_adc.o
                0x0800ade8                HAL_ADC_IRQHandler
 .text.HAL_ADC_ConvCpltCallback
                0x0800b150       0x14 ./Drivers/STM32L4xx_HAL_Driver/Src/stm32l4xx_hal_adc.o
                0x0800b150                HAL_ADC_ConvCpltCallback
 .text.HAL_ADC_LevelOutOfWindowCallback
                0x0800b164       0x14 ./Drivers/STM32L4xx_HAL_Driver/Src/stm32l4xx_hal_adc.o
                0x0800b164                HAL_ADC_LevelOutOfWindowCallback
 .text.HAL_ADC_ErrorCallback
                0x0800b178       0x14 ./Drivers/STM32L4xx_HAL_Driver/Src/stm32l4xx_hal_adc.o
                0x0800b178                HAL_ADC_ErrorCallback
 .text.ADC_Enable
                0x0800b18c      0x10c ./Drivers/STM32L4xx_HAL_Driver/Src/stm32l4xx_hal_adc.o
                0x0800b18c                ADC_Enable
 .text.LL_ADC_SetCommonPathInternalCh
                0x0800b298       0x26 ./Drivers/STM32L4xx_HAL_Driver/Src/stm32l4xx_hal_adc_ex.o
 .text.LL_ADC_GetCommonPathInternalCh
                0x0800b2be       0x1c ./Drivers/STM32L4xx_HAL_Driver/Src/stm32l4xx_hal_adc_ex.o
 *fill*         0x0800b2da        0x2 
 .text.LL_ADC_SetOffset
                0x0800b2dc       0x48 ./Drivers/STM32L4xx_HAL_Driver/Src/stm32l4xx_hal_adc_ex.o
 .text.LL_ADC_GetOffsetChannel
                0x0800b324       0x2c ./Drivers/STM32L4xx_HAL_Driver/Src/stm32l4xx_hal_adc_ex.o
 .text.LL_ADC_SetOffsetState
                0x0800b350       0x36 ./Drivers/STM32L4xx_HAL_Driver/Src/stm32l4xx_hal_adc_ex.o
 .text.LL_ADC_INJ_GetTrigAuto
                0x0800b386       0x1c ./Drivers/STM32L4xx_HAL_Driver/Src/stm32l4xx_hal_adc_ex.o
 .text.LL_ADC_INJ_SetQueueMode
                0x0800b3a2       0x2a ./Drivers/STM32L4xx_HAL_Driver/Src/stm32l4xx_hal_adc_ex.o
 .text.LL_ADC_SetChannelSamplingTime
                0x0800b3cc       0x56 ./Drivers/STM32L4xx_HAL_Driver/Src/stm32l4xx_hal_adc_ex.o
 *fill*         0x0800b422        0x2 
 .text.LL_ADC_SetChannelSingleDiff
                0x0800b424       0x48 ./Drivers/STM32L4xx_HAL_Driver/Src/stm32l4xx_hal_adc_ex.o
 .text.LL_ADC_IsEnabled
                0x0800b46c       0x26 ./Drivers/STM32L4xx_HAL_Driver/Src/stm32l4xx_hal_adc_ex.o
 .text.LL_ADC_REG_IsConversionOngoing
                0x0800b492       0x26 ./Drivers/STM32L4xx_HAL_Driver/Src/stm32l4xx_hal_adc_ex.o
 .text.LL_ADC_INJ_StartConversion
                0x0800b4b8       0x28 ./Drivers/STM32L4xx_HAL_Driver/Src/stm32l4xx_hal_adc_ex.o
 .text.LL_ADC_INJ_IsConversionOngoing
                0x0800b4e0       0x26 ./Drivers/STM32L4xx_HAL_Driver/Src/stm32l4xx_hal_adc_ex.o
 .text.HAL_ADCEx_InjectedStart_IT
                0x0800b506      0x14e ./Drivers/STM32L4xx_HAL_Driver/Src/stm32l4xx_hal_adc_ex.o
                0x0800b506                HAL_ADCEx_InjectedStart_IT
 .text.HAL_ADCEx_InjectedGetValue
                0x0800b654       0x6e ./Drivers/STM32L4xx_HAL_Driver/Src/stm32l4xx_hal_adc_ex.o
                0x0800b654                HAL_ADCEx_InjectedGetValue
 .text.HAL_ADCEx_InjectedQueueOverflowCallback
                0x0800b6c2       0x14 ./Drivers/STM32L4xx_HAL_Driver/Src/stm32l4xx_hal_adc_ex.o
                0x0800b6c2                HAL_ADCEx_InjectedQueueOverflowCallback
 .text.HAL_ADCEx_LevelOutOfWindow2Callback
                0x0800b6d6       0x14 ./Drivers/STM32L4xx_HAL_Driver/Src/stm32l4xx_hal_adc_ex.o
                0x0800b6d6                HAL_ADCEx_LevelOutOfWindow2Callback
 .text.HAL_ADCEx_LevelOutOfWindow3Callback
                0x0800b6ea       0x14 ./Drivers/STM32L4xx_HAL_Driver/Src/stm32l4xx_hal_adc_ex.o
                0x0800b6ea                HAL_ADCEx_LevelOutOfWindow3Callback
 .text.HAL_ADCEx_EndOfSamplingCallback
                0x0800b6fe       0x14 ./Drivers/STM32L4xx_HAL_Driver/Src/stm32l4xx_hal_adc_ex.o
                0x0800b6fe                HAL_ADCEx_EndOfSamplingCallback
 *fill*         0x0800b712        0x2 
 .text.HAL_ADCEx_InjectedConfigChannel
                0x0800b714      0x940 ./Drivers/STM32L4xx_HAL_Driver/Src/stm32l4xx_hal_adc_ex.o
                0x0800b714                HAL_ADCEx_InjectedConfigChannel
 .text.HAL_ADCEx_DisableInjectedQueue
                0x0800c054       0x4e ./Drivers/STM32L4xx_HAL_Driver/Src/stm32l4xx_hal_adc_ex.o
                0x0800c054                HAL_ADCEx_DisableInjectedQueue
 .text.HAL_CAN_Init
                0x0800c0a2      0x1f6 ./Drivers/STM32L4xx_HAL_Driver/Src/stm32l4xx_hal_can.o
                0x0800c0a2                HAL_CAN_Init
 .text.HAL_CAN_ConfigFilter
                0x0800c298      0x194 ./Drivers/STM32L4xx_HAL_Driver/Src/stm32l4xx_hal_can.o
                0x0800c298                HAL_CAN_ConfigFilter
 .text.HAL_CAN_Start
                0x0800c42c       0x88 ./Drivers/STM32L4xx_HAL_Driver/Src/stm32l4xx_hal_can.o
                0x0800c42c                HAL_CAN_Start
 .text.HAL_CAN_Stop
                0x0800c4b4       0x92 ./Drivers/STM32L4xx_HAL_Driver/Src/stm32l4xx_hal_can.o
                0x0800c4b4                HAL_CAN_Stop
 .text.HAL_CAN_AddTxMessage
                0x0800c546      0x1a0 ./Drivers/STM32L4xx_HAL_Driver/Src/stm32l4xx_hal_can.o
                0x0800c546                HAL_CAN_AddTxMessage
 .text.HAL_CAN_GetTxMailboxesFreeLevel
                0x0800c6e6       0x6a ./Drivers/STM32L4xx_HAL_Driver/Src/stm32l4xx_hal_can.o
                0x0800c6e6                HAL_CAN_GetTxMailboxesFreeLevel
 .text.HAL_CAN_GetRxMessage
                0x0800c750      0x244 ./Drivers/STM32L4xx_HAL_Driver/Src/stm32l4xx_hal_can.o
                0x0800c750                HAL_CAN_GetRxMessage
 .text.HAL_CAN_ActivateNotification
                0x0800c994       0x4c ./Drivers/STM32L4xx_HAL_Driver/Src/stm32l4xx_hal_can.o
                0x0800c994                HAL_CAN_ActivateNotification
 .text.HAL_CAN_IRQHandler
                0x0800c9e0      0x36e ./Drivers/STM32L4xx_HAL_Driver/Src/stm32l4xx_hal_can.o
                0x0800c9e0                HAL_CAN_IRQHandler
 .text.HAL_CAN_TxMailbox0AbortCallback
                0x0800cd4e       0x14 ./Drivers/STM32L4xx_HAL_Driver/Src/stm32l4xx_hal_can.o
                0x0800cd4e                HAL_CAN_TxMailbox0AbortCallback
 .text.HAL_CAN_TxMailbox1AbortCallback
                0x0800cd62       0x14 ./Drivers/STM32L4xx_HAL_Driver/Src/stm32l4xx_hal_can.o
                0x0800cd62                HAL_CAN_TxMailbox1AbortCallback
 .text.HAL_CAN_TxMailbox2AbortCallback
                0x0800cd76       0x14 ./Drivers/STM32L4xx_HAL_Driver/Src/stm32l4xx_hal_can.o
                0x0800cd76                HAL_CAN_TxMailbox2AbortCallback
 .text.HAL_CAN_RxFifo0FullCallback
                0x0800cd8a       0x14 ./Drivers/STM32L4xx_HAL_Driver/Src/stm32l4xx_hal_can.o
                0x0800cd8a                HAL_CAN_RxFifo0FullCallback
 .text.HAL_CAN_RxFifo1FullCallback
                0x0800cd9e       0x14 ./Drivers/STM32L4xx_HAL_Driver/Src/stm32l4xx_hal_can.o
                0x0800cd9e                HAL_CAN_RxFifo1FullCallback
 .text.HAL_CAN_SleepCallback
                0x0800cdb2       0x14 ./Drivers/STM32L4xx_HAL_Driver/Src/stm32l4xx_hal_can.o
                0x0800cdb2                HAL_CAN_SleepCallback
 .text.HAL_CAN_WakeUpFromRxMsgCallback
                0x0800cdc6       0x14 ./Drivers/STM32L4xx_HAL_Driver/Src/stm32l4xx_hal_can.o
                0x0800cdc6                HAL_CAN_WakeUpFromRxMsgCallback
 .text.HAL_CAN_ErrorCallback
                0x0800cdda       0x14 ./Drivers/STM32L4xx_HAL_Driver/Src/stm32l4xx_hal_can.o
                0x0800cdda                HAL_CAN_ErrorCallback
 *fill*         0x0800cdee        0x2 
 .text.__NVIC_SetPriorityGrouping
                0x0800cdf0       0x48 ./Drivers/STM32L4xx_HAL_Driver/Src/stm32l4xx_hal_cortex.o
 .text.__NVIC_GetPriorityGrouping
                0x0800ce38       0x1c ./Drivers/STM32L4xx_HAL_Driver/Src/stm32l4xx_hal_cortex.o
 .text.__NVIC_EnableIRQ
                0x0800ce54       0x3c ./Drivers/STM32L4xx_HAL_Driver/Src/stm32l4xx_hal_cortex.o
 .text.__NVIC_SetPriority
                0x0800ce90       0x54 ./Drivers/STM32L4xx_HAL_Driver/Src/stm32l4xx_hal_cortex.o
 .text.NVIC_EncodePriority
                0x0800cee4       0x66 ./Drivers/STM32L4xx_HAL_Driver/Src/stm32l4xx_hal_cortex.o
 *fill*         0x0800cf4a        0x2 
 .text.__NVIC_SystemReset
                0x0800cf4c       0x2c ./Drivers/STM32L4xx_HAL_Driver/Src/stm32l4xx_hal_cortex.o
 .text.SysTick_Config
                0x0800cf78       0x44 ./Drivers/STM32L4xx_HAL_Driver/Src/stm32l4xx_hal_cortex.o
 .text.HAL_NVIC_SetPriorityGrouping
                0x0800cfbc       0x16 ./Drivers/STM32L4xx_HAL_Driver/Src/stm32l4xx_hal_cortex.o
                0x0800cfbc                HAL_NVIC_SetPriorityGrouping
 .text.HAL_NVIC_SetPriority
                0x0800cfd2       0x38 ./Drivers/STM32L4xx_HAL_Driver/Src/stm32l4xx_hal_cortex.o
                0x0800cfd2                HAL_NVIC_SetPriority
 .text.HAL_NVIC_EnableIRQ
                0x0800d00a       0x1c ./Drivers/STM32L4xx_HAL_Driver/Src/stm32l4xx_hal_cortex.o
                0x0800d00a                HAL_NVIC_EnableIRQ
 .text.HAL_NVIC_SystemReset
                0x0800d026        0x8 ./Drivers/STM32L4xx_HAL_Driver/Src/stm32l4xx_hal_cortex.o
                0x0800d026                HAL_NVIC_SystemReset
 .text.HAL_SYSTICK_Config
                0x0800d02e       0x18 ./Drivers/STM32L4xx_HAL_Driver/Src/stm32l4xx_hal_cortex.o
                0x0800d02e                HAL_SYSTICK_Config
 .text.HAL_DAC_Init
                0x0800d046       0x44 ./Drivers/STM32L4xx_HAL_Driver/Src/stm32l4xx_hal_dac.o
                0x0800d046                HAL_DAC_Init
 .text.HAL_DAC_ConfigChannel
                0x0800d08a      0x24e ./Drivers/STM32L4xx_HAL_Driver/Src/stm32l4xx_hal_dac.o
                0x0800d08a                HAL_DAC_ConfigChannel
 .text.HAL_DMA_Init
                0x0800d2d8      0x170 ./Drivers/STM32L4xx_HAL_Driver/Src/stm32l4xx_hal_dma.o
                0x0800d2d8                HAL_DMA_Init
 .text.HAL_DMA_IRQHandler
                0x0800d448      0x18c ./Drivers/STM32L4xx_HAL_Driver/Src/stm32l4xx_hal_dma.o
                0x0800d448                HAL_DMA_IRQHandler
 .text.HAL_GPIO_Init
                0x0800d5d4      0x2d4 ./Drivers/STM32L4xx_HAL_Driver/Src/stm32l4xx_hal_gpio.o
                0x0800d5d4                HAL_GPIO_Init
 .text.HAL_GPIO_ReadPin
                0x0800d8a8       0x30 ./Drivers/STM32L4xx_HAL_Driver/Src/stm32l4xx_hal_gpio.o
                0x0800d8a8                HAL_GPIO_ReadPin
 .text.HAL_GPIO_WritePin
                0x0800d8d8       0x30 ./Drivers/STM32L4xx_HAL_Driver/Src/stm32l4xx_hal_gpio.o
                0x0800d8d8                HAL_GPIO_WritePin
 .text.HAL_I2C_Init
                0x0800d908      0x136 ./Drivers/STM32L4xx_HAL_Driver/Src/stm32l4xx_hal_i2c.o
                0x0800d908                HAL_I2C_Init
 .text.HAL_I2CEx_ConfigAnalogFilter
                0x0800da3e       0x96 ./Drivers/STM32L4xx_HAL_Driver/Src/stm32l4xx_hal_i2c_ex.o
                0x0800da3e                HAL_I2CEx_ConfigAnalogFilter
 .text.HAL_I2CEx_ConfigDigitalFilter
                0x0800dad4       0x98 ./Drivers/STM32L4xx_HAL_Driver/Src/stm32l4xx_hal_i2c_ex.o
                0x0800dad4                HAL_I2CEx_ConfigDigitalFilter
 .text.HAL_PWREx_GetVoltageRange
                0x0800db6c       0x1c ./Drivers/STM32L4xx_HAL_Driver/Src/stm32l4xx_hal_pwr_ex.o
                0x0800db6c                HAL_PWREx_GetVoltageRange
 .text.HAL_PWREx_ControlVoltageScaling
                0x0800db88       0xac ./Drivers/STM32L4xx_HAL_Driver/Src/stm32l4xx_hal_pwr_ex.o
                0x0800db88                HAL_PWREx_ControlVoltageScaling
 .text.HAL_RCC_OscConfig
                0x0800dc34      0x828 ./Drivers/STM32L4xx_HAL_Driver/Src/stm32l4xx_hal_rcc.o
                0x0800dc34                HAL_RCC_OscConfig
 .text.HAL_RCC_ClockConfig
                0x0800e45c      0x200 ./Drivers/STM32L4xx_HAL_Driver/Src/stm32l4xx_hal_rcc.o
                0x0800e45c                HAL_RCC_ClockConfig
 .text.HAL_RCC_GetSysClockFreq
                0x0800e65c      0x118 ./Drivers/STM32L4xx_HAL_Driver/Src/stm32l4xx_hal_rcc.o
                0x0800e65c                HAL_RCC_GetSysClockFreq
 .text.HAL_RCC_GetHCLKFreq
                0x0800e774       0x18 ./Drivers/STM32L4xx_HAL_Driver/Src/stm32l4xx_hal_rcc.o
                0x0800e774                HAL_RCC_GetHCLKFreq
 .text.HAL_RCC_GetPCLK1Freq
                0x0800e78c       0x2c ./Drivers/STM32L4xx_HAL_Driver/Src/stm32l4xx_hal_rcc.o
                0x0800e78c                HAL_RCC_GetPCLK1Freq
 .text.HAL_RCC_GetPCLK2Freq
                0x0800e7b8       0x2c ./Drivers/STM32L4xx_HAL_Driver/Src/stm32l4xx_hal_rcc.o
                0x0800e7b8                HAL_RCC_GetPCLK2Freq
 .text.RCC_SetFlashLatencyFromMSIRange
                0x0800e7e4       0xc0 ./Drivers/STM32L4xx_HAL_Driver/Src/stm32l4xx_hal_rcc.o
 .text.HAL_RCCEx_PeriphCLKConfig
                0x0800e8a4      0x3ec ./Drivers/STM32L4xx_HAL_Driver/Src/stm32l4xx_hal_rcc_ex.o
                0x0800e8a4                HAL_RCCEx_PeriphCLKConfig
 .text.RCCEx_PLLSAI1_Config
                0x0800ec90      0x1e4 ./Drivers/STM32L4xx_HAL_Driver/Src/stm32l4xx_hal_rcc_ex.o
 .text.HAL_TIM_Base_Init
                0x0800ee74       0xae ./Drivers/STM32L4xx_HAL_Driver/Src/stm32l4xx_hal_tim.o
                0x0800ee74                HAL_TIM_Base_Init
 *fill*         0x0800ef22        0x2 
 .text.HAL_TIM_Base_Start_IT
                0x0800ef24       0xa8 ./Drivers/STM32L4xx_HAL_Driver/Src/stm32l4xx_hal_tim.o
                0x0800ef24                HAL_TIM_Base_Start_IT
 .text.HAL_TIM_Base_Stop_IT
                0x0800efcc       0x60 ./Drivers/STM32L4xx_HAL_Driver/Src/stm32l4xx_hal_tim.o
                0x0800efcc                HAL_TIM_Base_Stop_IT
 .text.HAL_TIM_IRQHandler
                0x0800f02c      0x20e ./Drivers/STM32L4xx_HAL_Driver/Src/stm32l4xx_hal_tim.o
                0x0800f02c                HAL_TIM_IRQHandler
 .text.HAL_TIM_ConfigClockSource
                0x0800f23a      0x192 ./Drivers/STM32L4xx_HAL_Driver/Src/stm32l4xx_hal_tim.o
                0x0800f23a                HAL_TIM_ConfigClockSource
 .text.HAL_TIM_OC_DelayElapsedCallback
                0x0800f3cc       0x14 ./Drivers/STM32L4xx_HAL_Driver/Src/stm32l4xx_hal_tim.o
                0x0800f3cc                HAL_TIM_OC_DelayElapsedCallback
 .text.HAL_TIM_IC_CaptureCallback
                0x0800f3e0       0x14 ./Drivers/STM32L4xx_HAL_Driver/Src/stm32l4xx_hal_tim.o
                0x0800f3e0                HAL_TIM_IC_CaptureCallback
 .text.HAL_TIM_PWM_PulseFinishedCallback
                0x0800f3f4       0x14 ./Drivers/STM32L4xx_HAL_Driver/Src/stm32l4xx_hal_tim.o
                0x0800f3f4                HAL_TIM_PWM_PulseFinishedCallback
 .text.HAL_TIM_TriggerCallback
                0x0800f408       0x14 ./Drivers/STM32L4xx_HAL_Driver/Src/stm32l4xx_hal_tim.o
                0x0800f408                HAL_TIM_TriggerCallback
 .text.TIM_Base_SetConfig
                0x0800f41c       0xd4 ./Drivers/STM32L4xx_HAL_Driver/Src/stm32l4xx_hal_tim.o
                0x0800f41c                TIM_Base_SetConfig
 .text.TIM_TI1_ConfigInputStage
                0x0800f4f0       0x90 ./Drivers/STM32L4xx_HAL_Driver/Src/stm32l4xx_hal_tim.o
 .text.TIM_TI2_ConfigInputStage
                0x0800f580       0x78 ./Drivers/STM32L4xx_HAL_Driver/Src/stm32l4xx_hal_tim.o
 .text.TIM_ITRx_SetConfig
                0x0800f5f8       0x36 ./Drivers/STM32L4xx_HAL_Driver/Src/stm32l4xx_hal_tim.o
 .text.TIM_ETR_SetConfig
                0x0800f62e       0x40 ./Drivers/STM32L4xx_HAL_Driver/Src/stm32l4xx_hal_tim.o
                0x0800f62e                TIM_ETR_SetConfig
 *fill*         0x0800f66e        0x2 
 .text.HAL_TIMEx_MasterConfigSynchronization
                0x0800f670       0xcc ./Drivers/STM32L4xx_HAL_Driver/Src/stm32l4xx_hal_tim_ex.o
                0x0800f670                HAL_TIMEx_MasterConfigSynchronization
 .text.HAL_TIMEx_CommutCallback
                0x0800f73c       0x14 ./Drivers/STM32L4xx_HAL_Driver/Src/stm32l4xx_hal_tim_ex.o
                0x0800f73c                HAL_TIMEx_CommutCallback
 .text.HAL_TIMEx_BreakCallback
                0x0800f750       0x14 ./Drivers/STM32L4xx_HAL_Driver/Src/stm32l4xx_hal_tim_ex.o
                0x0800f750                HAL_TIMEx_BreakCallback
 .text.HAL_TIMEx_Break2Callback
                0x0800f764       0x14 ./Drivers/STM32L4xx_HAL_Driver/Src/stm32l4xx_hal_tim_ex.o
                0x0800f764                HAL_TIMEx_Break2Callback
 .text.HAL_UART_Init
                0x0800f778       0x9c ./Drivers/STM32L4xx_HAL_Driver/Src/stm32l4xx_hal_uart.o
                0x0800f778                HAL_UART_Init
 .text.UART_SetConfig
                0x0800f814      0x458 ./Drivers/STM32L4xx_HAL_Driver/Src/stm32l4xx_hal_uart.o
                0x0800f814                UART_SetConfig
 .text.UART_AdvFeatureConfig
                0x0800fc6c      0x144 ./Drivers/STM32L4xx_HAL_Driver/Src/stm32l4xx_hal_uart.o
                0x0800fc6c                UART_AdvFeatureConfig
 .text.UART_CheckIdleState
                0x0800fdb0      0x150 ./Drivers/STM32L4xx_HAL_Driver/Src/stm32l4xx_hal_uart.o
                0x0800fdb0                UART_CheckIdleState
 .text.UART_WaitOnFlagUntilTimeout
                0x0800ff00       0xda ./Drivers/STM32L4xx_HAL_Driver/Src/stm32l4xx_hal_uart.o
                0x0800ff00                UART_WaitOnFlagUntilTimeout
 .text.UART_EndRxTransfer
                0x0800ffda       0xc8 ./Drivers/STM32L4xx_HAL_Driver/Src/stm32l4xx_hal_uart.o
 *fill*         0x080100a2        0x2 
 .text.calloc   0x080100a4       0x10 C:/devel/stm32CubeIDE_1.18.1/STM32CubeIDE/plugins/com.st.stm32cube.ide.mcu.externaltools.gnu-tools-for-stm32.13.3.rel1.win32_1.0.0.202411081344/tools/bin/../lib/gcc/arm-none-eabi/13.3.1/../../../../arm-none-eabi/lib/thumb/v7e-m+fp/hard\libc_nano.a(libc_a-calloc.o)
                0x080100a4                calloc
 .text._calloc_r
                0x080100b4       0x28 C:/devel/stm32CubeIDE_1.18.1/STM32CubeIDE/plugins/com.st.stm32cube.ide.mcu.externaltools.gnu-tools-for-stm32.13.3.rel1.win32_1.0.0.202411081344/tools/bin/../lib/gcc/arm-none-eabi/13.3.1/../../../../arm-none-eabi/lib/thumb/v7e-m+fp/hard\libc_nano.a(libc_a-callocr.o)
                0x080100b4                _calloc_r
 .text.free     0x080100dc       0x10 C:/devel/stm32CubeIDE_1.18.1/STM32CubeIDE/plugins/com.st.stm32cube.ide.mcu.externaltools.gnu-tools-for-stm32.13.3.rel1.win32_1.0.0.202411081344/tools/bin/../lib/gcc/arm-none-eabi/13.3.1/../../../../arm-none-eabi/lib/thumb/v7e-m+fp/hard\libc_nano.a(libc_a-malloc.o)
                0x080100dc                free
 .text.sbrk_aligned
                0x080100ec       0x44 C:/devel/stm32CubeIDE_1.18.1/STM32CubeIDE/plugins/com.st.stm32cube.ide.mcu.externaltools.gnu-tools-for-stm32.13.3.rel1.win32_1.0.0.202411081344/tools/bin/../lib/gcc/arm-none-eabi/13.3.1/../../../../arm-none-eabi/lib/thumb/v7e-m+fp/hard\libc_nano.a(libc_a-mallocr.o)
 .text._malloc_r
                0x08010130      0x100 C:/devel/stm32CubeIDE_1.18.1/STM32CubeIDE/plugins/com.st.stm32cube.ide.mcu.externaltools.gnu-tools-for-stm32.13.3.rel1.win32_1.0.0.202411081344/tools/bin/../lib/gcc/arm-none-eabi/13.3.1/../../../../arm-none-eabi/lib/thumb/v7e-m+fp/hard\libc_nano.a(libc_a-mallocr.o)
                0x08010130                _malloc_r
 .text.__malloc_lock
                0x08010230        0xc C:/devel/stm32CubeIDE_1.18.1/STM32CubeIDE/plugins/com.st.stm32cube.ide.mcu.externaltools.gnu-tools-for-stm32.13.3.rel1.win32_1.0.0.202411081344/tools/bin/../lib/gcc/arm-none-eabi/13.3.1/../../../../arm-none-eabi/lib/thumb/v7e-m+fp/hard\libc_nano.a(libc_a-mlock.o)
                0x08010230                __malloc_lock
 .text.__malloc_unlock
                0x0801023c        0xc C:/devel/stm32CubeIDE_1.18.1/STM32CubeIDE/plugins/com.st.stm32cube.ide.mcu.externaltools.gnu-tools-for-stm32.13.3.rel1.win32_1.0.0.202411081344/tools/bin/../lib/gcc/arm-none-eabi/13.3.1/../../../../arm-none-eabi/lib/thumb/v7e-m+fp/hard\libc_nano.a(libc_a-mlock.o)
                0x0801023c                __malloc_unlock
 .text.__sflush_r
                0x08010248      0x108 C:/devel/stm32CubeIDE_1.18.1/STM32CubeIDE/plugins/com.st.stm32cube.ide.mcu.externaltools.gnu-tools-for-stm32.13.3.rel1.win32_1.0.0.202411081344/tools/bin/../lib/gcc/arm-none-eabi/13.3.1/../../../../arm-none-eabi/lib/thumb/v7e-m+fp/hard\libc_nano.a(libc_a-fflush.o)
                0x08010248                __sflush_r
 .text._fflush_r
                0x08010350       0x50 C:/devel/stm32CubeIDE_1.18.1/STM32CubeIDE/plugins/com.st.stm32cube.ide.mcu.externaltools.gnu-tools-for-stm32.13.3.rel1.win32_1.0.0.202411081344/tools/bin/../lib/gcc/arm-none-eabi/13.3.1/../../../../arm-none-eabi/lib/thumb/v7e-m+fp/hard\libc_nano.a(libc_a-fflush.o)
                0x08010350                _fflush_r
 .text.fflush   0x080103a0       0x28 C:/devel/stm32CubeIDE_1.18.1/STM32CubeIDE/plugins/com.st.stm32cube.ide.mcu.externaltools.gnu-tools-for-stm32.13.3.rel1.win32_1.0.0.202411081344/tools/bin/../lib/gcc/arm-none-eabi/13.3.1/../../../../arm-none-eabi/lib/thumb/v7e-m+fp/hard\libc_nano.a(libc_a-fflush.o)
                0x080103a0                fflush
 .text.std      0x080103c8       0x6c C:/devel/stm32CubeIDE_1.18.1/STM32CubeIDE/plugins/com.st.stm32cube.ide.mcu.externaltools.gnu-tools-for-stm32.13.3.rel1.win32_1.0.0.202411081344/tools/bin/../lib/gcc/arm-none-eabi/13.3.1/../../../../arm-none-eabi/lib/thumb/v7e-m+fp/hard\libc_nano.a(libc_a-findfp.o)
 .text.stdio_exit_handler
                0x08010434       0x18 C:/devel/stm32CubeIDE_1.18.1/STM32CubeIDE/plugins/com.st.stm32cube.ide.mcu.externaltools.gnu-tools-for-stm32.13.3.rel1.win32_1.0.0.202411081344/tools/bin/../lib/gcc/arm-none-eabi/13.3.1/../../../../arm-none-eabi/lib/thumb/v7e-m+fp/hard\libc_nano.a(libc_a-findfp.o)
 .text.cleanup_stdio
                0x0801044c       0x40 C:/devel/stm32CubeIDE_1.18.1/STM32CubeIDE/plugins/com.st.stm32cube.ide.mcu.externaltools.gnu-tools-for-stm32.13.3.rel1.win32_1.0.0.202411081344/tools/bin/../lib/gcc/arm-none-eabi/13.3.1/../../../../arm-none-eabi/lib/thumb/v7e-m+fp/hard\libc_nano.a(libc_a-findfp.o)
 .text.global_stdio_init.part.0
                0x0801048c       0x3c C:/devel/stm32CubeIDE_1.18.1/STM32CubeIDE/plugins/com.st.stm32cube.ide.mcu.externaltools.gnu-tools-for-stm32.13.3.rel1.win32_1.0.0.202411081344/tools/bin/../lib/gcc/arm-none-eabi/13.3.1/../../../../arm-none-eabi/lib/thumb/v7e-m+fp/hard\libc_nano.a(libc_a-findfp.o)
 .text.__sfp_lock_acquire
                0x080104c8        0xc C:/devel/stm32CubeIDE_1.18.1/STM32CubeIDE/plugins/com.st.stm32cube.ide.mcu.externaltools.gnu-tools-for-stm32.13.3.rel1.win32_1.0.0.202411081344/tools/bin/../lib/gcc/arm-none-eabi/13.3.1/../../../../arm-none-eabi/lib/thumb/v7e-m+fp/hard\libc_nano.a(libc_a-findfp.o)
                0x080104c8                __sfp_lock_acquire
 .text.__sfp_lock_release
                0x080104d4        0xc C:/devel/stm32CubeIDE_1.18.1/STM32CubeIDE/plugins/com.st.stm32cube.ide.mcu.externaltools.gnu-tools-for-stm32.13.3.rel1.win32_1.0.0.202411081344/tools/bin/../lib/gcc/arm-none-eabi/13.3.1/../../../../arm-none-eabi/lib/thumb/v7e-m+fp/hard\libc_nano.a(libc_a-findfp.o)
                0x080104d4                __sfp_lock_release
 .text.__sinit  0x080104e0       0x30 C:/devel/stm32CubeIDE_1.18.1/STM32CubeIDE/plugins/com.st.stm32cube.ide.mcu.externaltools.gnu-tools-for-stm32.13.3.rel1.win32_1.0.0.202411081344/tools/bin/../lib/gcc/arm-none-eabi/13.3.1/../../../../arm-none-eabi/lib/thumb/v7e-m+fp/hard\libc_nano.a(libc_a-findfp.o)
                0x080104e0                __sinit
 .text._fwalk_sglue
                0x08010510       0x3c C:/devel/stm32CubeIDE_1.18.1/STM32CubeIDE/plugins/com.st.stm32cube.ide.mcu.externaltools.gnu-tools-for-stm32.13.3.rel1.win32_1.0.0.202411081344/tools/bin/../lib/gcc/arm-none-eabi/13.3.1/../../../../arm-none-eabi/lib/thumb/v7e-m+fp/hard\libc_nano.a(libc_a-fwalk.o)
                0x08010510                _fwalk_sglue
 .text.printf   0x0801054c       0x24 C:/devel/stm32CubeIDE_1.18.1/STM32CubeIDE/plugins/com.st.stm32cube.ide.mcu.externaltools.gnu-tools-for-stm32.13.3.rel1.win32_1.0.0.202411081344/tools/bin/../lib/gcc/arm-none-eabi/13.3.1/../../../../arm-none-eabi/lib/thumb/v7e-m+fp/hard\libc_nano.a(libc_a-printf.o)
                0x0801054c                iprintf
                0x0801054c                printf
 .text._puts_r  0x08010570       0xaa C:/devel/stm32CubeIDE_1.18.1/STM32CubeIDE/plugins/com.st.stm32cube.ide.mcu.externaltools.gnu-tools-for-stm32.13.3.rel1.win32_1.0.0.202411081344/tools/bin/../lib/gcc/arm-none-eabi/13.3.1/../../../../arm-none-eabi/lib/thumb/v7e-m+fp/hard\libc_nano.a(libc_a-puts.o)
                0x08010570                _puts_r
 *fill*         0x0801061a        0x2 
 .text.puts     0x0801061c       0x10 C:/devel/stm32CubeIDE_1.18.1/STM32CubeIDE/plugins/com.st.stm32cube.ide.mcu.externaltools.gnu-tools-for-stm32.13.3.rel1.win32_1.0.0.202411081344/tools/bin/../lib/gcc/arm-none-eabi/13.3.1/../../../../arm-none-eabi/lib/thumb/v7e-m+fp/hard\libc_nano.a(libc_a-puts.o)
                0x0801061c                puts
 .text.__sread  0x0801062c       0x22 C:/devel/stm32CubeIDE_1.18.1/STM32CubeIDE/plugins/com.st.stm32cube.ide.mcu.externaltools.gnu-tools-for-stm32.13.3.rel1.win32_1.0.0.202411081344/tools/bin/../lib/gcc/arm-none-eabi/13.3.1/../../../../arm-none-eabi/lib/thumb/v7e-m+fp/hard\libc_nano.a(libc_a-stdio.o)
                0x0801062c                __sread
 .text.__swrite
                0x0801064e       0x38 C:/devel/stm32CubeIDE_1.18.1/STM32CubeIDE/plugins/com.st.stm32cube.ide.mcu.externaltools.gnu-tools-for-stm32.13.3.rel1.win32_1.0.0.202411081344/tools/bin/../lib/gcc/arm-none-eabi/13.3.1/../../../../arm-none-eabi/lib/thumb/v7e-m+fp/hard\libc_nano.a(libc_a-stdio.o)
                0x0801064e                __swrite
 .text.__sseek  0x08010686       0x24 C:/devel/stm32CubeIDE_1.18.1/STM32CubeIDE/plugins/com.st.stm32cube.ide.mcu.externaltools.gnu-tools-for-stm32.13.3.rel1.win32_1.0.0.202411081344/tools/bin/../lib/gcc/arm-none-eabi/13.3.1/../../../../arm-none-eabi/lib/thumb/v7e-m+fp/hard\libc_nano.a(libc_a-stdio.o)
                0x08010686                __sseek
 .text.__sclose
                0x080106aa        0x8 C:/devel/stm32CubeIDE_1.18.1/STM32CubeIDE/plugins/com.st.stm32cube.ide.mcu.externaltools.gnu-tools-for-stm32.13.3.rel1.win32_1.0.0.202411081344/tools/bin/../lib/gcc/arm-none-eabi/13.3.1/../../../../arm-none-eabi/lib/thumb/v7e-m+fp/hard\libc_nano.a(libc_a-stdio.o)
                0x080106aa                __sclose
 .text.__swbuf_r
                0x080106b2       0x7c C:/devel/stm32CubeIDE_1.18.1/STM32CubeIDE/plugins/com.st.stm32cube.ide.mcu.externaltools.gnu-tools-for-stm32.13.3.rel1.win32_1.0.0.202411081344/tools/bin/../lib/gcc/arm-none-eabi/13.3.1/../../../../arm-none-eabi/lib/thumb/v7e-m+fp/hard\libc_nano.a(libc_a-wbuf.o)
                0x080106b2                __swbuf_r
 *fill*         0x0801072e        0x2 
 .text.__swsetup_r
                0x08010730       0xac C:/devel/stm32CubeIDE_1.18.1/STM32CubeIDE/plugins/com.st.stm32cube.ide.mcu.externaltools.gnu-tools-for-stm32.13.3.rel1.win32_1.0.0.202411081344/tools/bin/../lib/gcc/arm-none-eabi/13.3.1/../../../../arm-none-eabi/lib/thumb/v7e-m+fp/hard\libc_nano.a(libc_a-wsetup.o)
                0x08010730                __swsetup_r
 .text.memmove  0x080107dc       0x34 C:/devel/stm32CubeIDE_1.18.1/STM32CubeIDE/plugins/com.st.stm32cube.ide.mcu.externaltools.gnu-tools-for-stm32.13.3.rel1.win32_1.0.0.202411081344/tools/bin/../lib/gcc/arm-none-eabi/13.3.1/../../../../arm-none-eabi/lib/thumb/v7e-m+fp/hard\libc_nano.a(libc_a-memmove.o)
                0x080107dc                memmove
 .text.memset   0x08010810       0x10 C:/devel/stm32CubeIDE_1.18.1/STM32CubeIDE/plugins/com.st.stm32cube.ide.mcu.externaltools.gnu-tools-for-stm32.13.3.rel1.win32_1.0.0.202411081344/tools/bin/../lib/gcc/arm-none-eabi/13.3.1/../../../../arm-none-eabi/lib/thumb/v7e-m+fp/hard\libc_nano.a(libc_a-memset.o)
                0x08010810                memset
 .text._close_r
                0x08010820       0x20 C:/devel/stm32CubeIDE_1.18.1/STM32CubeIDE/plugins/com.st.stm32cube.ide.mcu.externaltools.gnu-tools-for-stm32.13.3.rel1.win32_1.0.0.202411081344/tools/bin/../lib/gcc/arm-none-eabi/13.3.1/../../../../arm-none-eabi/lib/thumb/v7e-m+fp/hard\libc_nano.a(libc_a-closer.o)
                0x08010820                _close_r
 .text._lseek_r
                0x08010840       0x24 C:/devel/stm32CubeIDE_1.18.1/STM32CubeIDE/plugins/com.st.stm32cube.ide.mcu.externaltools.gnu-tools-for-stm32.13.3.rel1.win32_1.0.0.202411081344/tools/bin/../lib/gcc/arm-none-eabi/13.3.1/../../../../arm-none-eabi/lib/thumb/v7e-m+fp/hard\libc_nano.a(libc_a-lseekr.o)
                0x08010840                _lseek_r
 .text._read_r  0x08010864       0x24 C:/devel/stm32CubeIDE_1.18.1/STM32CubeIDE/plugins/com.st.stm32cube.ide.mcu.externaltools.gnu-tools-for-stm32.13.3.rel1.win32_1.0.0.202411081344/tools/bin/../lib/gcc/arm-none-eabi/13.3.1/../../../../arm-none-eabi/lib/thumb/v7e-m+fp/hard\libc_nano.a(libc_a-readr.o)
                0x08010864                _read_r
 .text._sbrk_r  0x08010888       0x20 C:/devel/stm32CubeIDE_1.18.1/STM32CubeIDE/plugins/com.st.stm32cube.ide.mcu.externaltools.gnu-tools-for-stm32.13.3.rel1.win32_1.0.0.202411081344/tools/bin/../lib/gcc/arm-none-eabi/13.3.1/../../../../arm-none-eabi/lib/thumb/v7e-m+fp/hard\libc_nano.a(libc_a-sbrkr.o)
                0x08010888                _sbrk_r
 .text._write_r
                0x080108a8       0x24 C:/devel/stm32CubeIDE_1.18.1/STM32CubeIDE/plugins/com.st.stm32cube.ide.mcu.externaltools.gnu-tools-for-stm32.13.3.rel1.win32_1.0.0.202411081344/tools/bin/../lib/gcc/arm-none-eabi/13.3.1/../../../../arm-none-eabi/lib/thumb/v7e-m+fp/hard\libc_nano.a(libc_a-writer.o)
                0x080108a8                _write_r
 .text.__errno  0x080108cc        0xc C:/devel/stm32CubeIDE_1.18.1/STM32CubeIDE/plugins/com.st.stm32cube.ide.mcu.externaltools.gnu-tools-for-stm32.13.3.rel1.win32_1.0.0.202411081344/tools/bin/../lib/gcc/arm-none-eabi/13.3.1/../../../../arm-none-eabi/lib/thumb/v7e-m+fp/hard\libc_nano.a(libc_a-errno.o)
                0x080108cc                __errno
 .text.__libc_init_array
                0x080108d8       0x48 C:/devel/stm32CubeIDE_1.18.1/STM32CubeIDE/plugins/com.st.stm32cube.ide.mcu.externaltools.gnu-tools-for-stm32.13.3.rel1.win32_1.0.0.202411081344/tools/bin/../lib/gcc/arm-none-eabi/13.3.1/../../../../arm-none-eabi/lib/thumb/v7e-m+fp/hard\libc_nano.a(libc_a-init.o)
                0x080108d8                __libc_init_array
 .text.__retarget_lock_init_recursive
                0x08010920        0x2 C:/devel/stm32CubeIDE_1.18.1/STM32CubeIDE/plugins/com.st.stm32cube.ide.mcu.externaltools.gnu-tools-for-stm32.13.3.rel1.win32_1.0.0.202411081344/tools/bin/../lib/gcc/arm-none-eabi/13.3.1/../../../../arm-none-eabi/lib/thumb/v7e-m+fp/hard\libc_nano.a(libc_a-lock.o)
                0x08010920                __retarget_lock_init_recursive
 .text.__retarget_lock_acquire_recursive
                0x08010922        0x2 C:/devel/stm32CubeIDE_1.18.1/STM32CubeIDE/plugins/com.st.stm32cube.ide.mcu.externaltools.gnu-tools-for-stm32.13.3.rel1.win32_1.0.0.202411081344/tools/bin/../lib/gcc/arm-none-eabi/13.3.1/../../../../arm-none-eabi/lib/thumb/v7e-m+fp/hard\libc_nano.a(libc_a-lock.o)
                0x08010922                __retarget_lock_acquire_recursive
 .text.__retarget_lock_release_recursive
                0x08010924        0x2 C:/devel/stm32CubeIDE_1.18.1/STM32CubeIDE/plugins/com.st.stm32cube.ide.mcu.externaltools.gnu-tools-for-stm32.13.3.rel1.win32_1.0.0.202411081344/tools/bin/../lib/gcc/arm-none-eabi/13.3.1/../../../../arm-none-eabi/lib/thumb/v7e-m+fp/hard\libc_nano.a(libc_a-lock.o)
                0x08010924                __retarget_lock_release_recursive
 .text.memcpy   0x08010926       0x1c C:/devel/stm32CubeIDE_1.18.1/STM32CubeIDE/plugins/com.st.stm32cube.ide.mcu.externaltools.gnu-tools-for-stm32.13.3.rel1.win32_1.0.0.202411081344/tools/bin/../lib/gcc/arm-none-eabi/13.3.1/../../../../arm-none-eabi/lib/thumb/v7e-m+fp/hard\libc_nano.a(libc_a-memcpy-stub.o)
                0x08010926                memcpy
 *fill*         0x08010942        0x2 
 .text._free_r  0x08010944       0x94 C:/devel/stm32CubeIDE_1.18.1/STM32CubeIDE/plugins/com.st.stm32cube.ide.mcu.externaltools.gnu-tools-for-stm32.13.3.rel1.win32_1.0.0.202411081344/tools/bin/../lib/gcc/arm-none-eabi/13.3.1/../../../../arm-none-eabi/lib/thumb/v7e-m+fp/hard\libc_nano.a(libc_a-freer.o)
                0x08010944                _free_r
 .text.__sfputc_r
                0x080109d8       0x2e C:/devel/stm32CubeIDE_1.18.1/STM32CubeIDE/plugins/com.st.stm32cube.ide.mcu.externaltools.gnu-tools-for-stm32.13.3.rel1.win32_1.0.0.202411081344/tools/bin/../lib/gcc/arm-none-eabi/13.3.1/../../../../arm-none-eabi/lib/thumb/v7e-m+fp/hard\libc_nano.a(libc_a-nano-vfprintf.o)
 .text.__sfputs_r
                0x08010a06       0x24 C:/devel/stm32CubeIDE_1.18.1/STM32CubeIDE/plugins/com.st.stm32cube.ide.mcu.externaltools.gnu-tools-for-stm32.13.3.rel1.win32_1.0.0.202411081344/tools/bin/../lib/gcc/arm-none-eabi/13.3.1/../../../../arm-none-eabi/lib/thumb/v7e-m+fp/hard\libc_nano.a(libc_a-nano-vfprintf.o)
                0x08010a06                __sfputs_r
 *fill*         0x08010a2a        0x2 
 .text._vfprintf_r
                0x08010a2c      0x230 C:/devel/stm32CubeIDE_1.18.1/STM32CubeIDE/plugins/com.st.stm32cube.ide.mcu.externaltools.gnu-tools-for-stm32.13.3.rel1.win32_1.0.0.202411081344/tools/bin/../lib/gcc/arm-none-eabi/13.3.1/../../../../arm-none-eabi/lib/thumb/v7e-m+fp/hard\libc_nano.a(libc_a-nano-vfprintf.o)
                0x08010a2c                _vfprintf_r
                0x08010a2c                _vfiprintf_r
 .text._printf_common
                0x08010c5c       0xda C:/devel/stm32CubeIDE_1.18.1/STM32CubeIDE/plugins/com.st.stm32cube.ide.mcu.externaltools.gnu-tools-for-stm32.13.3.rel1.win32_1.0.0.202411081344/tools/bin/../lib/gcc/arm-none-eabi/13.3.1/../../../../arm-none-eabi/lib/thumb/v7e-m+fp/hard\libc_nano.a(libc_a-nano-vfprintf_i.o)
                0x08010c5c                _printf_common
 *fill*         0x08010d36        0x2 
 .text._printf_i
                0x08010d38      0x23c C:/devel/stm32CubeIDE_1.18.1/STM32CubeIDE/plugins/com.st.stm32cube.ide.mcu.externaltools.gnu-tools-for-stm32.13.3.rel1.win32_1.0.0.202411081344/tools/bin/../lib/gcc/arm-none-eabi/13.3.1/../../../../arm-none-eabi/lib/thumb/v7e-m+fp/hard\libc_nano.a(libc_a-nano-vfprintf_i.o)
                0x08010d38                _printf_i
 .text.__swhatbuf_r
                0x08010f74       0x4c C:/devel/stm32CubeIDE_1.18.1/STM32CubeIDE/plugins/com.st.stm32cube.ide.mcu.externaltools.gnu-tools-for-stm32.13.3.rel1.win32_1.0.0.202411081344/tools/bin/../lib/gcc/arm-none-eabi/13.3.1/../../../../arm-none-eabi/lib/thumb/v7e-m+fp/hard\libc_nano.a(libc_a-makebuf.o)
                0x08010f74                __swhatbuf_r
 .text.__smakebuf_r
                0x08010fc0       0x78 C:/devel/stm32CubeIDE_1.18.1/STM32CubeIDE/plugins/com.st.stm32cube.ide.mcu.externaltools.gnu-tools-for-stm32.13.3.rel1.win32_1.0.0.202411081344/tools/bin/../lib/gcc/arm-none-eabi/13.3.1/../../../../arm-none-eabi/lib/thumb/v7e-m+fp/hard\libc_nano.a(libc_a-makebuf.o)
                0x08010fc0                __smakebuf_r
 .text._fstat_r
                0x08011038       0x24 C:/devel/stm32CubeIDE_1.18.1/STM32CubeIDE/plugins/com.st.stm32cube.ide.mcu.externaltools.gnu-tools-for-stm32.13.3.rel1.win32_1.0.0.202411081344/tools/bin/../lib/gcc/arm-none-eabi/13.3.1/../../../../arm-none-eabi/lib/thumb/v7e-m+fp/hard\libc_nano.a(libc_a-fstatr.o)
                0x08011038                _fstat_r
 .text._isatty_r
                0x0801105c       0x20 C:/devel/stm32CubeIDE_1.18.1/STM32CubeIDE/plugins/com.st.stm32cube.ide.mcu.externaltools.gnu-tools-for-stm32.13.3.rel1.win32_1.0.0.202411081344/tools/bin/../lib/gcc/arm-none-eabi/13.3.1/../../../../arm-none-eabi/lib/thumb/v7e-m+fp/hard\libc_nano.a(libc_a-isattyr.o)
                0x0801105c                _isatty_r
 *fill*         0x0801107c        0x4 
 .text.sin      0x08011080       0xa8 C:/devel/stm32CubeIDE_1.18.1/STM32CubeIDE/plugins/com.st.stm32cube.ide.mcu.externaltools.gnu-tools-for-stm32.13.3.rel1.win32_1.0.0.202411081344/tools/bin/../lib/gcc/arm-none-eabi/13.3.1/../../../../arm-none-eabi/lib/thumb/v7e-m+fp/hard\libm.a(libm_a-s_sin.o)
                0x08011080                sin
 .text.__kernel_cos
                0x08011128      0x18c C:/devel/stm32CubeIDE_1.18.1/STM32CubeIDE/plugins/com.st.stm32cube.ide.mcu.externaltools.gnu-tools-for-stm32.13.3.rel1.win32_1.0.0.202411081344/tools/bin/../lib/gcc/arm-none-eabi/13.3.1/../../../../arm-none-eabi/lib/thumb/v7e-m+fp/hard\libm.a(libm_a-k_cos.o)
                0x08011128                __kernel_cos
 *fill*         0x080112b4        0x4 
 .text.__kernel_sin
                0x080112b8      0x174 C:/devel/stm32CubeIDE_1.18.1/STM32CubeIDE/plugins/com.st.stm32cube.ide.mcu.externaltools.gnu-tools-for-stm32.13.3.rel1.win32_1.0.0.202411081344/tools/bin/../lib/gcc/arm-none-eabi/13.3.1/../../../../arm-none-eabi/lib/thumb/v7e-m+fp/hard\libm.a(libm_a-k_sin.o)
                0x080112b8                __kernel_sin
 *fill*         0x0801142c        0x4 
 .text.__ieee754_rem_pio2
                0x08011430      0x3f8 C:/devel/stm32CubeIDE_1.18.1/STM32CubeIDE/plugins/com.st.stm32cube.ide.mcu.externaltools.gnu-tools-for-stm32.13.3.rel1.win32_1.0.0.202411081344/tools/bin/../lib/gcc/arm-none-eabi/13.3.1/../../../../arm-none-eabi/lib/thumb/v7e-m+fp/hard\libm.a(libm_a-e_rem_pio2.o)
                0x08011430                __ieee754_rem_pio2
 .text.fabs     0x08011828       0x10 C:/devel/stm32CubeIDE_1.18.1/STM32CubeIDE/plugins/com.st.stm32cube.ide.mcu.externaltools.gnu-tools-for-stm32.13.3.rel1.win32_1.0.0.202411081344/tools/bin/../lib/gcc/arm-none-eabi/13.3.1/../../../../arm-none-eabi/lib/thumb/v7e-m+fp/hard\libm.a(libm_a-s_fabs.o)
                0x08011828                fabs
 .text.__kernel_rem_pio2
                0x08011838      0x6a0 C:/devel/stm32CubeIDE_1.18.1/STM32CubeIDE/plugins/com.st.stm32cube.ide.mcu.externaltools.gnu-tools-for-stm32.13.3.rel1.win32_1.0.0.202411081344/tools/bin/../lib/gcc/arm-none-eabi/13.3.1/../../../../arm-none-eabi/lib/thumb/v7e-m+fp/hard\libm.a(libm_a-k_rem_pio2.o)
                0x08011838                __kernel_rem_pio2
 .text.scalbn   0x08011ed8       0xf4 C:/devel/stm32CubeIDE_1.18.1/STM32CubeIDE/plugins/com.st.stm32cube.ide.mcu.externaltools.gnu-tools-for-stm32.13.3.rel1.win32_1.0.0.202411081344/tools/bin/../lib/gcc/arm-none-eabi/13.3.1/../../../../arm-none-eabi/lib/thumb/v7e-m+fp/hard\libm.a(libm_a-s_scalbn.o)
                0x08011ed8                scalbn
 *fill*         0x08011fcc        0x4 
 .text.floor    0x08011fd0       0xf8 C:/devel/stm32CubeIDE_1.18.1/STM32CubeIDE/plugins/com.st.stm32cube.ide.mcu.externaltools.gnu-tools-for-stm32.13.3.rel1.win32_1.0.0.202411081344/tools/bin/../lib/gcc/arm-none-eabi/13.3.1/../../../../arm-none-eabi/lib/thumb/v7e-m+fp/hard\libm.a(libm_a-s_floor.o)
                0x08011fd0                floor
 *(.glue_7)
 .glue_7        0x080120c8        0x0 linker stubs
 *(.glue_7t)
 .glue_7t       0x080120c8        0x0 linker stubs
 *(.eh_frame)
 .eh_frame      0x080120c8        0x0 C:/devel/stm32CubeIDE_1.18.1/STM32CubeIDE/plugins/com.st.stm32cube.ide.mcu.externaltools.gnu-tools-for-stm32.13.3.rel1.win32_1.0.0.202411081344/tools/bin/../lib/gcc/arm-none-eabi/13.3.1/thumb/v7e-m+fp/hard/crtbegin.o
 *(.init)
 .init          0x080120c8        0x4 C:/devel/stm32CubeIDE_1.18.1/STM32CubeIDE/plugins/com.st.stm32cube.ide.mcu.externaltools.gnu-tools-for-stm32.13.3.rel1.win32_1.0.0.202411081344/tools/bin/../lib/gcc/arm-none-eabi/13.3.1/thumb/v7e-m+fp/hard/crti.o
                0x080120c8                _init
 .init          0x080120cc        0x8 C:/devel/stm32CubeIDE_1.18.1/STM32CubeIDE/plugins/com.st.stm32cube.ide.mcu.externaltools.gnu-tools-for-stm32.13.3.rel1.win32_1.0.0.202411081344/tools/bin/../lib/gcc/arm-none-eabi/13.3.1/thumb/v7e-m+fp/hard/crtn.o
 *(.fini)
 .fini          0x080120d4        0x4 C:/devel/stm32CubeIDE_1.18.1/STM32CubeIDE/plugins/com.st.stm32cube.ide.mcu.externaltools.gnu-tools-for-stm32.13.3.rel1.win32_1.0.0.202411081344/tools/bin/../lib/gcc/arm-none-eabi/13.3.1/thumb/v7e-m+fp/hard/crti.o
                0x080120d4                _fini
 .fini          0x080120d8        0x8 C:/devel/stm32CubeIDE_1.18.1/STM32CubeIDE/plugins/com.st.stm32cube.ide.mcu.externaltools.gnu-tools-for-stm32.13.3.rel1.win32_1.0.0.202411081344/tools/bin/../lib/gcc/arm-none-eabi/13.3.1/thumb/v7e-m+fp/hard/crtn.o
                0x080120e0                        . = ALIGN (0x4)
                0x080120e0                        _etext = .

.vfp11_veneer   0x080120e0        0x0
 .vfp11_veneer  0x080120e0        0x0 linker stubs

.v4_bx          0x080120e0        0x0
 .v4_bx         0x080120e0        0x0 linker stubs

.iplt           0x080120e0        0x0
 .iplt          0x080120e0        0x0 C:/devel/stm32CubeIDE_1.18.1/STM32CubeIDE/plugins/com.st.stm32cube.ide.mcu.externaltools.gnu-tools-for-stm32.13.3.rel1.win32_1.0.0.202411081344/tools/bin/../lib/gcc/arm-none-eabi/13.3.1/thumb/v7e-m+fp/hard/crtbegin.o

.rodata         0x080120e0     0x1488
                0x080120e0                        . = ALIGN (0x4)
 *(.rodata)
 .rodata        0x080120e0      0x1c9 ./CANopenNode_STM32/CO_app_STM32.o
 *(.rodata*)
 *fill*         0x080122a9        0x3 
 .rodata.abortCodes.0
                0x080122ac       0x68 ./CANopenNode/301/CO_ODinterface.o
 .rodata.CO_LSS_bitTimingTableLookup
                0x08012314       0x14 ./CANopenNode/305/CO_LSSslave.o
 .rodata.ODObjs
                0x08012328      0xfec ./CANopenNode_STM32/OD.o
 .rodata.AHBPrescTable
                0x08013314       0x10 ./Core/Src/system_stm32l4xx.o
                0x08013314                AHBPrescTable
 .rodata.APBPrescTable
                0x08013324        0x8 ./Core/Src/system_stm32l4xx.o
                0x08013324                APBPrescTable
 .rodata.MSIRangeTable
                0x0801332c       0x30 ./Core/Src/system_stm32l4xx.o
                0x0801332c                MSIRangeTable
 .rodata._vfprintf_r.str1.1
                0x0801335c       0x33 C:/devel/stm32CubeIDE_1.18.1/STM32CubeIDE/plugins/com.st.stm32cube.ide.mcu.externaltools.gnu-tools-for-stm32.13.3.rel1.win32_1.0.0.202411081344/tools/bin/../lib/gcc/arm-none-eabi/13.3.1/../../../../arm-none-eabi/lib/thumb/v7e-m+fp/hard\libc_nano.a(libc_a-nano-vfprintf.o)
                                 0x11 (size before relaxing)
 .rodata._printf_i.str1.1
                0x0801338f       0x22 C:/devel/stm32CubeIDE_1.18.1/STM32CubeIDE/plugins/com.st.stm32cube.ide.mcu.externaltools.gnu-tools-for-stm32.13.3.rel1.win32_1.0.0.202411081344/tools/bin/../lib/gcc/arm-none-eabi/13.3.1/../../../../arm-none-eabi/lib/thumb/v7e-m+fp/hard\libc_nano.a(libc_a-nano-vfprintf_i.o)
 *fill*         0x0801338f        0x1 
 .rodata.npio2_hw
                0x08013390       0x80 C:/devel/stm32CubeIDE_1.18.1/STM32CubeIDE/plugins/com.st.stm32cube.ide.mcu.externaltools.gnu-tools-for-stm32.13.3.rel1.win32_1.0.0.202411081344/tools/bin/../lib/gcc/arm-none-eabi/13.3.1/../../../../arm-none-eabi/lib/thumb/v7e-m+fp/hard\libm.a(libm_a-e_rem_pio2.o)
 .rodata.two_over_pi
                0x08013410      0x108 C:/devel/stm32CubeIDE_1.18.1/STM32CubeIDE/plugins/com.st.stm32cube.ide.mcu.externaltools.gnu-tools-for-stm32.13.3.rel1.win32_1.0.0.202411081344/tools/bin/../lib/gcc/arm-none-eabi/13.3.1/../../../../arm-none-eabi/lib/thumb/v7e-m+fp/hard\libm.a(libm_a-e_rem_pio2.o)
 .rodata.PIo2   0x08013518       0x40 C:/devel/stm32CubeIDE_1.18.1/STM32CubeIDE/plugins/com.st.stm32cube.ide.mcu.externaltools.gnu-tools-for-stm32.13.3.rel1.win32_1.0.0.202411081344/tools/bin/../lib/gcc/arm-none-eabi/13.3.1/../../../../arm-none-eabi/lib/thumb/v7e-m+fp/hard\libm.a(libm_a-k_rem_pio2.o)
 .rodata.init_jk
                0x08013558       0x10 C:/devel/stm32CubeIDE_1.18.1/STM32CubeIDE/plugins/com.st.stm32cube.ide.mcu.externaltools.gnu-tools-for-stm32.13.3.rel1.win32_1.0.0.202411081344/tools/bin/../lib/gcc/arm-none-eabi/13.3.1/../../../../arm-none-eabi/lib/thumb/v7e-m+fp/hard\libm.a(libm_a-k_rem_pio2.o)
                0x08013568                        . = ALIGN (0x4)

.ARM.extab      0x08013568        0x0
                0x08013568                        . = ALIGN (0x4)
 *(.ARM.extab* .gnu.linkonce.armextab.*)
                0x08013568                        . = ALIGN (0x4)

.ARM            0x08013568        0x8
                0x08013568                        . = ALIGN (0x4)
                0x08013568                        __exidx_start = .
 *(.ARM.exidx*)
 .ARM.exidx     0x08013568        0x8 C:/devel/stm32CubeIDE_1.18.1/STM32CubeIDE/plugins/com.st.stm32cube.ide.mcu.externaltools.gnu-tools-for-stm32.13.3.rel1.win32_1.0.0.202411081344/tools/bin/../lib/gcc/arm-none-eabi/13.3.1/../../../../arm-none-eabi/lib/thumb/v7e-m+fp/hard\libc_nano.a(libc_a-strlen.o)
 .ARM.exidx     0x08013570        0x0 C:/devel/stm32CubeIDE_1.18.1/STM32CubeIDE/plugins/com.st.stm32cube.ide.mcu.externaltools.gnu-tools-for-stm32.13.3.rel1.win32_1.0.0.202411081344/tools/bin/../lib/gcc/arm-none-eabi/13.3.1/../../../../arm-none-eabi/lib/thumb/v7e-m+fp/hard\libc_nano.a(libc_a-memchr.o)
                                  0x8 (size before relaxing)
 .ARM.exidx     0x08013570        0x0 C:/devel/stm32CubeIDE_1.18.1/STM32CubeIDE/plugins/com.st.stm32cube.ide.mcu.externaltools.gnu-tools-for-stm32.13.3.rel1.win32_1.0.0.202411081344/tools/bin/../lib/gcc/arm-none-eabi/13.3.1/thumb/v7e-m+fp/hard\libgcc.a(_udivmoddi4.o)
                                  0x8 (size before relaxing)
                0x08013570                        __exidx_end = .
                0x08013570                        . = ALIGN (0x4)

.preinit_array  0x08013570        0x0
                0x08013570                        . = ALIGN (0x4)
                0x08013570                        PROVIDE (__preinit_array_start = .)
 *(.preinit_array*)
                0x08013570                        PROVIDE (__preinit_array_end = .)
                0x08013570                        . = ALIGN (0x4)

.init_array     0x08013570        0x4
                0x08013570                        . = ALIGN (0x4)
                0x08013570                        PROVIDE (__init_array_start = .)
 *(SORT_BY_NAME(.init_array.*))
 *(.init_array*)
 .init_array    0x08013570        0x4 C:/devel/stm32CubeIDE_1.18.1/STM32CubeIDE/plugins/com.st.stm32cube.ide.mcu.externaltools.gnu-tools-for-stm32.13.3.rel1.win32_1.0.0.202411081344/tools/bin/../lib/gcc/arm-none-eabi/13.3.1/thumb/v7e-m+fp/hard/crtbegin.o
                0x08013574                        PROVIDE (__init_array_end = .)
                0x08013574                        . = ALIGN (0x4)

.fini_array     0x08013574        0x4
                0x08013574                        . = ALIGN (0x4)
                [!provide]                        PROVIDE (__fini_array_start = .)
 *(SORT_BY_NAME(.fini_array.*))
 *(.fini_array*)
 .fini_array    0x08013574        0x4 C:/devel/stm32CubeIDE_1.18.1/STM32CubeIDE/plugins/com.st.stm32cube.ide.mcu.externaltools.gnu-tools-for-stm32.13.3.rel1.win32_1.0.0.202411081344/tools/bin/../lib/gcc/arm-none-eabi/13.3.1/thumb/v7e-m+fp/hard/crtbegin.o
                [!provide]                        PROVIDE (__fini_array_end = .)
                0x08013578                        . = ALIGN (0x4)
                0x08013578                        _sidata = LOADADDR (.data)

.rel.dyn        0x08013578        0x0
 .rel.iplt      0x08013578        0x0 C:/devel/stm32CubeIDE_1.18.1/STM32CubeIDE/plugins/com.st.stm32cube.ide.mcu.externaltools.gnu-tools-for-stm32.13.3.rel1.win32_1.0.0.202411081344/tools/bin/../lib/gcc/arm-none-eabi/13.3.1/thumb/v7e-m+fp/hard/crtbegin.o

.data           0x20000000      0x94c load address 0x08013578
                0x20000000                        . = ALIGN (0x4)
                0x20000000                        _sdata = .
 *(.data)
 *(.data*)
 .data.OD_PERSIST_COMM
                0x20000000      0x464 ./CANopenNode_STM32/OD.o
                0x20000000                OD_PERSIST_COMM
 .data.OD_RAM   0x20000464       0x68 ./CANopenNode_STM32/OD.o
                0x20000464                OD_RAM
 .data.ODList   0x200004cc      0x3fc ./CANopenNode_STM32/OD.o
 .data._OD      0x200008c8        0x8 ./CANopenNode_STM32/OD.o
 .data.OD       0x200008d0        0x4 ./CANopenNode_STM32/OD.o
                0x200008d0                OD
 .data.driveState
                0x200008d4        0x1 ./Core/Src/DriveProcess.o
                0x200008d4                driveState
 .data.oldStateDrive
                0x200008d5        0x1 ./Core/Src/DriveProcess.o
                0x200008d5                oldStateDrive
 .data.steeringState
                0x200008d6        0x1 ./Core/Src/SteeringProcess.o
                0x200008d6                steeringState
 .data.oldStateSteering
                0x200008d7        0x1 ./Core/Src/SteeringProcess.o
                0x200008d7                oldStateSteering
 .data.count    0x200008d8        0x8 ./Core/Src/SteeringProcess.o
                0x200008d8                count
 .data.startHoming
                0x200008e0        0x1 ./Core/Src/SteeringProcess.o
                0x200008e0                startHoming
 *fill*         0x200008e1        0x3 
 .data.SystemCoreClock
                0x200008e4        0x4 ./Core/Src/system_stm32l4xx.o
                0x200008e4                SystemCoreClock
 .data.uwTickPrio
                0x200008e8        0x4 ./Drivers/STM32L4xx_HAL_Driver/Src/stm32l4xx_hal.o
                0x200008e8                uwTickPrio
 .data.uwTickFreq
                0x200008ec        0x1 ./Drivers/STM32L4xx_HAL_Driver/Src/stm32l4xx_hal.o
                0x200008ec                uwTickFreq
 *fill*         0x200008ed        0x3 
 .data.__sglue  0x200008f0        0xc C:/devel/stm32CubeIDE_1.18.1/STM32CubeIDE/plugins/com.st.stm32cube.ide.mcu.externaltools.gnu-tools-for-stm32.13.3.rel1.win32_1.0.0.202411081344/tools/bin/../lib/gcc/arm-none-eabi/13.3.1/../../../../arm-none-eabi/lib/thumb/v7e-m+fp/hard\libc_nano.a(libc_a-findfp.o)
                0x200008f0                __sglue
 .data._impure_ptr