Archive member included to satisfy reference by file (symbol)

C:/ST/STM32CubeIDE_1.18.1/STM32CubeIDE/plugins/com.st.stm32cube.ide.mcu.externaltools.gnu-tools-for-stm32.13.3.rel1.win32_1.0.0.202411081344/tools/bin/../lib/gcc/arm-none-eabi/13.3.1/../../../../arm-none-eabi/lib/thumb/v7e-m+fp/hard\libc_nano.a(libc_a-calloc.o)
                              ./CANopenNode/CANopen.o (calloc)
C:/ST/STM32CubeIDE_1.18.1/STM32CubeIDE/plugins/com.st.stm32cube.ide.mcu.externaltools.gnu-tools-for-stm32.13.3.rel1.win32_1.0.0.202411081344/tools/bin/../lib/gcc/arm-none-eabi/13.3.1/../../../../arm-none-eabi/lib/thumb/v7e-m+fp/hard\libc_nano.a(libc_a-callocr.o)
                              C:/ST/STM32CubeIDE_1.18.1/STM32CubeIDE/plugins/com.st.stm32cube.ide.mcu.externaltools.gnu-tools-for-stm32.13.3.rel1.win32_1.0.0.202411081344/tools/bin/../lib/gcc/arm-none-eabi/13.3.1/../../../../arm-none-eabi/lib/thumb/v7e-m+fp/hard\libc_nano.a(libc_a-calloc.o) (_calloc_r)
C:/ST/STM32CubeIDE_1.18.1/STM32CubeIDE/plugins/com.st.stm32cube.ide.mcu.externaltools.gnu-tools-for-stm32.13.3.rel1.win32_1.0.0.202411081344/tools/bin/../lib/gcc/arm-none-eabi/13.3.1/../../../../arm-none-eabi/lib/thumb/v7e-m+fp/hard\libc_nano.a(libc_a-exit.o)
                              C:/ST/STM32CubeIDE_1.18.1/STM32CubeIDE/plugins/com.st.stm32cube.ide.mcu.externaltools.gnu-tools-for-stm32.13.3.rel1.win32_1.0.0.202411081344/tools/bin/../lib/gcc/arm-none-eabi/13.3.1/../../../../arm-none-eabi/lib/thumb/v7e-m+fp/hard/crt0.o (exit)
C:/ST/STM32CubeIDE_1.18.1/STM32CubeIDE/plugins/com.st.stm32cube.ide.mcu.externaltools.gnu-tools-for-stm32.13.3.rel1.win32_1.0.0.202411081344/tools/bin/../lib/gcc/arm-none-eabi/13.3.1/../../../../arm-none-eabi/lib/thumb/v7e-m+fp/hard\libc_nano.a(libc_a-malloc.o)
                              ./CANopenNode/CANopen.o (free)
C:/ST/STM32CubeIDE_1.18.1/STM32CubeIDE/plugins/com.st.stm32cube.ide.mcu.externaltools.gnu-tools-for-stm32.13.3.rel1.win32_1.0.0.202411081344/tools/bin/../lib/gcc/arm-none-eabi/13.3.1/../../../../arm-none-eabi/lib/thumb/v7e-m+fp/hard\libc_nano.a(libc_a-mallocr.o)
                              C:/ST/STM32CubeIDE_1.18.1/STM32CubeIDE/plugins/com.st.stm32cube.ide.mcu.externaltools.gnu-tools-for-stm32.13.3.rel1.win32_1.0.0.202411081344/tools/bin/../lib/gcc/arm-none-eabi/13.3.1/../../../../arm-none-eabi/lib/thumb/v7e-m+fp/hard\libc_nano.a(libc_a-callocr.o) (_malloc_r)
C:/ST/STM32CubeIDE_1.18.1/STM32CubeIDE/plugins/com.st.stm32cube.ide.mcu.externaltools.gnu-tools-for-stm32.13.3.rel1.win32_1.0.0.202411081344/tools/bin/../lib/gcc/arm-none-eabi/13.3.1/../../../../arm-none-eabi/lib/thumb/v7e-m+fp/hard\libc_nano.a(libc_a-mlock.o)
                              C:/ST/STM32CubeIDE_1.18.1/STM32CubeIDE/plugins/com.st.stm32cube.ide.mcu.externaltools.gnu-tools-for-stm32.13.3.rel1.win32_1.0.0.202411081344/tools/bin/../lib/gcc/arm-none-eabi/13.3.1/../../../../arm-none-eabi/lib/thumb/v7e-m+fp/hard\libc_nano.a(libc_a-mallocr.o) (__malloc_lock)
C:/ST/STM32CubeIDE_1.18.1/STM32CubeIDE/plugins/com.st.stm32cube.ide.mcu.externaltools.gnu-tools-for-stm32.13.3.rel1.win32_1.0.0.202411081344/tools/bin/../lib/gcc/arm-none-eabi/13.3.1/../../../../arm-none-eabi/lib/thumb/v7e-m+fp/hard\libc_nano.a(libc_a-fflush.o)
                              ./CANopenNode_STM32/CO_app_STM32.o (fflush)
C:/ST/STM32CubeIDE_1.18.1/STM32CubeIDE/plugins/com.st.stm32cube.ide.mcu.externaltools.gnu-tools-for-stm32.13.3.rel1.win32_1.0.0.202411081344/tools/bin/../lib/gcc/arm-none-eabi/13.3.1/../../../../arm-none-eabi/lib/thumb/v7e-m+fp/hard\libc_nano.a(libc_a-findfp.o)
                              C:/ST/STM32CubeIDE_1.18.1/STM32CubeIDE/plugins/com.st.stm32cube.ide.mcu.externaltools.gnu-tools-for-stm32.13.3.rel1.win32_1.0.0.202411081344/tools/bin/../lib/gcc/arm-none-eabi/13.3.1/../../../../arm-none-eabi/lib/thumb/v7e-m+fp/hard\libc_nano.a(libc_a-fflush.o) (__sglue)
C:/ST/STM32CubeIDE_1.18.1/STM32CubeIDE/plugins/com.st.stm32cube.ide.mcu.externaltools.gnu-tools-for-stm32.13.3.rel1.win32_1.0.0.202411081344/tools/bin/../lib/gcc/arm-none-eabi/13.3.1/../../../../arm-none-eabi/lib/thumb/v7e-m+fp/hard\libc_nano.a(libc_a-fwalk.o)
                              C:/ST/STM32CubeIDE_1.18.1/STM32CubeIDE/plugins/com.st.stm32cube.ide.mcu.externaltools.gnu-tools-for-stm32.13.3.rel1.win32_1.0.0.202411081344/tools/bin/../lib/gcc/arm-none-eabi/13.3.1/../../../../arm-none-eabi/lib/thumb/v7e-m+fp/hard\libc_nano.a(libc_a-fflush.o) (_fwalk_sglue)
C:/ST/STM32CubeIDE_1.18.1/STM32CubeIDE/plugins/com.st.stm32cube.ide.mcu.externaltools.gnu-tools-for-stm32.13.3.rel1.win32_1.0.0.202411081344/tools/bin/../lib/gcc/arm-none-eabi/13.3.1/../../../../arm-none-eabi/lib/thumb/v7e-m+fp/hard\libc_nano.a(libc_a-printf.o)
                              ./CANopenNode_STM32/CO_app_STM32.o (printf)
[...]
Memory Configuration

Name             Origin             Length             Attributes
RAM              0x20000000         0x0000c000         xrw
RAM2             0x10000000         0x00004000         xrw
FLASH            0x08000000         0x0003f800         xr
*default*        0x00000000         0xffffffff

Linker script and memory map

LOAD C:/ST/STM32CubeIDE_1.18.1/STM32CubeIDE/plugins/com.st.stm32cube.ide.mcu.externaltools.gnu-tools-for-stm32.13.3.rel1.win32_1.0.0.202411081344/tools/bin/../lib/gcc/arm-none-eabi/13.3.1/thumb/v7e-m+fp/hard/crti.o
LOAD C:/ST/STM32CubeIDE_1.18.1/STM32CubeIDE/plugins/com.st.stm32cube.ide.mcu.externaltools.gnu-tools-for-stm32.13.3.rel1.win32_1.0.0.202411081344/tools/bin/../lib/gcc/arm-none-eabi/13.3.1/thumb/v7e-m+fp/hard/crtbegin.o
LOAD C:/ST/STM32CubeIDE_1.18.1/STM32CubeIDE/plugins/com.st.stm32cube.ide.mcu.externaltools.gnu-tools-for-stm32.13.3.rel1.win32_1.0.0.202411081344/tools/bin/../lib/gcc/arm-none-eabi/13.3.1/../../../../arm-none-eabi/lib/thumb/v7e-m+fp/hard/crt0.o
LOAD ./CANopenNode/301/CO_Emergency.o
LOAD ./CANopenNode/301/CO_HBconsumer.o
LOAD ./CANopenNode/301/CO_NMT_Heartbeat.o
LOAD ./CANopenNode/301/CO_Node_Guarding.o
LOAD ./CANopenNode/301/CO_ODinterface.o
LOAD ./CANopenNode/301/CO_PDO.o
LOAD ./CANopenNode/301/CO_SDOclient.o
LOAD ./CANopenNode/301/CO_SDOserver.o
LOAD ./CANopenNode/301/CO_SYNC.o
LOAD ./CANopenNode/301/CO_TIME.o
LOAD ./CANopenNode/301/CO_fifo.o
LOAD ./CANopenNode/301/crc16-ccitt.o
LOAD ./CANopenNode/303/CO_LEDs.o
LOAD ./CANopenNode/304/CO_GFC.o
LOAD ./CANopenNode/304/CO_SRDO.o
LOAD ./CANopenNode/305/CO_LSSmaster.o
LOAD ./CANopenNode/305/CO_LSSslave.o
LOAD ./CANopenNode/309/CO_gateway_ascii.o
LOAD ./CANopenNode/CANopen.o
LOAD ./CANopenNode/extra/CO_trace.o
LOAD ./CANopenNode/storage/CO_storage.o
LOAD ./CANopenNode/storage/CO_storageEeprom.o
LOAD ./CANopenNode_STM32/CO_app_STM32.o
LOAD ./CANopenNode_STM32/CO_driver_STM32.o
LOAD ./CANopenNode_STM32/CO_storageBlank.o
LOAD ./CANopenNode_STM32/OD.o
LOAD ./Core/Src/DriveProcess.o
LOAD ./Core/Src/SteeringProcess.o
LOAD ./Core/Src/event.o
LOAD ./Core/Src/flash.o
LOAD ./Core/Src/main.o
LOAD ./Core/Src/stm32l4xx_hal_msp.o
LOAD ./Core/Src/stm32l4xx_it.o
LOAD ./Core/Src/syscalls.o
LOAD ./Core/Src/sysmem.o
LOAD ./Core/Src/system_stm32l4xx.o
LOAD ./Core/Src/xf.o
LOAD ./Core/Startup/startup_stm32l432kcux.o
LOAD ./Drivers/STM32L4xx_HAL_Driver/Src/stm32l4xx_hal.o
LOAD ./Drivers/STM32L4xx_HAL_Driver/Src/stm32l4xx_hal_adc.o
LOAD ./Drivers/STM32L4xx_HAL_Driver/Src/stm32l4xx_hal_adc_ex.o
LOAD ./Drivers/STM32L4xx_HAL_Driver/Src/stm32l4xx_hal_can.o
LOAD ./Drivers/STM32L4xx_HAL_Driver/Src/stm32l4xx_hal_cortex.o
LOAD ./Drivers/STM32L4xx_HAL_Driver/Src/stm32l4xx_hal_dma.o
LOAD ./Drivers/STM32L4xx_HAL_Driver/Src/stm32l4xx_hal_dma_ex.o
LOAD ./Drivers/STM32L4xx_HAL_Driver/Src/stm32l4xx_hal_exti.o
LOAD ./Drivers/STM32L4xx_HAL_Driver/Src/stm32l4xx_hal_flash.o
LOAD ./Drivers/STM32L4xx_HAL_Driver/Src/stm32l4xx_hal_flash_ex.o
LOAD ./Drivers/STM32L4xx_HAL_Driver/Src/stm32l4xx_hal_flash_ramfunc.o
LOAD ./Drivers/STM32L4xx_HAL_Driver/Src/stm32l4xx_hal_gpio.o
LOAD ./Drivers/STM32L4xx_HAL_Driver/Src/stm32l4xx_hal_i2c.o
LOAD ./Drivers/STM32L4xx_HAL_Driver/Src/stm32l4xx_hal_i2c_ex.o
LOAD ./Drivers/STM32L4xx_HAL_Driver/Src/stm32l4xx_hal_pwr.o
LOAD ./Drivers/STM32L4xx_HAL_Driver/Src/stm32l4xx_hal_pwr_ex.o
LOAD ./Drivers/STM32L4xx_HAL_Driver/Src/stm32l4xx_hal_rcc.o
LOAD ./Drivers/STM32L4xx_HAL_Driver/Src/stm32l4xx_hal_rcc_ex.o
LOAD ./Drivers/STM32L4xx_HAL_Driver/Src/stm32l4xx_hal_tim.o
LOAD ./Drivers/STM32L4xx_HAL_Driver/Src/stm32l4xx_hal_tim_ex.o
LOAD ./Drivers/STM32L4xx_HAL_Driver/Src/stm32l4xx_hal_uart.o
LOAD ./Drivers/STM32L4xx_HAL_Driver/Src/stm32l4xx_hal_uart_ex.o
START GROUP
LOAD C:/ST/STM32CubeIDE_1.18.1/STM32CubeIDE/plugins/com.st.stm32cube.ide.mcu.externaltools.gnu-tools-for-stm32.13.3.rel1.win32_1.0.0.202411081344/tools/bin/../lib/gcc/arm-none-eabi/13.3.1/../../../../arm-none-eabi/lib/thumb/v7e-m+fp/hard\libc_nano.a
LOAD C:/ST/STM32CubeIDE_1.18.1/STM32CubeIDE/plugins/com.st.stm32cube.ide.mcu.externaltools.gnu-tools-for-stm32.13.3.rel1.win32_1.0.0.202411081344/tools/bin/../lib/gcc/arm-none-eabi/13.3.1/../../../../arm-none-eabi/lib/thumb/v7e-m+fp/hard\libm.a
END GROUP
START GROUP
LOAD C:/ST/STM32CubeIDE_1.18.1/STM32CubeIDE/plugins/com.st.stm32cube.ide.mcu.externaltools.gnu-tools-for-stm32.13.3.rel1.win32_1.0.0.202411081344/tools/bin/../lib/gcc/arm-none-eabi/13.3.1/thumb/v7e-m+fp/hard\libgcc.a
LOAD C:/ST/STM32CubeIDE_1.18.1/STM32CubeIDE/plugins/com.st.stm32cube.ide.mcu.externaltools.gnu-tools-for-stm32.13.3.rel1.win32_1.0.0.202411081344/tools/bin/../lib/gcc/arm-none-eabi/13.3.1/../../../../arm-none-eabi/lib/thumb/v7e-m+fp/hard\libc_nano.a
END GROUP
START GROUP
LOAD C:/ST/STM32CubeIDE_1.18.1/STM32CubeIDE/plugins/com.st.stm32cube.ide.mcu.externaltools.gnu-tools-for-stm32.13.3.rel1.win32_1.0.0.202411081344/tools/bin/../lib/gcc/arm-none-eabi/13.3.1/thumb/v7e-m+fp/hard\libgcc.a
LOAD C:/ST/STM32CubeIDE_1.18.1/STM32CubeIDE/plugins/com.st.stm32cube.ide.mcu.externaltools.gnu-tools-for-stm32.13.3.rel1.win32_1.0.0.202411081344/tools/bin/../lib/gcc/arm-none-eabi/13.3.1/../../../../arm-none-eabi/lib/thumb/v7e-m+fp/hard\libc_nano.a
LOAD C:/ST/STM32CubeIDE_1.18.1/STM32CubeIDE/plugins/com.st.stm32cube.ide.mcu.externaltools.gnu-tools-for-stm32.13.3.rel1.win32_1.0.0.202411081344/tools/bin/../lib/gcc/arm-none-eabi/13.3.1/../../../../arm-none-eabi/lib/thumb/v7e-m+fp/hard\libnosys.a
END GROUP
START GROUP
LOAD C:/ST/STM32CubeIDE_1.18.1/STM32CubeIDE/plugins/com.st.stm32cube.ide.mcu.externaltools.gnu-tools-for-stm32.13.3.rel1.win32_1.0.0.202411081344/tools/bin/../lib/gcc/arm-none-eabi/13.3.1/thumb/v7e-m+fp/hard\libgcc.a
LOAD C:/ST/STM32CubeIDE_1.18.1/STM32CubeIDE/plugins/com.st.stm32cube.ide.mcu.externaltools.gnu-tools-for-stm32.13.3.rel1.win32_1.0.0.202411081344/tools/bin/../lib/gcc/arm-none-eabi/13.3.1/../../../../arm-none-eabi/lib/thumb/v7e-m+fp/hard\libc_nano.a
LOAD C:/ST/STM32CubeIDE_1.18.1/STM32CubeIDE/plugins/com.st.stm32cube.ide.mcu.externaltools.gnu-tools-for-stm32.13.3.rel1.win32_1.0.0.202411081344/tools/bin/../lib/gcc/arm-none-eabi/13.3.1/../../../../arm-none-eabi/lib/thumb/v7e-m+fp/hard\libnosys.a
END GROUP
LOAD C:/ST/STM32CubeIDE_1.18.1/STM32CubeIDE/plugins/com.st.stm32cube.ide.mcu.externaltools.gnu-tools-for-stm32.13.3.rel1.win32_1.0.0.202411081344/tools/bin/../lib/gcc/arm-none-eabi/13.3.1/thumb/v7e-m+fp/hard/crtend.o
LOAD C:/ST/STM32CubeIDE_1.18.1/STM32CubeIDE/plugins/com.st.stm32cube.ide.mcu.externaltools.gnu-tools-for-stm32.13.3.rel1.win32_1.0.0.202411081344/tools/bin/../lib/gcc/arm-none-eabi/13.3.1/thumb/v7e-m+fp/hard/crtn.o
                0x2000c000                        _estack = (ORIGIN (RAM) + LENGTH (RAM))
                0x00000200                        _Min_Heap_Size = 0x200
                0x00000400                        _Min_Stack_Size = 0x400

.isr_vector     0x08000000      0x18c
                0x08000000                        . = ALIGN (0x4)
 *(.isr_vector)
 .isr_vector    0x08000000      0x18c ./Core/Startup/startup_stm32l432kcux.o
                0x08000000                g_pfnVectors
                0x0800018c                        . = ALIGN (0x4)

.text           0x08000190    0x126e0
                0x08000190                        . = ALIGN (0x4)
 *(.text)
 .text          0x08000190       0x40 C:/ST/STM32CubeIDE_1.18.1/STM32CubeIDE/plugins/com.st.stm32cube.ide.mcu.externaltools.gnu-tools-for-stm32.13.3.rel1.win32_1.0.0.202411081344/tools/bin/../lib/gcc/arm-none-eabi/13.3.1/thumb/v7e-m+fp/hard/crtbegin.o
 .text          0x080001d0       0x10 C:/ST/STM32CubeIDE_1.18.1/STM32CubeIDE/plugins/com.st.stm32cube.ide.mcu.externaltools.gnu-tools-for-stm32.13.3.rel1.win32_1.0.0.202411081344/tools/bin/../lib/gcc/arm-none-eabi/13.3.1/../../../../arm-none-eabi/lib/thumb/v7e-m+fp/hard\libc_nano.a(libc_a-strlen.o)
                0x080001d0                strlen
 .text          0x080001e0       0xa0 C:/ST/STM32CubeIDE_1.18.1/STM32CubeIDE/plugins/com.st.stm32cube.ide.mcu.externaltools.gnu-tools-for-stm32.13.3.rel1.win32_1.0.0.202411081344/tools/bin/../lib/gcc/arm-none-eabi/13.3.1/../../../../arm-none-eabi/lib/thumb/v7e-m+fp/hard\libc_nano.a(libc_a-memchr.o)
                0x080001e0                memchr
 .text          0x08000280      0x378 C:/ST/STM32CubeIDE_1.18.1/STM32CubeIDE/plugins/com.st.stm32cube.ide.mcu.externaltools.gnu-tools-for-stm32.13.3.rel1.win32_1.0.0.202411081344/tools/bin/../lib/gcc/arm-none-eabi/13.3.1/thumb/v7e-m+fp/hard\libgcc.a(_arm_addsubdf3.o)
                0x08000280                __aeabi_drsub
                0x08000288                __aeabi_dsub
                0x08000288                __subdf3
                0x0800028c                __aeabi_dadd
                0x0800028c                __adddf3
                0x08000504                __floatunsidf
                0x08000504                __aeabi_ui2d
                0x08000524                __floatsidf
                0x08000524                __aeabi_i2d
                0x08000548                __aeabi_f2d
                0x08000548                __extendsfdf2
                0x0800058c                __floatundidf
                0x0800058c                __aeabi_ul2d
                0x0800059c                __floatdidf
                0x0800059c                __aeabi_l2d
 .text          0x080005f8      0x424 C:/ST/STM32CubeIDE_1.18.1/STM32CubeIDE/plugins/com.st.stm32cube.ide.mcu.externaltools.gnu-tools-for-stm32.13.3.rel1.win32_1.0.0.202411081344/tools/bin/../lib/gcc/arm-none-eabi/13.3.1/thumb/v7e-m+fp/hard\libgcc.a(_arm_muldivdf3.o)
                0x080005f8                __aeabi_dmul
                0x080005f8                __muldf3
                0x0800084c                __divdf3
                0x0800084c                __aeabi_ddiv
 .text          0x08000a1c      0x110 C:/ST/STM32CubeIDE_1.18.1/STM32CubeIDE/plugins/com.st.stm32cube.ide.mcu.externaltools.gnu-tools-for-stm32.13.3.rel1.win32_1.0.0.202411081344/tools/bin/../lib/gcc/arm-none-eabi/13.3.1/thumb/v7e-m+fp/hard\libgcc.a(_arm_cmpdf2.o)
                0x08000a1c                __gtdf2
                0x08000a1c                __gedf2
                0x08000a24                __ltdf2
                0x08000a24                __ledf2
                0x08000a2c                __nedf2
                0x08000a2c                __eqdf2
                0x08000a2c                __cmpdf2
                0x08000aa8                __aeabi_cdrcmple
                0x08000ab8                __aeabi_cdcmpeq
                0x08000ab8                __aeabi_cdcmple
                0x08000ac8                __aeabi_dcmpeq
                0x08000adc                __aeabi_dcmplt
                0x08000af0                __aeabi_dcmple
                0x08000b04                __aeabi_dcmpge
                0x08000b18                __aeabi_dcmpgt
 .text          0x08000b2c       0x50 C:/ST/STM32CubeIDE_1.18.1/STM32CubeIDE/plugins/com.st.stm32cube.ide.mcu.externaltools.gnu-tools-for-stm32.13.3.rel1.win32_1.0.0.202411081344/tools/bin/../lib/gcc/arm-none-eabi/13.3.1/thumb/v7e-m+fp/hard\libgcc.a(_arm_fixdfsi.o)
                0x08000b2c                __aeabi_d2iz
                0x08000b2c                __fixdfsi
 .text          0x08000b7c       0x30 C:/ST/STM32CubeIDE_1.18.1/STM32CubeIDE/plugins/com.st.stm32cube.ide.mcu.externaltools.gnu-tools-for-stm32.13.3.rel1.win32_1.0.0.202411081344/tools/bin/../lib/gcc/arm-none-eabi/13.3.1/thumb/v7e-m+fp/hard\libgcc.a(_aeabi_uldivmod.o)
                0x08000b7c                __aeabi_uldivmod
 .text          0x08000bac      0x2f8 C:/ST/STM32CubeIDE_1.18.1/STM32CubeIDE/plugins/com.st.stm32cube.ide.mcu.externaltools.gnu-tools-for-stm32.13.3.rel1.win32_1.0.0.202411081344/tools/bin/../lib/gcc/arm-none-eabi/13.3.1/thumb/v7e-m+fp/hard\libgcc.a(_udivmoddi4.o)
                0x08000bac                __udivmoddi4
 .text          0x08000ea4        0x4 C:/ST/STM32CubeIDE_1.18.1/STM32CubeIDE/plugins/com.st.stm32cube.ide.mcu.externaltools.gnu-tools-for-stm32.13.3.rel1.win32_1.0.0.202411081344/tools/bin/../lib/gcc/arm-none-eabi/13.3.1/thumb/v7e-m+fp/hard\libgcc.a(_dvmd_tls.o)
                0x08000ea4                __aeabi_idiv0
                0x08000ea4                __aeabi_ldiv0
 *(.text*)
 .text.CO_getUint8
                0x08000ea8       0x1c ./CANopenNode/301/CO_Emergency.o
 .text.CO_setUint8
                0x08000ec4       0x20 ./CANopenNode/301/CO_Emergency.o
 .text.CO_setUint32
                0x08000ee4       0x1e ./CANopenNode/301/CO_Emergency.o
 .text.OD_getIndex
                0x08000f02       0x22 ./CANopenNode/301/CO_Emergency.o
 .text.OD_extension_init
                0x08000f24       0x28 ./CANopenNode/301/CO_Emergency.o
 .text.OD_get_u32
                0x08000f4c       0x2a ./CANopenNode/301/CO_Emergency.o
 .text.OD_read_1014_default
                0x08000f76       0x70 ./CANopenNode/301/CO_Emergency.o
 .text.OD_read_1003
                0x08000fe6       0xda ./CANopenNode/301/CO_Emergency.o
 .text.OD_write_1003
                0x080010c0       0x60 ./CANopenNode/301/CO_Emergency.o
 .text.CO_EM_init
                0x08001120      0x1c0 ./CANopenNode/301/CO_Emergency.o
                0x08001120                CO_EM_init
 .text.CO_EM_process
                0x080012e0      0x296 ./CANopenNode/301/CO_Emergency.o
                0x080012e0                CO_EM_process
 .text.CO_error
                0x08001576      0x17a ./CANopenNode/301/CO_Emergency.o
                0x08001576                CO_error
 .text.CO_getUint32
                0x080016f0       0x1c ./CANopenNode/301/CO_HBconsumer.o
 .text.OD_getIndex
                0x0800170c       0x22 ./CANopenNode/301/CO_HBconsumer.o
 .text.OD_extension_init
                0x0800172e       0x28 ./CANopenNode/301/CO_HBconsumer.o
 .text.OD_get_u32
                0x08001756       0x2a ./CANopenNode/301/CO_HBconsumer.o
 .text.CO_HBcons_receive
                0x08001780       0x3c ./CANopenNode/301/CO_HBconsumer.o
 .text.OD_write_1016
                0x080017bc       0x92 ./CANopenNode/301/CO_HBconsumer.o
 *fill*         0x0800184e        0x2 
 .text.CO_HBconsumer_init
                0x08001850      0x154 ./CANopenNode/301/CO_HBconsumer.o
                0x08001850                CO_HBconsumer_init
 .text.CO_HBconsumer_initEntry
                0x080019a4      0x12c ./CANopenNode/301/CO_HBconsumer.o
 .text.CO_HBconsumer_process
                0x08001ad0      0x1aa ./CANopenNode/301/CO_HBconsumer.o
                0x08001ad0                CO_HBconsumer_process
 .text.CO_getUint16
                0x08001c7a       0x1e ./CANopenNode/301/CO_NMT_Heartbeat.o
 .text.OD_getIndex
                0x08001c98       0x22 ./CANopenNode/301/CO_NMT_Heartbeat.o
 .text.OD_extension_init
                0x08001cba       0x28 ./CANopenNode/301/CO_NMT_Heartbeat.o
 .text.OD_get_u16
                0x08001ce2       0x2a ./CANopenNode/301/CO_NMT_Heartbeat.o
 .text.CO_isError
                0x08001d0c       0x4e ./CANopenNode/301/CO_NMT_Heartbeat.o
 .text.CO_getErrorRegister
                0x08001d5a       0x2c ./CANopenNode/301/CO_NMT_Heartbeat.o
 .text.CO_NMT_receive
                0x08001d86       0x50 ./CANopenNode/301/CO_NMT_Heartbeat.o
 .text.OD_write_1017
                0x08001dd6       0x6a ./CANopenNode/301/CO_NMT_Heartbeat.o
 .text.CO_NMT_init
                0x08001e40      0x1b4 ./CANopenNode/301/CO_NMT_Heartbeat.o
                0x08001e40                CO_NMT_init
 .text.CO_NMT_process
                0x08001ff4      0x22e ./CANopenNode/301/CO_NMT_Heartbeat.o
                0x08001ff4                CO_NMT_process
 .text.CO_NMT_sendCommand
                0x08002222       0x5c ./CANopenNode/301/CO_NMT_Heartbeat.o
                0x08002222                CO_NMT_sendCommand
 .text.OD_readOriginal
                0x0800227e       0xb0 ./CANopenNode/301/CO_ODinterface.o
                0x0800227e                OD_readOriginal
 .text.OD_writeOriginal
                0x0800232e       0xda ./CANopenNode/301/CO_ODinterface.o
                0x0800232e                OD_writeOriginal
 .text.OD_readDisabled
                0x08002408       0x1c ./CANopenNode/301/CO_ODinterface.o
 .text.OD_writeDisabled
                0x08002424       0x1c ./CANopenNode/301/CO_ODinterface.o
 .text.OD_find  0x08002440       0xb8 ./CANopenNode/301/CO_ODinterface.o
                0x08002440                OD_find
 .text.OD_getSub
                0x080024f8      0x210 ./CANopenNode/301/CO_ODinterface.o
                0x080024f8                OD_getSub
 .text.OD_getSDOabCode
                0x08002708       0x3c ./CANopenNode/301/CO_ODinterface.o
                0x08002708                OD_getSDOabCode
 .text.OD_get_value
                0x08002744       0x7a ./CANopenNode/301/CO_ODinterface.o
                0x08002744                OD_get_value
 .text.OD_set_value
                0x080027be       0x7a ./CANopenNode/301/CO_ODinterface.o
                0x080027be                OD_set_value
 .text.OD_getPtr
                0x08002838       0x86 ./CANopenNode/301/CO_ODinterface.o
                0x08002838                OD_getPtr
 .text.CO_getUint8
                0x080028be       0x1c ./CANopenNode/301/CO_PDO.o
 .text.CO_getUint16
                0x080028da       0x1e ./CANopenNode/301/CO_PDO.o
 .text.CO_getUint32
                0x080028f8       0x1c ./CANopenNode/301/CO_PDO.o
 .text.CO_setUint32
                0x08002914       0x1e ./CANopenNode/301/CO_PDO.o
 .text.OD_getIndex
                0x08002932       0x22 ./CANopenNode/301/CO_PDO.o
 .text.OD_extension_init
                0x08002954       0x28 ./CANopenNode/301/CO_PDO.o
 .text.OD_get_u8
                0x0800297c       0x2a ./CANopenNode/301/CO_PDO.o
 .text.OD_get_u16
                0x080029a6       0x2a ./CANopenNode/301/CO_PDO.o
 .text.OD_get_u32
                0x080029d0       0x2a ./CANopenNode/301/CO_PDO.o
 .text.OD_write_dummy
                0x080029fa       0x28 ./CANopenNode/301/CO_PDO.o
 .text.OD_read_dummy
                0x08002a22       0x4e ./CANopenNode/301/CO_PDO.o
 .text.PDOconfigMap
                0x08002a70      0x17c ./CANopenNode/301/CO_PDO.o
 .text.PDO_initMapping
                0x08002bec      0x154 ./CANopenNode/301/CO_PDO.o
 .text.OD_write_PDO_mapping
                0x08002d40      0x132 ./CANopenNode/301/CO_PDO.o
 .text.OD_read_PDO_commParam
                0x08002e72       0x9c ./CANopenNode/301/CO_PDO.o
 .text.CO_PDO_receive
                0x08002f0e       0xbc ./CANopenNode/301/CO_PDO.o
 *fill*         0x08002fca        0x2 
 .text.OD_write_14xx
                0x08002fcc      0x240 ./CANopenNode/301/CO_PDO.o
 .text.CO_RPDO_init
                0x0800320c      0x284 ./CANopenNode/301/CO_PDO.o
                0x0800320c                CO_RPDO_init
 .text.CO_RPDO_process
                0x08003490      0x296 ./CANopenNode/301/CO_PDO.o
                0x08003490                CO_RPDO_process
 *fill*         0x08003726        0x2 
 .text.OD_write_18xx
                0x08003728      0x2a4 ./CANopenNode/301/CO_PDO.o
 .text.CO_TPDO_init
                0x080039cc      0x2e0 ./CANopenNode/301/CO_PDO.o
                0x080039cc                CO_TPDO_init
 .text.CO_TPDOsend
                0x08003cac      0x188 ./CANopenNode/301/CO_PDO.o
 .text.CO_TPDO_process
                0x08003e34      0x200 ./CANopenNode/301/CO_PDO.o
                0x08003e34                CO_TPDO_process
 .text.CO_getUint8
                0x08004034       0x1c ./CANopenNode/301/CO_SDOserver.o
 .text.CO_getUint32
                0x08004050       0x1c ./CANopenNode/301/CO_SDOserver.o
 .text.OD_getIndex
                0x0800406c       0x22 ./CANopenNode/301/CO_SDOserver.o
 .text.OD_extension_init
                0x0800408e       0x28 ./CANopenNode/301/CO_SDOserver.o
 .text.OD_get_u8
                0x080040b6       0x2a ./CANopenNode/301/CO_SDOserver.o
 .text.OD_get_u32
                0x080040e0       0x2a ./CANopenNode/301/CO_SDOserver.o
 .text.OD_set_u32
                0x0800410a       0x2a ./CANopenNode/301/CO_SDOserver.o
 .text.CO_SDO_receive
                0x08004134       0x54 ./CANopenNode/301/CO_SDOserver.o
 .text.CO_SDOserver_init_canRxTx
                0x08004188       0xd8 ./CANopenNode/301/CO_SDOserver.o
 .text.OD_write_1201_additional
                0x08004260      0x224 ./CANopenNode/301/CO_SDOserver.o
 .text.CO_SDOserver_init
                0x08004484      0x228 ./CANopenNode/301/CO_SDOserver.o
                0x08004484                CO_SDOserver_init
 .text.validateAndWriteToOD
                0x080046ac      0x220 ./CANopenNode/301/CO_SDOserver.o
 .text.readFromOd
                0x080048cc      0x18c ./CANopenNode/301/CO_SDOserver.o
 .text.CO_SDOserver_process
                0x08004a58      0xa34 ./CANopenNode/301/CO_SDOserver.o
                0x08004a58                CO_SDOserver_process
 .text.CO_getUint8
                0x0800548c       0x1c ./CANopenNode/301/CO_SYNC.o
 .text.CO_getUint32
                0x080054a8       0x1c ./CANopenNode/301/CO_SYNC.o
 .text.OD_getIndex
                0x080054c4       0x22 ./CANopenNode/301/CO_SYNC.o
 .text.OD_extension_init
                0x080054e6       0x28 ./CANopenNode/301/CO_SYNC.o
 .text.OD_get_u8
                0x0800550e       0x2a ./CANopenNode/301/CO_SYNC.o
 .text.OD_get_u32
                0x08005538       0x2a ./CANopenNode/301/CO_SYNC.o
 .text.CO_SYNCsend
                0x08005562       0x64 ./CANopenNode/301/CO_SYNC.o
 .text.CO_SYNC_receive
                0x080055c6       0x8c ./CANopenNode/301/CO_SYNC.o
 *fill*         0x08005652        0x2 
 .text.OD_write_1005
                0x08005654      0x188 ./CANopenNode/301/CO_SYNC.o
 .text.OD_write_1019
                0x080057dc       0xbc ./CANopenNode/301/CO_SYNC.o
 .text.CO_SYNC_init
                0x08005898      0x24c ./CANopenNode/301/CO_SYNC.o
                0x08005898                CO_SYNC_init
 .text.CO_SYNC_process
                0x08005ae4      0x172 ./CANopenNode/301/CO_SYNC.o
                0x08005ae4                CO_SYNC_process
 .text.CO_getUint16
                0x08005c56       0x1e ./CANopenNode/301/CO_TIME.o
 .text.CO_getUint32
                0x08005c74       0x1c ./CANopenNode/301/CO_TIME.o
 .text.OD_getIndex
                0x08005c90       0x22 ./CANopenNode/301/CO_TIME.o
 .text.OD_extension_init
                0x08005cb2       0x28 ./CANopenNode/301/CO_TIME.o
 .text.OD_get_u32
                0x08005cda       0x2a ./CANopenNode/301/CO_TIME.o
 .text.CO_TIME_receive
                0x08005d04       0x3a ./CANopenNode/301/CO_TIME.o
 *fill*         0x08005d3e        0x2 
 .text.OD_write_1012
                0x08005d40       0xe4 ./CANopenNode/301/CO_TIME.o
 .text.CO_TIME_init
                0x08005e24      0x100 ./CANopenNode/301/CO_TIME.o
                0x08005e24                CO_TIME_init
 .text.CO_TIME_process
                0x08005f24       0xec ./CANopenNode/301/CO_TIME.o
                0x08005f24                CO_TIME_process
 .text.CO_LEDs_init
                0x08006010       0x2e ./CANopenNode/303/CO_LEDs.o
                0x08006010                CO_LEDs_init
 *fill*         0x0800603e        0x2 
 .text.CO_LEDs_process
                0x08006040      0x360 ./CANopenNode/303/CO_LEDs.o
                0x08006040                CO_LEDs_process
 .text.CO_LSSslave_receive
                0x080063a0      0x2c8 ./CANopenNode/305/CO_LSSslave.o
 .text.CO_LSSslave_init
                0x08006668       0xec ./CANopenNode/305/CO_LSSslave.o
                0x08006668                CO_LSSslave_init
 .text.CO_LSSslave_process
                0x08006754      0x428 ./CANopenNode/305/CO_LSSslave.o
                0x08006754                CO_LSSslave_process
 .text.CO_isError
                0x08006b7c       0x4e ./CANopenNode/CANopen.o
 .text.CO_getErrorRegister
                0x08006bca       0x2c ./CANopenNode/CANopen.o
 .text.CO_NMT_getInternalState
                0x08006bf6       0x24 ./CANopenNode/CANopen.o
 .text.CO_LSSslave_getState
                0x08006c1a       0x22 ./CANopenNode/CANopen.o
 .text.CO_new   0x08006c3c      0x254 ./CANopenNode/CANopen.o
                0x08006c3c                CO_new
 .text.CO_delete
                0x08006e90       0xbe ./CANopenNode/CANopen.o
                0x08006e90                CO_delete
 .text.CO_CANinit
                0x08006f4e       0x58 ./CANopenNode/CANopen.o
                0x08006f4e                CO_CANinit
 .text.CO_LSSinit
                0x08006fa6       0x58 ./CANopenNode/CANopen.o
                0x08006fa6                CO_LSSinit
 *fill*         0x08006ffe        0x2 
 .text.CO_CANopenInit
                0x08007000      0x294 ./CANopenNode/CANopen.o
                0x08007000                CO_CANopenInit
 .text.CO_CANopenInitPDO
                0x08007294      0x194 ./CANopenNode/CANopen.o
                0x08007294                CO_CANopenInitPDO
 .text.CO_process
                0x08007428      0x1f0 ./CANopenNode/CANopen.o
                0x08007428                CO_process
 .text.CO_process_SYNC
                0x08007618       0x86 ./CANopenNode/CANopen.o
                0x08007618                CO_process_SYNC
 .text.CO_process_RPDO
                0x0800769e       0x68 ./CANopenNode/CANopen.o
                0x0800769e                CO_process_RPDO
 .text.CO_process_TPDO
                0x08007706       0x68 ./CANopenNode/CANopen.o
                0x08007706                CO_process_TPDO
 *fill*         0x0800776e        0x2 
 .text.canopen_app_init
                0x08007770       0x68 ./CANopenNode_STM32/CO_app_STM32.o
                0x08007770                canopen_app_init
 .text.canopen_app_resetCommunication
                0x080077d8      0x248 ./CANopenNode_STM32/CO_app_STM32.o
                0x080077d8                canopen_app_resetCommunication
 .text.canopen_app_process
                0x08007a20       0xd8 ./CANopenNode_STM32/CO_app_STM32.o
                0x08007a20                canopen_app_process
 .text.canopen_app_interrupt
                0x08007af8       0x84 ./CANopenNode_STM32/CO_app_STM32.o
                0x08007af8                canopen_app_interrupt
 .text.CO_CANsetConfigurationMode
                0x08007b7c       0x20 ./CANopenNode_STM32/CO_driver_STM32.o
                0x08007b7c                CO_CANsetConfigurationMode
 .text.CO_CANsetNormalMode
                0x08007b9c       0x30 ./CANopenNode_STM32/CO_driver_STM32.o
                0x08007b9c                CO_CANsetNormalMode
 .text.CO_CANmodule_init
                0x08007bcc      0x178 ./CANopenNode_STM32/CO_driver_STM32.o
                0x08007bcc                CO_CANmodule_init
 .text.CO_CANmodule_disable
                0x08007d44       0x2a ./CANopenNode_STM32/CO_driver_STM32.o
                0x08007d44                CO_CANmodule_disable
 *fill*         0x08007d6e        0x2 
 .text.CO_CANrxBufferInit
                0x08007d70       0xbc ./CANopenNode_STM32/CO_driver_STM32.o
                0x08007d70                CO_CANrxBufferInit
 .text.CO_CANtxBufferInit
                0x08007e2c       0x74 ./CANopenNode_STM32/CO_driver_STM32.o
                0x08007e2c                CO_CANtxBufferInit
 .text.prv_send_can_message
                0x08007ea0       0x80 ./CANopenNode_STM32/CO_driver_STM32.o
 .text.CO_CANsend
                0x08007f20       0x8e ./CANopenNode_STM32/CO_driver_STM32.o
                0x08007f20                CO_CANsend
 .text.CO_CANclearPendingSyncPDOs
                0x08007fae       0xcc ./CANopenNode_STM32/CO_driver_STM32.o
                0x08007fae                CO_CANclearPendingSyncPDOs
 .text.CO_CANmodule_process
                0x0800807a       0x90 ./CANopenNode_STM32/CO_driver_STM32.o
                0x0800807a                CO_CANmodule_process
 *fill*         0x0800810a        0x2 
 .text.prv_read_can_received_msg
                0x0800810c       0xd8 ./CANopenNode_STM32/CO_driver_STM32.o
 .text.HAL_CAN_RxFifo0MsgPendingCallback
                0x080081e4       0x1a ./CANopenNode_STM32/CO_driver_STM32.o
                0x080081e4                HAL_CAN_RxFifo0MsgPendingCallback
 .text.HAL_CAN_RxFifo1MsgPendingCallback
                0x080081fe       0x1a ./CANopenNode_STM32/CO_driver_STM32.o
                0x080081fe                HAL_CAN_RxFifo1MsgPendingCallback
 .text.CO_CANinterrupt_TX
                0x08008218       0x9c ./CANopenNode_STM32/CO_driver_STM32.o
                0x08008218                CO_CANinterrupt_TX
 .text.HAL_CAN_TxMailbox0CompleteCallback
                0x080082b4       0x20 ./CANopenNode_STM32/CO_driver_STM32.o
                0x080082b4                HAL_CAN_TxMailbox0CompleteCallback
 .text.HAL_CAN_TxMailbox1CompleteCallback
                0x080082d4       0x20 ./CANopenNode_STM32/CO_driver_STM32.o
                0x080082d4                HAL_CAN_TxMailbox1CompleteCallback
 .text.HAL_CAN_TxMailbox2CompleteCallback
                0x080082f4       0x20 ./CANopenNode_STM32/CO_driver_STM32.o
                0x080082f4                HAL_CAN_TxMailbox2CompleteCallback
 .text.CO_TPDOsendRequest
                0x08008314       0x22 ./Core/Src/DriveProcess.o
 *fill*         0x08008336        0x2 
 .text.driveProcess
                0x08008338      0x824 ./Core/Src/DriveProcess.o
                0x08008338                driveProcess
 .text.CO_TPDOsendRequest
                0x08008b5c       0x22 ./Core/Src/SteeringProcess.o
 *fill*         0x08008b7e        0x2 
 .text.steeringProcess
                0x08008b80      0xb28 ./Core/Src/SteeringProcess.o
                0x08008b80                steeringProcess
 .text.target_position
                0x080096a8       0x48 ./Core/Src/SteeringProcess.o
                0x080096a8                target_position
 .text.sendSinus
                0x080096f0       0x80 ./Core/Src/SteeringProcess.o
                0x080096f0                sendSinus
 .text.Event_init
                0x08009770       0x26 ./Core/Src/event.o
                0x08009770                Event_init
 .text.Event_setPE
                0x08009796       0x1c ./Core/Src/event.o
                0x08009796                Event_setPE
 .text.Event_setId
                0x080097b2       0x1e ./Core/Src/event.o
                0x080097b2                Event_setId
 .text.Event_setDelay
                0x080097d0       0x1e ./Core/Src/event.o
                0x080097d0                Event_setDelay
 .text.Event_getDelay
                0x080097ee       0x18 ./Core/Src/event.o
                0x080097ee                Event_getDelay
 *fill*         0x08009806        0x2 
 .text.GetPage  0x08009808       0x80 ./Core/Src/flash.o
 .text.GetBank  0x08009888       0x16 ./Core/Src/flash.o
 *fill*         0x0800989e        0x2 
 .text.FlashErase
                0x080098a0       0x98 ./Core/Src/flash.o
                0x080098a0                FlashErase
 .text.FlashWrite
                0x08009938       0x40 ./Core/Src/flash.o
                0x08009938                FlashWrite
 .text.FlashRead
                0x08009978       0x70 ./Core/Src/flash.o
                0x08009978                FlashRead
 .text.OD_extension_init
                0x080099e8       0x28 ./Core/Src/main.o
 .text.CO_TPDOsendRequest
                0x08009a10       0x22 ./Core/Src/main.o
 *fill*         0x08009a32        0x2 
 .text.physicalButtonDCDC
                0x08009a34       0x80 ./Core/Src/main.o
                0x08009a34                physicalButtonDCDC
 *fill*         0x08009ab4        0x4 
 .text.storeCallback
                0x08009ab8       0xa0 ./Core/Src/main.o
 .text.mapCallbacks
                0x08009b58       0x44 ./Core/Src/main.o
                0x08009b58                mapCallbacks
 .text.HAL_TIM_PeriodElapsedCallback
                0x08009b9c       0x18 ./Core/Src/main.o
                0x08009b9c                HAL_TIM_PeriodElapsedCallback
 .text.HAL_ADCEx_InjectedConvCpltCallback
                0x08009bb4       0x44 ./Core/Src/main.o
                0x08009bb4                HAL_ADCEx_InjectedConvCpltCallback
 .text.main     0x08009bf8      0x1bc ./Core/Src/main.o
                0x08009bf8                main
 .text.SystemClock_Config
                0x08009db4       0xa2 ./Core/Src/main.o
                0x08009db4                SystemClock_Config
 *fill*         0x08009e56        0x2 
 .text.MX_ADC1_Init
                0x08009e58      0x10c ./Core/Src/main.o
 .text.MX_CAN1_Init
                0x08009f64       0x6c ./Core/Src/main.o
 .text.MX_I2C1_Init
                0x08009fd0       0x80 ./Core/Src/main.o
 .text.MX_TIM2_Init
                0x0800a050       0x9c ./Core/Src/main.o
 .text.MX_USART2_UART_Init
                0x0800a0ec       0x60 ./Core/Src/main.o
 .text.MX_DMA_Init
                0x0800a14c       0x3c ./Core/Src/main.o
 .text.MX_GPIO_Init
                0x0800a188       0xfc ./Core/Src/main.o
 .text.Error_Handler
                0x0800a284        0xc ./Core/Src/main.o
                0x0800a284                Error_Handler
 .text.HAL_MspInit
                0x0800a290       0x48 ./Core/Src/stm32l4xx_hal_msp.o
                0x0800a290                HAL_MspInit
 .text.HAL_ADC_MspInit
                0x0800a2d8      0x138 ./Core/Src/stm32l4xx_hal_msp.o
                0x0800a2d8                HAL_ADC_MspInit
 .text.HAL_CAN_MspInit
                0x0800a410       0xb8 ./Core/Src/stm32l4xx_hal_msp.o
                0x0800a410                HAL_CAN_MspInit
 .text.HAL_I2C_MspInit
                0x0800a4c8       0xb4 ./Core/Src/stm32l4xx_hal_msp.o
                0x0800a4c8                HAL_I2C_MspInit
 .text.HAL_TIM_Base_MspInit
                0x0800a57c       0x48 ./Core/Src/stm32l4xx_hal_msp.o
                0x0800a57c                HAL_TIM_Base_MspInit
 .text.HAL_UART_MspInit
                0x0800a5c4       0xd4 ./Core/Src/stm32l4xx_hal_msp.o
                0x0800a5c4                HAL_UART_MspInit
 .text.NMI_Handler
                0x0800a698        0x8 ./Core/Src/stm32l4xx_it.o
                0x0800a698                NMI_Handler
 .text.HardFault_Handler
                0x0800a6a0        0x8 ./Core/Src/stm32l4xx_it.o
                0x0800a6a0                HardFault_Handler
 .text.MemManage_Handler
                0x0800a6a8        0x8 ./Core/Src/stm32l4xx_it.o
                0x0800a6a8                MemManage_Handler
 .text.BusFault_Handler
                0x0800a6b0        0x8 ./Core/Src/stm32l4xx_it.o
                0x0800a6b0                BusFault_Handler
 .text.UsageFault_Handler
                0x0800a6b8        0x8 ./Core/Src/stm32l4xx_it.o
                0x0800a6b8                UsageFault_Handler
 .text.SVC_Handler
                0x0800a6c0        0xe ./Core/Src/stm32l4xx_it.o
                0x0800a6c0                SVC_Handler
 .text.DebugMon_Handler
                0x0800a6ce        0xe ./Core/Src/stm32l4xx_it.o
                0x0800a6ce                DebugMon_Handler
 .text.PendSV_Handler
                0x0800a6dc        0xe ./Core/Src/stm32l4xx_it.o
                0x0800a6dc                PendSV_Handler
 .text.SysTick_Handler
                0x0800a6ea        0xc ./Core/Src/stm32l4xx_it.o
                0x0800a6ea                SysTick_Handler
 *fill*         0x0800a6f6        0x2 
 .text.DMA1_Channel1_IRQHandler
                0x0800a6f8       0x14 ./Core/Src/stm32l4xx_it.o
                0x0800a6f8                DMA1_Channel1_IRQHandler
 .text.ADC1_IRQHandler
                0x0800a70c       0x14 ./Core/Src/stm32l4xx_it.o
                0x0800a70c                ADC1_IRQHandler
 .text.CAN1_TX_IRQHandler
                0x0800a720       0x14 ./Core/Src/stm32l4xx_it.o
                0x0800a720                CAN1_TX_IRQHandler
 .text.CAN1_RX0_IRQHandler
                0x0800a734       0x14 ./Core/Src/stm32l4xx_it.o
                0x0800a734                CAN1_RX0_IRQHandler
 .text.CAN1_RX1_IRQHandler
                0x0800a748       0x14 ./Core/Src/stm32l4xx_it.o
                0x0800a748                CAN1_RX1_IRQHandler
 .text.TIM2_IRQHandler
                0x0800a75c       0x14 ./Core/Src/stm32l4xx_it.o
                0x0800a75c                TIM2_IRQHandler
 .text._read    0x0800a770       0x3a ./Core/Src/syscalls.o
                0x0800a770                _read
 .text._write   0x0800a7aa       0x38 ./Core/Src/syscalls.o
                0x0800a7aa                _write
 .text._close   0x0800a7e2       0x18 ./Core/Src/syscalls.o
                0x0800a7e2                _close
 .text._fstat   0x0800a7fa       0x20 ./Core/Src/syscalls.o
                0x0800a7fa                _fstat
 .text._isatty  0x0800a81a       0x16 ./Core/Src/syscalls.o
                0x0800a81a                _isatty
 .text._lseek   0x0800a830       0x1a ./Core/Src/syscalls.o
                0x0800a830                _lseek
 *fill*         0x0800a84a        0x2 
 .text._sbrk    0x0800a84c       0x6c ./Core/Src/sysmem.o
                0x0800a84c                _sbrk
 .text.SystemInit
                0x0800a8b8       0x24 ./Core/Src/system_stm32l4xx.o
                0x0800a8b8                SystemInit
 .text.XF_noMoreEvent
                0x0800a8dc        0x8 ./Core/Src/xf.o
                0x0800a8dc                XF_noMoreEvent
 .text.XF_noMoreTimer
                0x0800a8e4        0x8 ./Core/Src/xf.o
                0x0800a8e4                XF_noMoreTimer
 .text.XF_init  0x0800a8ec       0x88 ./Core/Src/xf.o
                0x0800a8ec                XF_init
 .text.XF_pushEvent
                0x0800a974       0xec ./Core/Src/xf.o
                0x0800a974                XF_pushEvent
 .text.XF_popEvent
                0x0800aa60       0xc4 ./Core/Src/xf.o
                0x0800aa60                XF_popEvent
 .text.XF_scheduleTimer
                0x0800ab24       0xb4 ./Core/Src/xf.o
                0x0800ab24                XF_scheduleTimer
 .text.XF_unscheduleTimer
                0x0800abd8       0x58 ./Core/Src/xf.o
                0x0800abd8                XF_unscheduleTimer
 .text.XF_decrementAndQueueTimers
                0x0800ac30       0x94 ./Core/Src/xf.o
                0x0800ac30                XF_decrementAndQueueTimers
 .text.ENTERCRITICAL
                0x0800acc4       0x26 ./Core/Src/xf.o
 .text.LEAVECRITICAL
                0x0800acea       0x26 ./Core/Src/xf.o
 .text.XF_post  0x0800ad10       0x62 ./Core/Src/xf.o
                0x0800ad10                XF_post
 .text.XF_executeOnce
                0x0800ad72       0x26 ./Core/Src/xf.o
                0x0800ad72                XF_executeOnce
 .text.Reset_Handler
                0x0800ad98       0x50 ./Core/Startup/startup_stm32l432kcux.o
                0x0800ad98                Reset_Handler
 .text.Default_Handler
                0x0800ade8        0x2 ./Core/Startup/startup_stm32l432kcux.o
                0x0800ade8                RTC_Alarm_IRQHandler
                0x0800ade8                EXTI2_IRQHandler
                0x0800ade8                TIM1_CC_IRQHandler
                0x0800ade8                TSC_IRQHandler
                0x0800ade8                TAMP_STAMP_IRQHandler
                0x0800ade8                EXTI3_IRQHandler
                0x0800ade8                LPTIM2_IRQHandler
                0x0800ade8                I2C3_ER_IRQHandler
                0x0800ade8                EXTI0_IRQHandler
                0x0800ade8                FPU_IRQHandler
                0x0800ade8                TIM1_UP_TIM16_IRQHandler
                0x0800ade8                SPI1_IRQHandler
                0x0800ade8                TIM6_DAC_IRQHandler
                0x0800ade8                DMA2_Channel2_IRQHandler
                0x0800ade8                DMA1_Channel4_IRQHandler
                0x0800ade8                DMA1_Channel7_IRQHandler
                0x0800ade8                DMA2_Channel1_IRQHandler
                0x0800ade8                QUADSPI_IRQHandler
                0x0800ade8                I2C1_EV_IRQHandler
                0x0800ade8                DMA1_Channel6_IRQHandler
                0x0800ade8                DMA2_Channel4_IRQHandler
                0x0800ade8                RCC_IRQHandler
                0x0800ade8                TIM1_TRG_COM_IRQHandler
                0x0800ade8                Default_Handler
                0x0800ade8                DMA2_Channel7_IRQHandler
                0x0800ade8                EXTI15_10_IRQHandler
                0x0800ade8                TIM7_IRQHandler
                0x0800ade8                I2C3_EV_IRQHandler
                0x0800ade8                USB_IRQHandler
                0x0800ade8                EXTI9_5_IRQHandler
                0x0800ade8                RTC_WKUP_IRQHandler
                0x0800ade8                PVD_PVM_IRQHandler
                0x0800ade8                DMA2_Channel5_IRQHandler
                0x0800ade8                CRS_IRQHandler
                0x0800ade8                DMA1_Channel5_IRQHandler
                0x0800ade8                EXTI4_IRQHandler
                0x0800ade8                RNG_IRQHandler
                0x0800ade8                DMA1_Channel3_IRQHandler
                0x0800ade8                COMP_IRQHandler
                0x0800ade8                WWDG_IRQHandler
                0x0800ade8                LPUART1_IRQHandler
                0x0800ade8                DMA2_Channel6_IRQHandler
                0x0800ade8                EXTI1_IRQHandler
                0x0800ade8                USART2_IRQHandler
                0x0800ade8                DMA1_Channel2_IRQHandler
                0x0800ade8                CAN1_SCE_IRQHandler
                0x0800ade8                FLASH_IRQHandler
                0x0800ade8                USART1_IRQHandler
                0x0800ade8                SPI3_IRQHandler
                0x0800ade8                I2C1_ER_IRQHandler
                0x0800ade8                SWPMI1_IRQHandler
                0x0800ade8                LPTIM1_IRQHandler
                0x0800ade8                SAI1_IRQHandler
                0x0800ade8                DMA2_Channel3_IRQHandler
                0x0800ade8                TIM1_BRK_TIM15_IRQHandler
 .text.HAL_Init
                0x0800adea       0x30 ./Drivers/STM32L4xx_HAL_Driver/Src/stm32l4xx_hal.o
                0x0800adea                HAL_Init
 *fill*         0x0800ae1a        0x2 
 .text.HAL_InitTick
                0x0800ae1c       0x78 ./Drivers/STM32L4xx_HAL_Driver/Src/stm32l4xx_hal.o
                0x0800ae1c                HAL_InitTick
 .text.HAL_IncTick
                0x0800ae94       0x28 ./Drivers/STM32L4xx_HAL_Driver/Src/stm32l4xx_hal.o
                0x0800ae94                HAL_IncTick
 .text.HAL_GetTick
                0x0800aebc       0x18 ./Drivers/STM32L4xx_HAL_Driver/Src/stm32l4xx_hal.o
                0x0800aebc                HAL_GetTick
 .text.LL_ADC_SetCommonClock
                0x0800aed4       0x26 ./Drivers/STM32L4xx_HAL_Driver/Src/stm32l4xx_hal_adc.o
 .text.LL_ADC_GetCommonPathInternalCh
                0x0800aefa       0x1c ./Drivers/STM32L4xx_HAL_Driver/Src/stm32l4xx_hal_adc.o
 .text.LL_ADC_REG_IsTriggerSourceSWStart
                0x0800af16       0x26 ./Drivers/STM32L4xx_HAL_Driver/Src/stm32l4xx_hal_adc.o
 .text.LL_ADC_INJ_IsTriggerSourceSWStart
                0x0800af3c       0x26 ./Drivers/STM32L4xx_HAL_Driver/Src/stm32l4xx_hal_adc.o
 .text.LL_ADC_DisableDeepPowerDown
                0x0800af62       0x24 ./Drivers/STM32L4xx_HAL_Driver/Src/stm32l4xx_hal_adc.o
 .text.LL_ADC_IsDeepPowerDownEnabled
                0x0800af86       0x28 ./Drivers/STM32L4xx_HAL_Driver/Src/stm32l4xx_hal_adc.o
 .text.LL_ADC_EnableInternalRegulator
                0x0800afae       0x28 ./Drivers/STM32L4xx_HAL_Driver/Src/stm32l4xx_hal_adc.o
 .text.LL_ADC_IsInternalRegulatorEnabled
                0x0800afd6       0x28 ./Drivers/STM32L4xx_HAL_Driver/Src/stm32l4xx_hal_adc.o
 .text.LL_ADC_Enable
                0x0800affe       0x28 ./Drivers/STM32L4xx_HAL_Driver/Src/stm32l4xx_hal_adc.o
 .text.LL_ADC_IsEnabled
                0x0800b026       0x26 ./Drivers/STM32L4xx_HAL_Driver/Src/stm32l4xx_hal_adc.o
 .text.LL_ADC_REG_IsConversionOngoing
                0x0800b04c       0x26 ./Drivers/STM32L4xx_HAL_Driver/Src/stm32l4xx_hal_adc.o
 .text.LL_ADC_INJ_IsConversionOngoing
                0x0800b072       0x26 ./Drivers/STM32L4xx_HAL_Driver/Src/stm32l4xx_hal_adc.o
 .text.HAL_ADC_Init
                0x0800b098      0x284 ./Drivers/STM32L4xx_HAL_Driver/Src/stm32l4xx_hal_adc.o
                0x0800b098                HAL_ADC_Init
 .text.HAL_ADC_IRQHandler
                0x0800b31c      0x368 ./Drivers/STM32L4xx_HAL_Driver/Src/stm32l4xx_hal_adc.o
                0x0800b31c                HAL_ADC_IRQHandler
 .text.HAL_ADC_ConvCpltCallback
                0x0800b684       0x14 ./Drivers/STM32L4xx_HAL_Driver/Src/stm32l4xx_hal_adc.o
                0x0800b684                HAL_ADC_ConvCpltCallback
 .text.HAL_ADC_LevelOutOfWindowCallback
                0x0800b698       0x14 ./Drivers/STM32L4xx_HAL_Driver/Src/stm32l4xx_hal_adc.o
                0x0800b698                HAL_ADC_LevelOutOfWindowCallback
 .text.HAL_ADC_ErrorCallback
                0x0800b6ac       0x14 ./Drivers/STM32L4xx_HAL_Driver/Src/stm32l4xx_hal_adc.o
                0x0800b6ac                HAL_ADC_ErrorCallback
 .text.ADC_Enable
                0x0800b6c0      0x10c ./Drivers/STM32L4xx_HAL_Driver/Src/stm32l4xx_hal_adc.o
                0x0800b6c0                ADC_Enable
 .text.LL_ADC_SetCommonPathInternalCh
                0x0800b7cc       0x26 ./Drivers/STM32L4xx_HAL_Driver/Src/stm32l4xx_hal_adc_ex.o
 .text.LL_ADC_GetCommonPathInternalCh
                0x0800b7f2       0x1c ./Drivers/STM32L4xx_HAL_Driver/Src/stm32l4xx_hal_adc_ex.o
 *fill*         0x0800b80e        0x2 
 .text.LL_ADC_SetOffset
                0x0800b810       0x48 ./Drivers/STM32L4xx_HAL_Driver/Src/stm32l4xx_hal_adc_ex.o
 .text.LL_ADC_GetOffsetChannel
                0x0800b858       0x2c ./Drivers/STM32L4xx_HAL_Driver/Src/stm32l4xx_hal_adc_ex.o
 .text.LL_ADC_SetOffsetState
                0x0800b884       0x36 ./Drivers/STM32L4xx_HAL_Driver/Src/stm32l4xx_hal_adc_ex.o
 .text.LL_ADC_INJ_GetTrigAuto
                0x0800b8ba       0x1c ./Drivers/STM32L4xx_HAL_Driver/Src/stm32l4xx_hal_adc_ex.o
 .text.LL_ADC_INJ_SetQueueMode
                0x0800b8d6       0x2a ./Drivers/STM32L4xx_HAL_Driver/Src/stm32l4xx_hal_adc_ex.o
 .text.LL_ADC_SetChannelSamplingTime
                0x0800b900       0x56 ./Drivers/STM32L4xx_HAL_Driver/Src/stm32l4xx_hal_adc_ex.o
 *fill*         0x0800b956        0x2 
 .text.LL_ADC_SetChannelSingleDiff
                0x0800b958       0x48 ./Drivers/STM32L4xx_HAL_Driver/Src/stm32l4xx_hal_adc_ex.o
 .text.LL_ADC_IsEnabled
                0x0800b9a0       0x26 ./Drivers/STM32L4xx_HAL_Driver/Src/stm32l4xx_hal_adc_ex.o
 .text.LL_ADC_REG_IsConversionOngoing
                0x0800b9c6       0x26 ./Drivers/STM32L4xx_HAL_Driver/Src/stm32l4xx_hal_adc_ex.o
 .text.LL_ADC_INJ_StartConversion
                0x0800b9ec       0x28 ./Drivers/STM32L4xx_HAL_Driver/Src/stm32l4xx_hal_adc_ex.o
 .text.LL_ADC_INJ_IsConversionOngoing
                0x0800ba14       0x26 ./Drivers/STM32L4xx_HAL_Driver/Src/stm32l4xx_hal_adc_ex.o
 .text.HAL_ADCEx_InjectedStart_IT
                0x0800ba3a      0x14e ./Drivers/STM32L4xx_HAL_Driver/Src/stm32l4xx_hal_adc_ex.o
                0x0800ba3a                HAL_ADCEx_InjectedStart_IT
 .text.HAL_ADCEx_InjectedGetValue
                0x0800bb88       0x6e ./Drivers/STM32L4xx_HAL_Driver/Src/stm32l4xx_hal_adc_ex.o
                0x0800bb88                HAL_ADCEx_InjectedGetValue
 .text.HAL_ADCEx_InjectedQueueOverflowCallback
                0x0800bbf6       0x14 ./Drivers/STM32L4xx_HAL_Driver/Src/stm32l4xx_hal_adc_ex.o
                0x0800bbf6                HAL_ADCEx_InjectedQueueOverflowCallback
 .text.HAL_ADCEx_LevelOutOfWindow2Callback
                0x0800bc0a       0x14 ./Drivers/STM32L4xx_HAL_Driver/Src/stm32l4xx_hal_adc_ex.o
                0x0800bc0a                HAL_ADCEx_LevelOutOfWindow2Callback
 .text.HAL_ADCEx_LevelOutOfWindow3Callback
                0x0800bc1e       0x14 ./Drivers/STM32L4xx_HAL_Driver/Src/stm32l4xx_hal_adc_ex.o
                0x0800bc1e                HAL_ADCEx_LevelOutOfWindow3Callback
 .text.HAL_ADCEx_EndOfSamplingCallback
                0x0800bc32       0x14 ./Drivers/STM32L4xx_HAL_Driver/Src/stm32l4xx_hal_adc_ex.o
                0x0800bc32                HAL_ADCEx_EndOfSamplingCallback
 *fill*         0x0800bc46        0x2 
 .text.HAL_ADCEx_InjectedConfigChannel
                0x0800bc48      0x940 ./Drivers/STM32L4xx_HAL_Driver/Src/stm32l4xx_hal_adc_ex.o
                0x0800bc48                HAL_ADCEx_InjectedConfigChannel
 .text.HAL_ADCEx_DisableInjectedQueue
                0x0800c588       0x4e ./Drivers/STM32L4xx_HAL_Driver/Src/stm32l4xx_hal_adc_ex.o
                0x0800c588                HAL_ADCEx_DisableInjectedQueue
 .text.HAL_CAN_Init
                0x0800c5d6      0x1f6 ./Drivers/STM32L4xx_HAL_Driver/Src/stm32l4xx_hal_can.o
                0x0800c5d6                HAL_CAN_Init
 .text.HAL_CAN_ConfigFilter
                0x0800c7cc      0x194 ./Drivers/STM32L4xx_HAL_Driver/Src/stm32l4xx_hal_can.o
                0x0800c7cc                HAL_CAN_ConfigFilter
 .text.HAL_CAN_Start
                0x0800c960       0x88 ./Drivers/STM32L4xx_HAL_Driver/Src/stm32l4xx_hal_can.o
                0x0800c960                HAL_CAN_Start
 .text.HAL_CAN_Stop
                0x0800c9e8       0x92 ./Drivers/STM32L4xx_HAL_Driver/Src/stm32l4xx_hal_can.o
                0x0800c9e8                HAL_CAN_Stop
 .text.HAL_CAN_AddTxMessage
                0x0800ca7a      0x1a0 ./Drivers/STM32L4xx_HAL_Driver/Src/stm32l4xx_hal_can.o
                0x0800ca7a                HAL_CAN_AddTxMessage
 .text.HAL_CAN_GetTxMailboxesFreeLevel
                0x0800cc1a       0x6a ./Drivers/STM32L4xx_HAL_Driver/Src/stm32l4xx_hal_can.o
                0x0800cc1a                HAL_CAN_GetTxMailboxesFreeLevel
 .text.HAL_CAN_GetRxMessage
                0x0800cc84      0x244 ./Drivers/STM32L4xx_HAL_Driver/Src/stm32l4xx_hal_can.o
                0x0800cc84                HAL_CAN_GetRxMessage
 .text.HAL_CAN_ActivateNotification
                0x0800cec8       0x4c ./Drivers/STM32L4xx_HAL_Driver/Src/stm32l4xx_hal_can.o
                0x0800cec8                HAL_CAN_ActivateNotification
 .text.HAL_CAN_IRQHandler
                0x0800cf14      0x36e ./Drivers/STM32L4xx_HAL_Driver/Src/stm32l4xx_hal_can.o
                0x0800cf14                HAL_CAN_IRQHandler
 .text.HAL_CAN_TxMailbox0AbortCallback
                0x0800d282       0x14 ./Drivers/STM32L4xx_HAL_Driver/Src/stm32l4xx_hal_can.o
                0x0800d282                HAL_CAN_TxMailbox0AbortCallback
 .text.HAL_CAN_TxMailbox1AbortCallback
                0x0800d296       0x14 ./Drivers/STM32L4xx_HAL_Driver/Src/stm32l4xx_hal_can.o
                0x0800d296                HAL_CAN_TxMailbox1AbortCallback
 .text.HAL_CAN_TxMailbox2AbortCallback
                0x0800d2aa       0x14 ./Drivers/STM32L4xx_HAL_Driver/Src/stm32l4xx_hal_can.o
                0x0800d2aa                HAL_CAN_TxMailbox2AbortCallback
 .text.HAL_CAN_RxFifo0FullCallback
                0x0800d2be       0x14 ./Drivers/STM32L4xx_HAL_Driver/Src/stm32l4xx_hal_can.o
                0x0800d2be                HAL_CAN_RxFifo0FullCallback
 .text.HAL_CAN_RxFifo1FullCallback
                0x0800d2d2       0x14 ./Drivers/STM32L4xx_HAL_Driver/Src/stm32l4xx_hal_can.o
                0x0800d2d2                HAL_CAN_RxFifo1FullCallback
 .text.HAL_CAN_SleepCallback
                0x0800d2e6       0x14 ./Drivers/STM32L4xx_HAL_Driver/Src/stm32l4xx_hal_can.o
                0x0800d2e6                HAL_CAN_SleepCallback
 .text.HAL_CAN_WakeUpFromRxMsgCallback
                0x0800d2fa       0x14 ./Drivers/STM32L4xx_HAL_Driver/Src/stm32l4xx_hal_can.o
                0x0800d2fa                HAL_CAN_WakeUpFromRxMsgCallback
 .text.HAL_CAN_ErrorCallback
                0x0800d30e       0x14 ./Drivers/STM32L4xx_HAL_Driver/Src/stm32l4xx_hal_can.o
                0x0800d30e                HAL_CAN_ErrorCallback
 *fill*         0x0800d322        0x2 
 .text.__NVIC_SetPriorityGrouping
                0x0800d324       0x48 ./Drivers/STM32L4xx_HAL_Driver/Src/stm32l4xx_hal_cortex.o
 .text.__NVIC_GetPriorityGrouping
                0x0800d36c       0x1c ./Drivers/STM32L4xx_HAL_Driver/Src/stm32l4xx_hal_cortex.o
 .text.__NVIC_EnableIRQ
                0x0800d388       0x3c ./Drivers/STM32L4xx_HAL_Driver/Src/stm32l4xx_hal_cortex.o
 .text.__NVIC_SetPriority
                0x0800d3c4       0x54 ./Drivers/STM32L4xx_HAL_Driver/Src/stm32l4xx_hal_cortex.o
 .text.NVIC_EncodePriority
                0x0800d418       0x66 ./Drivers/STM32L4xx_HAL_Driver/Src/stm32l4xx_hal_cortex.o
 *fill*         0x0800d47e        0x2 
 .text.__NVIC_SystemReset
                0x0800d480       0x2c ./Drivers/STM32L4xx_HAL_Driver/Src/stm32l4xx_hal_cortex.o
 .text.SysTick_Config
                0x0800d4ac       0x44 ./Drivers/STM32L4xx_HAL_Driver/Src/stm32l4xx_hal_cortex.o
 .text.HAL_NVIC_SetPriorityGrouping
                0x0800d4f0       0x16 ./Drivers/STM32L4xx_HAL_Driver/Src/stm32l4xx_hal_cortex.o
                0x0800d4f0                HAL_NVIC_SetPriorityGrouping
 .text.HAL_NVIC_SetPriority
                0x0800d506       0x38 ./Drivers/STM32L4xx_HAL_Driver/Src/stm32l4xx_hal_cortex.o
                0x0800d506                HAL_NVIC_SetPriority
 .text.HAL_NVIC_EnableIRQ
                0x0800d53e       0x1c ./Drivers/STM32L4xx_HAL_Driver/Src/stm32l4xx_hal_cortex.o
                0x0800d53e                HAL_NVIC_EnableIRQ
 .text.HAL_NVIC_SystemReset
                0x0800d55a        0x8 ./Drivers/STM32L4xx_HAL_Driver/Src/stm32l4xx_hal_cortex.o
                0x0800d55a                HAL_NVIC_SystemReset
 .text.HAL_SYSTICK_Config
                0x0800d562       0x18 ./Drivers/STM32L4xx_HAL_Driver/Src/stm32l4xx_hal_cortex.o
                0x0800d562                HAL_SYSTICK_Config
 *fill*         0x0800d57a        0x2 
 .text.HAL_DMA_Init
                0x0800d57c      0x170 ./Drivers/STM32L4xx_HAL_Driver/Src/stm32l4xx_hal_dma.o
                0x0800d57c                HAL_DMA_Init
 .text.HAL_DMA_IRQHandler
                0x0800d6ec      0x18c ./Drivers/STM32L4xx_HAL_Driver/Src/stm32l4xx_hal_dma.o
                0x0800d6ec                HAL_DMA_IRQHandler
 .text.HAL_FLASH_Program
                0x0800d878       0xd8 ./Drivers/STM32L4xx_HAL_Driver/Src/stm32l4xx_hal_flash.o
                0x0800d878                HAL_FLASH_Program
 .text.HAL_FLASH_Unlock
                0x0800d950       0x44 ./Drivers/STM32L4xx_HAL_Driver/Src/stm32l4xx_hal_flash.o
                0x0800d950                HAL_FLASH_Unlock
 .text.FLASH_WaitForLastOperation
                0x0800d994       0xac ./Drivers/STM32L4xx_HAL_Driver/Src/stm32l4xx_hal_flash.o
                0x0800d994                FLASH_WaitForLastOperation
 .text.FLASH_Program_DoubleWord
                0x0800da40       0x4c ./Drivers/STM32L4xx_HAL_Driver/Src/stm32l4xx_hal_flash.o
 .text.FLASH_Program_Fast
                0x0800da8c       0x6c ./Drivers/STM32L4xx_HAL_Driver/Src/stm32l4xx_hal_flash.o
 .text.HAL_FLASHEx_Erase
                0x0800daf8      0x134 ./Drivers/STM32L4xx_HAL_Driver/Src/stm32l4xx_hal_flash_ex.o
                0x0800daf8                HAL_FLASHEx_Erase
 .text.FLASH_MassErase
                0x0800dc2c       0x3c ./Drivers/STM32L4xx_HAL_Driver/Src/stm32l4xx_hal_flash_ex.o
 .text.FLASH_PageErase
                0x0800dc68       0x48 ./Drivers/STM32L4xx_HAL_Driver/Src/stm32l4xx_hal_flash_ex.o
                0x0800dc68                FLASH_PageErase
 .text.FLASH_FlushCaches
                0x0800dcb0       0x94 ./Drivers/STM32L4xx_HAL_Driver/Src/stm32l4xx_hal_flash_ex.o
                0x0800dcb0                FLASH_FlushCaches
 .text.HAL_GPIO_Init
                0x0800dd44      0x2d4 ./Drivers/STM32L4xx_HAL_Driver/Src/stm32l4xx_hal_gpio.o
                0x0800dd44                HAL_GPIO_Init
 .text.HAL_GPIO_ReadPin
                0x0800e018       0x30 ./Drivers/STM32L4xx_HAL_Driver/Src/stm32l4xx_hal_gpio.o
                0x0800e018                HAL_GPIO_ReadPin
 .text.HAL_GPIO_WritePin
                0x0800e048       0x30 ./Drivers/STM32L4xx_HAL_Driver/Src/stm32l4xx_hal_gpio.o
                0x0800e048                HAL_GPIO_WritePin
 .text.HAL_I2C_Init
                0x0800e078      0x136 ./Drivers/STM32L4xx_HAL_Driver/Src/stm32l4xx_hal_i2c.o
                0x0800e078                HAL_I2C_Init
 .text.HAL_I2CEx_ConfigAnalogFilter
                0x0800e1ae       0x96 ./Drivers/STM32L4xx_HAL_Driver/Src/stm32l4xx_hal_i2c_ex.o
                0x0800e1ae                HAL_I2CEx_ConfigAnalogFilter
 .text.HAL_I2CEx_ConfigDigitalFilter
                0x0800e244       0x98 ./Drivers/STM32L4xx_HAL_Driver/Src/stm32l4xx_hal_i2c_ex.o
                0x0800e244                HAL_I2CEx_ConfigDigitalFilter
 .text.HAL_PWREx_GetVoltageRange
                0x0800e2dc       0x1c ./Drivers/STM32L4xx_HAL_Driver/Src/stm32l4xx_hal_pwr_ex.o
                0x0800e2dc                HAL_PWREx_GetVoltageRange
 .text.HAL_PWREx_ControlVoltageScaling
                0x0800e2f8       0xac ./Drivers/STM32L4xx_HAL_Driver/Src/stm32l4xx_hal_pwr_ex.o
                0x0800e2f8                HAL_PWREx_ControlVoltageScaling
 .text.HAL_RCC_OscConfig
                0x0800e3a4      0x828 ./Drivers/STM32L4xx_HAL_Driver/Src/stm32l4xx_hal_rcc.o
                0x0800e3a4                HAL_RCC_OscConfig
 .text.HAL_RCC_ClockConfig
                0x0800ebcc      0x200 ./Drivers/STM32L4xx_HAL_Driver/Src/stm32l4xx_hal_rcc.o
                0x0800ebcc                HAL_RCC_ClockConfig
 .text.HAL_RCC_GetSysClockFreq
                0x0800edcc      0x118 ./Drivers/STM32L4xx_HAL_Driver/Src/stm32l4xx_hal_rcc.o
                0x0800edcc                HAL_RCC_GetSysClockFreq
 .text.HAL_RCC_GetHCLKFreq
                0x0800eee4       0x18 ./Drivers/STM32L4xx_HAL_Driver/Src/stm32l4xx_hal_rcc.o
                0x0800eee4                HAL_RCC_GetHCLKFreq
 .text.HAL_RCC_GetPCLK1Freq
                0x0800eefc       0x2c ./Drivers/STM32L4xx_HAL_Driver/Src/stm32l4xx_hal_rcc.o
                0x0800eefc                HAL_RCC_GetPCLK1Freq
 .text.HAL_RCC_GetPCLK2Freq
                0x0800ef28       0x2c ./Drivers/STM32L4xx_HAL_Driver/Src/stm32l4xx_hal_rcc.o
                0x0800ef28                HAL_RCC_GetPCLK2Freq
 .text.RCC_SetFlashLatencyFromMSIRange
                0x0800ef54       0xc0 ./Drivers/STM32L4xx_HAL_Driver/Src/stm32l4xx_hal_rcc.o
 .text.HAL_RCCEx_PeriphCLKConfig
                0x0800f014      0x3ec ./Drivers/STM32L4xx_HAL_Driver/Src/stm32l4xx_hal_rcc_ex.o
                0x0800f014                HAL_RCCEx_PeriphCLKConfig
 .text.RCCEx_PLLSAI1_Config
                0x0800f400      0x1e4 ./Drivers/STM32L4xx_HAL_Driver/Src/stm32l4xx_hal_rcc_ex.o
 .text.HAL_TIM_Base_Init
                0x0800f5e4       0xae ./Drivers/STM32L4xx_HAL_Driver/Src/stm32l4xx_hal_tim.o
                0x0800f5e4                HAL_TIM_Base_Init
 *fill*         0x0800f692        0x2 
 .text.HAL_TIM_Base_Start_IT
                0x0800f694       0xa8 ./Drivers/STM32L4xx_HAL_Driver/Src/stm32l4xx_hal_tim.o
                0x0800f694                HAL_TIM_Base_Start_IT
 .text.HAL_TIM_Base_Stop_IT
                0x0800f73c       0x60 ./Drivers/STM32L4xx_HAL_Driver/Src/stm32l4xx_hal_tim.o
                0x0800f73c                HAL_TIM_Base_Stop_IT
 .text.HAL_TIM_IRQHandler
                0x0800f79c      0x20e ./Drivers/STM32L4xx_HAL_Driver/Src/stm32l4xx_hal_tim.o
                0x0800f79c                HAL_TIM_IRQHandler
 .text.HAL_TIM_ConfigClockSource
                0x0800f9aa      0x192 ./Drivers/STM32L4xx_HAL_Driver/Src/stm32l4xx_hal_tim.o
                0x0800f9aa                HAL_TIM_ConfigClockSource
 .text.HAL_TIM_OC_DelayElapsedCallback
                0x0800fb3c       0x14 ./Drivers/STM32L4xx_HAL_Driver/Src/stm32l4xx_hal_tim.o
                0x0800fb3c                HAL_TIM_OC_DelayElapsedCallback
 .text.HAL_TIM_IC_CaptureCallback
                0x0800fb50       0x14 ./Drivers/STM32L4xx_HAL_Driver/Src/stm32l4xx_hal_tim.o
                0x0800fb50                HAL_TIM_IC_CaptureCallback
 .text.HAL_TIM_PWM_PulseFinishedCallback
                0x0800fb64       0x14 ./Drivers/STM32L4xx_HAL_Driver/Src/stm32l4xx_hal_tim.o
                0x0800fb64                HAL_TIM_PWM_PulseFinishedCallback
 .text.HAL_TIM_TriggerCallback
                0x0800fb78       0x14 ./Drivers/STM32L4xx_HAL_Driver/Src/stm32l4xx_hal_tim.o
                0x0800fb78                HAL_TIM_TriggerCallback
 .text.TIM_Base_SetConfig
                0x0800fb8c       0xd4 ./Drivers/STM32L4xx_HAL_Driver/Src/stm32l4xx_hal_tim.o
                0x0800fb8c                TIM_Base_SetConfig
 .text.TIM_TI1_ConfigInputStage
                0x0800fc60       0x90 ./Drivers/STM32L4xx_HAL_Driver/Src/stm32l4xx_hal_tim.o
 .text.TIM_TI2_ConfigInputStage
                0x0800fcf0       0x78 ./Drivers/STM32L4xx_HAL_Driver/Src/stm32l4xx_hal_tim.o
 .text.TIM_ITRx_SetConfig
                0x0800fd68       0x36 ./Drivers/STM32L4xx_HAL_Driver/Src/stm32l4xx_hal_tim.o
 .text.TIM_ETR_SetConfig
                0x0800fd9e       0x40 ./Drivers/STM32L4xx_HAL_Driver/Src/stm32l4xx_hal_tim.o
                0x0800fd9e                TIM_ETR_SetConfig
 *fill*         0x0800fdde        0x2 
 .text.HAL_TIMEx_MasterConfigSynchronization
                0x0800fde0       0xcc ./Drivers/STM32L4xx_HAL_Driver/Src/stm32l4xx_hal_tim_ex.o
                0x0800fde0                HAL_TIMEx_MasterConfigSynchronization
 .text.HAL_TIMEx_CommutCallback
                0x0800feac       0x14 ./Drivers/STM32L4xx_HAL_Driver/Src/stm32l4xx_hal_tim_ex.o
                0x0800feac                HAL_TIMEx_CommutCallback
 .text.HAL_TIMEx_BreakCallback
                0x0800fec0       0x14 ./Drivers/STM32L4xx_HAL_Driver/Src/stm32l4xx_hal_tim_ex.o
                0x0800fec0                HAL_TIMEx_BreakCallback
 .text.HAL_TIMEx_Break2Callback
                0x0800fed4       0x14 ./Drivers/STM32L4xx_HAL_Driver/Src/stm32l4xx_hal_tim_ex.o
                0x0800fed4                HAL_TIMEx_Break2Callback
 .text.HAL_UART_Init
                0x0800fee8       0x9c ./Drivers/STM32L4xx_HAL_Driver/Src/stm32l4xx_hal_uart.o
                0x0800fee8                HAL_UART_Init
 .text.UART_SetConfig
                0x0800ff84      0x458 ./Drivers/STM32L4xx_HAL_Driver/Src/stm32l4xx_hal_uart.o
                0x0800ff84                UART_SetConfig
 .text.UART_AdvFeatureConfig
                0x080103dc      0x144 ./Drivers/STM32L4xx_HAL_Driver/Src/stm32l4xx_hal_uart.o
                0x080103dc                UART_AdvFeatureConfig
 .text.UART_CheckIdleState
                0x08010520      0x150 ./Drivers/STM32L4xx_HAL_Driver/Src/stm32l4xx_hal_uart.o
                0x08010520                UART_CheckIdleState
 .text.UART_WaitOnFlagUntilTimeout
                0x08010670       0xda ./Drivers/STM32L4xx_HAL_Driver/Src/stm32l4xx_hal_uart.o
                0x08010670                UART_WaitOnFlagUntilTimeout
 .text.UART_EndRxTransfer
                0x0801074a       0xc8 ./Drivers/STM32L4xx_HAL_Driver/Src/stm32l4xx_hal_uart.o
 *fill*         0x08010812        0x2 
 .text.calloc   0x08010814       0x10 C:/ST/STM32CubeIDE_1.18.1/STM32CubeIDE/plugins/com.st.stm32cube.ide.mcu.externaltools.gnu-tools-for-stm32.13.3.rel1.win32_1.0.0.202411081344/tools/bin/../lib/gcc/arm-none-eabi/13.3.1/../../../../arm-none-eabi/lib/thumb/v7e-m+fp/hard\libc_nano.a(libc_a-calloc.o)
                0x08010814                calloc
 .text._calloc_r
                0x08010824       0x28 C:/ST/STM32CubeIDE_1.18.1/STM32CubeIDE/plugins/com.st.stm32cube.ide.mcu.externaltools.gnu-tools-for-stm32.13.3.rel1.win32_1.0.0.202411081344/tools/bin/../lib/gcc/arm-none-eabi/13.3.1/../../../../arm-none-eabi/lib/thumb/v7e-m+fp/hard\libc_nano.a(libc_a-callocr.o)
                0x08010824                _calloc_r
 .text.free     0x0801084c       0x10 C:/ST/STM32CubeIDE_1.18.1/STM32CubeIDE/plugins/com.st.stm32cube.ide.mcu.externaltools.gnu-tools-for-stm32.13.3.rel1.win32_1.0.0.202411081344/tools/bin/../lib/gcc/arm-none-eabi/13.3.1/../../../../arm-none-eabi/lib/thumb/v7e-m+fp/hard\libc_nano.a(libc_a-malloc.o)
                0x0801084c                free
 .text.sbrk_aligned
                0x0801085c       0x44 C:/ST/STM32CubeIDE_1.18.1/STM32CubeIDE/plugins/com.st.stm32cube.ide.mcu.externaltools.gnu-tools-for-stm32.13.3.rel1.win32_1.0.0.202411081344/tools/bin/../lib/gcc/arm-none-eabi/13.3.1/../../../../arm-none-eabi/lib/thumb/v7e-m+fp/hard\libc_nano.a(libc_a-mallocr.o)
 .text._malloc_r
                0x080108a0      0x100 C:/ST/STM32CubeIDE_1.18.1/STM32CubeIDE/plugins/com.st.stm32cube.ide.mcu.externaltools.gnu-tools-for-stm32.13.3.rel1.win32_1.0.0.202411081344/tools/bin/../lib/gcc/arm-none-eabi/13.3.1/../../../../arm-none-eabi/lib/thumb/v7e-m+fp/hard\libc_nano.a(libc_a-mallocr.o)
                0x080108a0                _malloc_r
 .text.__malloc_lock
                0x080109a0        0xc C:/ST/STM32CubeIDE_1.18.1/STM32CubeIDE/plugins/com.st.stm32cube.ide.mcu.externaltools.gnu-tools-for-stm32.13.3.rel1.win32_1.0.0.202411081344/tools/bin/../lib/gcc/arm-none-eabi/13.3.1/../../../../arm-none-eabi/lib/thumb/v7e-m+fp/hard\libc_nano.a(libc_a-mlock.o)
                0x080109a0                __malloc_lock
 .text.__malloc_unlock
                0x080109ac        0xc C:/ST/STM32CubeIDE_1.18.1/STM32CubeIDE/plugins/com.st.stm32cube.ide.mcu.externaltools.gnu-tools-for-stm32.13.3.rel1.win32_1.0.0.202411081344/tools/bin/../lib/gcc/arm-none-eabi/13.3.1/../../../../arm-none-eabi/lib/thumb/v7e-m+fp/hard\libc_nano.a(libc_a-mlock.o)
                0x080109ac                __malloc_unlock
 .text.__sflush_r
                0x080109b8      0x108 C:/ST/STM32CubeIDE_1.18.1/STM32CubeIDE/plugins/com.st.stm32cube.ide.mcu.externaltools.gnu-tools-for-stm32.13.3.rel1.win32_1.0.0.202411081344/tools/bin/../lib/gcc/arm-none-eabi/13.3.1/../../../../arm-none-eabi/lib/thumb/v7e-m+fp/hard\libc_nano.a(libc_a-fflush.o)
                0x080109b8                __sflush_r
 .text._fflush_r
                0x08010ac0       0x50 C:/ST/STM32CubeIDE_1.18.1/STM32CubeIDE/plugins/com.st.stm32cube.ide.mcu.externaltools.gnu-tools-for-stm32.13.3.rel1.win32_1.0.0.202411081344/tools/bin/../lib/gcc/arm-none-eabi/13.3.1/../../../../arm-none-eabi/lib/thumb/v7e-m+fp/hard\libc_nano.a(libc_a-fflush.o)
                0x08010ac0                _fflush_r
 .text.fflush   0x08010b10       0x28 C:/ST/STM32CubeIDE_1.18.1/STM32CubeIDE/plugins/com.st.stm32cube.ide.mcu.externaltools.gnu-tools-for-stm32.13.3.rel1.win32_1.0.0.202411081344/tools/bin/../lib/gcc/arm-none-eabi/13.3.1/../../../../arm-none-eabi/lib/thumb/v7e-m+fp/hard\libc_nano.a(libc_a-fflush.o)
                0x08010b10                fflush
 .text.std      0x08010b38       0x6c C:/ST/STM32CubeIDE_1.18.1/STM32CubeIDE/plugins/com.st.stm32cube.ide.mcu.externaltools.gnu-tools-for-stm32.13.3.rel1.win32_1.0.0.202411081344/tools/bin/../lib/gcc/arm-none-eabi/13.3.1/../../../../arm-none-eabi/lib/thumb/v7e-m+fp/hard\libc_nano.a(libc_a-findfp.o)
 .text.stdio_exit_handler
                0x08010ba4       0x18 C:/ST/STM32CubeIDE_1.18.1/STM32CubeIDE/plugins/com.st.stm32cube.ide.mcu.externaltools.gnu-tools-for-stm32.13.3.rel1.win32_1.0.0.202411081344/tools/bin/../lib/gcc/arm-none-eabi/13.3.1/../../../../arm-none-eabi/lib/thumb/v7e-m+fp/hard\libc_nano.a(libc_a-findfp.o)
 .text.cleanup_stdio
                0x08010bbc       0x40 C:/ST/STM32CubeIDE_1.18.1/STM32CubeIDE/plugins/com.st.stm32cube.ide.mcu.externaltools.gnu-tools-for-stm32.13.3.rel1.win32_1.0.0.202411081344/tools/bin/../lib/gcc/arm-none-eabi/13.3.1/../../../../arm-none-eabi/lib/thumb/v7e-m+fp/hard\libc_nano.a(libc_a-findfp.o)
 .text.global_stdio_init.part.0
                0x08010bfc       0x3c C:/ST/STM32CubeIDE_1.18.1/STM32CubeIDE/plugins/com.st.stm32cube.ide.mcu.externaltools.gnu-tools-for-stm32.13.3.rel1.win32_1.0.0.202411081344/tools/bin/../lib/gcc/arm-none-eabi/13.3.1/../../../../arm-none-eabi/lib/thumb/v7e-m+fp/hard\libc_nano.a(libc_a-findfp.o)
 .text.__sfp_lock_acquire
                0x08010c38        0xc C:/ST/STM32CubeIDE_1.18.1/STM32CubeIDE/plugins/com.st.stm32cube.ide.mcu.externaltools.gnu-tools-for-stm32.13.3.rel1.win32_1.0.0.202411081344/tools/bin/../lib/gcc/arm-none-eabi/13.3.1/../../../../arm-none-eabi/lib/thumb/v7e-m+fp/hard\libc_nano.a(libc_a-findfp.o)
                0x08010c38                __sfp_lock_acquire
 .text.__sfp_lock_release
                0x08010c44        0xc C:/ST/STM32CubeIDE_1.18.1/STM32CubeIDE/plugins/com.st.stm32cube.ide.mcu.externaltools.gnu-tools-for-stm32.13.3.rel1.win32_1.0.0.202411081344/tools/bin/../lib/gcc/arm-none-eabi/13.3.1/../../../../arm-none-eabi/lib/thumb/v7e-m+fp/hard\libc_nano.a(libc_a-findfp.o)
                0x08010c44                __sfp_lock_release
 .text.__sinit  0x08010c50       0x30 C:/ST/STM32CubeIDE_1.18.1/STM32CubeIDE/plugins/com.st.stm32cube.ide.mcu.externaltools.gnu-tools-for-stm32.13.3.rel1.win32_1.0.0.202411081344/tools/bin/../lib/gcc/arm-none-eabi/13.3.1/../../../../arm-none-eabi/lib/thumb/v7e-m+fp/hard\libc_nano.a(libc_a-findfp.o)
                0x08010c50                __sinit
 .text._fwalk_sglue
                0x08010c80       0x3c C:/ST/STM32CubeIDE_1.18.1/STM32CubeIDE/plugins/com.st.stm32cube.ide.mcu.externaltools.gnu-tools-for-stm32.13.3.rel1.win32_1.0.0.202411081344/tools/bin/../lib/gcc/arm-none-eabi/13.3.1/../../../../arm-none-eabi/lib/thumb/v7e-m+fp/hard\libc_nano.a(libc_a-fwalk.o)
                0x08010c80                _fwalk_sglue
 .text.printf   0x08010cbc       0x24 C:/ST/STM32CubeIDE_1.18.1/STM32CubeIDE/plugins/com.st.stm32cube.ide.mcu.externaltools.gnu-tools-for-stm32.13.3.rel1.win32_1.0.0.202411081344/tools/bin/../lib/gcc/arm-none-eabi/13.3.1/../../../../arm-none-eabi/lib/thumb/v7e-m+fp/hard\libc_nano.a(libc_a-printf.o)
                0x08010cbc                iprintf
                0x08010cbc                printf
 .text._puts_r  0x08010ce0       0xaa C:/ST/STM32CubeIDE_1.18.1/STM32CubeIDE/plugins/com.st.stm32cube.ide.mcu.externaltools.gnu-tools-for-stm32.13.3.rel1.win32_1.0.0.202411081344/tools/bin/../lib/gcc/arm-none-eabi/13.3.1/../../../../arm-none-eabi/lib/thumb/v7e-m+fp/hard\libc_nano.a(libc_a-puts.o)
                0x08010ce0                _puts_r
 *fill*         0x08010d8a        0x2 
 .text.puts     0x08010d8c       0x10 C:/ST/STM32CubeIDE_1.18.1/STM32CubeIDE/plugins/com.st.stm32cube.ide.mcu.externaltools.gnu-tools-for-stm32.13.3.rel1.win32_1.0.0.202411081344/tools/bin/../lib/gcc/arm-none-eabi/13.3.1/../../../../arm-none-eabi/lib/thumb/v7e-m+fp/hard\libc_nano.a(libc_a-puts.o)
                0x08010d8c                puts
 .text.__sread  0x08010d9c       0x22 C:/ST/STM32CubeIDE_1.18.1/STM32CubeIDE/plugins/com.st.stm32cube.ide.mcu.externaltools.gnu-tools-for-stm32.13.3.rel1.win32_1.0.0.202411081344/tools/bin/../lib/gcc/arm-none-eabi/13.3.1/../../../../arm-none-eabi/lib/thumb/v7e-m+fp/hard\libc_nano.a(libc_a-stdio.o)
                0x08010d9c                __sread
 .text.__swrite
                0x08010dbe       0x38 C:/ST/STM32CubeIDE_1.18.1/STM32CubeIDE/plugins/com.st.stm32cube.ide.mcu.externaltools.gnu-tools-for-stm32.13.3.rel1.win32_1.0.0.202411081344/tools/bin/../lib/gcc/arm-none-eabi/13.3.1/../../../../arm-none-eabi/lib/thumb/v7e-m+fp/hard\libc_nano.a(libc_a-stdio.o)
                0x08010dbe                __swrite
 .text.__sseek  0x08010df6       0x24 C:/ST/STM32CubeIDE_1.18.1/STM32CubeIDE/plugins/com.st.stm32cube.ide.mcu.externaltools.gnu-tools-for-stm32.13.3.rel1.win32_1.0.0.202411081344/tools/bin/../lib/gcc/arm-none-eabi/13.3.1/../../../../arm-none-eabi/lib/thumb/v7e-m+fp/hard\libc_nano.a(libc_a-stdio.o)
                0x08010df6                __sseek
 .text.__sclose
                0x08010e1a        0x8 C:/ST/STM32CubeIDE_1.18.1/STM32CubeIDE/plugins/com.st.stm32cube.ide.mcu.externaltools.gnu-tools-for-stm32.13.3.rel1.win32_1.0.0.202411081344/tools/bin/../lib/gcc/arm-none-eabi/13.3.1/../../../../arm-none-eabi/lib/thumb/v7e-m+fp/hard\libc_nano.a(libc_a-stdio.o)
                0x08010e1a                __sclose
 .text.__swbuf_r
                0x08010e22       0x7c C:/ST/STM32CubeIDE_1.18.1/STM32CubeIDE/plugins/com.st.stm32cube.ide.mcu.externaltools.gnu-tools-for-stm32.13.3.rel1.win32_1.0.0.202411081344/tools/bin/../lib/gcc/arm-none-eabi/13.3.1/../../../../arm-none-eabi/lib/thumb/v7e-m+fp/hard\libc_nano.a(libc_a-wbuf.o)
                0x08010e22                __swbuf_r
 *fill*         0x08010e9e        0x2 
 .text.__swsetup_r
                0x08010ea0       0xac C:/ST/STM32CubeIDE_1.18.1/STM32CubeIDE/plugins/com.st.stm32cube.ide.mcu.externaltools.gnu-tools-for-stm32.13.3.rel1.win32_1.0.0.202411081344/tools/bin/../lib/gcc/arm-none-eabi/13.3.1/../../../../arm-none-eabi/lib/thumb/v7e-m+fp/hard\libc_nano.a(libc_a-wsetup.o)
                0x08010ea0                __swsetup_r
 .text.memmove  0x08010f4c       0x34 C:/ST/STM32CubeIDE_1.18.1/STM32CubeIDE/plugins/com.st.stm32cube.ide.mcu.externaltools.gnu-tools-for-stm32.13.3.rel1.win32_1.0.0.202411081344/tools/bin/../lib/gcc/arm-none-eabi/13.3.1/../../../../arm-none-eabi/lib/thumb/v7e-m+fp/hard\libc_nano.a(libc_a-memmove.o)
                0x08010f4c                memmove
 .text.memset   0x08010f80       0x10 C:/ST/STM32CubeIDE_1.18.1/STM32CubeIDE/plugins/com.st.stm32cube.ide.mcu.externaltools.gnu-tools-for-stm32.13.3.rel1.win32_1.0.0.202411081344/tools/bin/../lib/gcc/arm-none-eabi/13.3.1/../../../../arm-none-eabi/lib/thumb/v7e-m+fp/hard\libc_nano.a(libc_a-memset.o)
                0x08010f80                memset
 .text.strncmp  0x08010f90       0x24 C:/ST/STM32CubeIDE_1.18.1/STM32CubeIDE/plugins/com.st.stm32cube.ide.mcu.externaltools.gnu-tools-for-stm32.13.3.rel1.win32_1.0.0.202411081344/tools/bin/../lib/gcc/arm-none-eabi/13.3.1/../../../../arm-none-eabi/lib/thumb/v7e-m+fp/hard\libc_nano.a(libc_a-strncmp.o)
                0x08010f90                strncmp
 .text._close_r
                0x08010fb4       0x20 C:/ST/STM32CubeIDE_1.18.1/STM32CubeIDE/plugins/com.st.stm32cube.ide.mcu.externaltools.gnu-tools-for-stm32.13.3.rel1.win32_1.0.0.202411081344/tools/bin/../lib/gcc/arm-none-eabi/13.3.1/../../../../arm-none-eabi/lib/thumb/v7e-m+fp/hard\libc_nano.a(libc_a-closer.o)
                0x08010fb4                _close_r
 .text._lseek_r
                0x08010fd4       0x24 C:/ST/STM32CubeIDE_1.18.1/STM32CubeIDE/plugins/com.st.stm32cube.ide.mcu.externaltools.gnu-tools-for-stm32.13.3.rel1.win32_1.0.0.202411081344/tools/bin/../lib/gcc/arm-none-eabi/13.3.1/../../../../arm-none-eabi/lib/thumb/v7e-m+fp/hard\libc_nano.a(libc_a-lseekr.o)
                0x08010fd4                _lseek_r
 .text._read_r  0x08010ff8       0x24 C:/ST/STM32CubeIDE_1.18.1/STM32CubeIDE/plugins/com.st.stm32cube.ide.mcu.externaltools.gnu-tools-for-stm32.13.3.rel1.win32_1.0.0.202411081344/tools/bin/../lib/gcc/arm-none-eabi/13.3.1/../../../../arm-none-eabi/lib/thumb/v7e-m+fp/hard\libc_nano.a(libc_a-readr.o)
                0x08010ff8                _read_r
 .text._sbrk_r  0x0801101c       0x20 C:/ST/STM32CubeIDE_1.18.1/STM32CubeIDE/plugins/com.st.stm32cube.ide.mcu.externaltools.gnu-tools-for-stm32.13.3.rel1.win32_1.0.0.202411081344/tools/bin/../lib/gcc/arm-none-eabi/13.3.1/../../../../arm-none-eabi/lib/thumb/v7e-m+fp/hard\libc_nano.a(libc_a-sbrkr.o)
                0x0801101c                _sbrk_r
 .text._write_r
                0x0801103c       0x24 C:/ST/STM32CubeIDE_1.18.1/STM32CubeIDE/plugins/com.st.stm32cube.ide.mcu.externaltools.gnu-tools-for-stm32.13.3.rel1.win32_1.0.0.202411081344/tools/bin/../lib/gcc/arm-none-eabi/13.3.1/../../../../arm-none-eabi/lib/thumb/v7e-m+fp/hard\libc_nano.a(libc_a-writer.o)
                0x0801103c                _write_r
 .text.__errno  0x08011060        0xc C:/ST/STM32CubeIDE_1.18.1/STM32CubeIDE/plugins/com.st.stm32cube.ide.mcu.externaltools.gnu-tools-for-stm32.13.3.rel1.win32_1.0.0.202411081344/tools/bin/../lib/gcc/arm-none-eabi/13.3.1/../../../../arm-none-eabi/lib/thumb/v7e-m+fp/hard\libc_nano.a(libc_a-errno.o)
                0x08011060                __errno
 .text.__libc_init_array
                0x0801106c       0x48 C:/ST/STM32CubeIDE_1.18.1/STM32CubeIDE/plugins/com.st.stm32cube.ide.mcu.externaltools.gnu-tools-for-stm32.13.3.rel1.win32_1.0.0.202411081344/tools/bin/../lib/gcc/arm-none-eabi/13.3.1/../../../../arm-none-eabi/lib/thumb/v7e-m+fp/hard\libc_nano.a(libc_a-init.o)
                0x0801106c                __libc_init_array
 .text.__retarget_lock_init_recursive
                0x080110b4        0x2 C:/ST/STM32CubeIDE_1.18.1/STM32CubeIDE/plugins/com.st.stm32cube.ide.mcu.externaltools.gnu-tools-for-stm32.13.3.rel1.win32_1.0.0.202411081344/tools/bin/../lib/gcc/arm-none-eabi/13.3.1/../../../../arm-none-eabi/lib/thumb/v7e-m+fp/hard\libc_nano.a(libc_a-lock.o)
                0x080110b4                __retarget_lock_init_recursive
 .text.__retarget_lock_acquire_recursive
                0x080110b6        0x2 C:/ST/STM32CubeIDE_1.18.1/STM32CubeIDE/plugins/com.st.stm32cube.ide.mcu.externaltools.gnu-tools-for-stm32.13.3.rel1.win32_1.0.0.202411081344/tools/bin/../lib/gcc/arm-none-eabi/13.3.1/../../../../arm-none-eabi/lib/thumb/v7e-m+fp/hard\libc_nano.a(libc_a-lock.o)
                0x080110b6                __retarget_lock_acquire_recursive
 .text.__retarget_lock_release_recursive
                0x080110b8        0x2 C:/ST/STM32CubeIDE_1.18.1/STM32CubeIDE/plugins/com.st.stm32cube.ide.mcu.externaltools.gnu-tools-for-stm32.13.3.rel1.win32_1.0.0.202411081344/tools/bin/../lib/gcc/arm-none-eabi/13.3.1/../../../../arm-none-eabi/lib/thumb/v7e-m+fp/hard\libc_nano.a(libc_a-lock.o)
                0x080110b8                __retarget_lock_release_recursive
 .text.memcpy   0x080110ba       0x1c C:/ST/STM32CubeIDE_1.18.1/STM32CubeIDE/plugins/com.st.stm32cube.ide.mcu.externaltools.gnu-tools-for-stm32.13.3.rel1.win32_1.0.0.202411081344/tools/bin/../lib/gcc/arm-none-eabi/13.3.1/../../../../arm-none-eabi/lib/thumb/v7e-m+fp/hard\libc_nano.a(libc_a-memcpy-stub.o)
                0x080110ba                memcpy
 *fill*         0x080110d6        0x2 
 .text._free_r  0x080110d8       0x94 C:/ST/STM32CubeIDE_1.18.1/STM32CubeIDE/plugins/com.st.stm32cube.ide.mcu.externaltools.gnu-tools-for-stm32.13.3.rel1.win32_1.0.0.202411081344/tools/bin/../lib/gcc/arm-none-eabi/13.3.1/../../../../arm-none-eabi/lib/thumb/v7e-m+fp/hard\libc_nano.a(libc_a-freer.o)
                0x080110d8                _free_r
 .text.__sfputc_r
                0x0801116c       0x2e C:/ST/STM32CubeIDE_1.18.1/STM32CubeIDE/plugins/com.st.stm32cube.ide.mcu.externaltools.gnu-tools-for-stm32.13.3.rel1.win32_1.0.0.202411081344/tools/bin/../lib/gcc/arm-none-eabi/13.3.1/../../../../arm-none-eabi/lib/thumb/v7e-m+fp/hard\libc_nano.a(libc_a-nano-vfprintf.o)
 .text.__sfputs_r
                0x0801119a       0x24 C:/ST/STM32CubeIDE_1.18.1/STM32CubeIDE/plugins/com.st.stm32cube.ide.mcu.externaltools.gnu-tools-for-stm32.13.3.rel1.win32_1.0.0.202411081344/tools/bin/../lib/gcc/arm-none-eabi/13.3.1/../../../../arm-none-eabi/lib/thumb/v7e-m+fp/hard\libc_nano.a(libc_a-nano-vfprintf.o)
                0x0801119a                __sfputs_r
 *fill*         0x080111be        0x2 
 .text._vfprintf_r
                0x080111c0      0x230 C:/ST/STM32CubeIDE_1.18.1/STM32CubeIDE/plugins/com.st.stm32cube.ide.mcu.externaltools.gnu-tools-for-stm32.13.3.rel1.win32_1.0.0.202411081344/tools/bin/../lib/gcc/arm-none-eabi/13.3.1/../../../../arm-none-eabi/lib/thumb/v7e-m+fp/hard\libc_nano.a(libc_a-nano-vfprintf.o)
                0x080111c0                _vfprintf_r
                0x080111c0                _vfiprintf_r
 .text._printf_common
                0x080113f0       0xda C:/ST/STM32CubeIDE_1.18.1/STM32CubeIDE/plugins/com.st.stm32cube.ide.mcu.externaltools.gnu-tools-for-stm32.13.3.rel1.win32_1.0.0.202411081344/tools/bin/../lib/gcc/arm-none-eabi/13.3.1/../../../../arm-none-eabi/lib/thumb/v7e-m+fp/hard\libc_nano.a(libc_a-nano-vfprintf_i.o)
                0x080113f0                _printf_common
 *fill*         0x080114ca        0x2 
 .text._printf_i
                0x080114cc      0x23c C:/ST/STM32CubeIDE_1.18.1/STM32CubeIDE/plugins/com.st.stm32cube.ide.mcu.externaltools.gnu-tools-for-stm32.13.3.rel1.win32_1.0.0.202411081344/tools/bin/../lib/gcc/arm-none-eabi/13.3.1/../../../../arm-none-eabi/lib/thumb/v7e-m+fp/hard\libc_nano.a(libc_a-nano-vfprintf_i.o)
                0x080114cc                _printf_i
 .text.__swhatbuf_r
                0x08011708       0x4c C:/ST/STM32CubeIDE_1.18.1/STM32CubeIDE/plugins/com.st.stm32cube.ide.mcu.externaltools.gnu-tools-for-stm32.13.3.rel1.win32_1.0.0.202411081344/tools/bin/../lib/gcc/arm-none-eabi/13.3.1/../../../../arm-none-eabi/lib/thumb/v7e-m+fp/hard\libc_nano.a(libc_a-makebuf.o)
                0x08011708                __swhatbuf_r
 .text.__smakebuf_r
                0x08011754       0x78 C:/ST/STM32CubeIDE_1.18.1/STM32CubeIDE/plugins/com.st.stm32cube.ide.mcu.externaltools.gnu-tools-for-stm32.13.3.rel1.win32_1.0.0.202411081344/tools/bin/../lib/gcc/arm-none-eabi/13.3.1/../../../../arm-none-eabi/lib/thumb/v7e-m+fp/hard\libc_nano.a(libc_a-makebuf.o)
                0x08011754                __smakebuf_r
 .text._fstat_r
                0x080117cc       0x24 C:/ST/STM32CubeIDE_1.18.1/STM32CubeIDE/plugins/com.st.stm32cube.ide.mcu.externaltools.gnu-tools-for-stm32.13.3.rel1.win32_1.0.0.202411081344/tools/bin/../lib/gcc/arm-none-eabi/13.3.1/../../../../arm-none-eabi/lib/thumb/v7e-m+fp/hard\libc_nano.a(libc_a-fstatr.o)
                0x080117cc                _fstat_r
 .text._isatty_r
                0x080117f0       0x20 C:/ST/STM32CubeIDE_1.18.1/STM32CubeIDE/plugins/com.st.stm32cube.ide.mcu.externaltools.gnu-tools-for-stm32.13.3.rel1.win32_1.0.0.202411081344/tools/bin/../lib/gcc/arm-none-eabi/13.3.1/../../../../arm-none-eabi/lib/thumb/v7e-m+fp/hard\libc_nano.a(libc_a-isattyr.o)
                0x080117f0                _isatty_r
 .text.sin      0x08011810       0xa8 C:/ST/STM32CubeIDE_1.18.1/STM32CubeIDE/plugins/com.st.stm32cube.ide.mcu.externaltools.gnu-tools-for-stm32.13.3.rel1.win32_1.0.0.202411081344/tools/bin/../lib/gcc/arm-none-eabi/13.3.1/../../../../arm-none-eabi/lib/thumb/v7e-m+fp/hard\libm.a(libm_a-s_sin.o)
                0x08011810                sin
 .text.__kernel_cos
                0x080118b8      0x18c C:/ST/STM32CubeIDE_1.18.1/STM32CubeIDE/plugins/com.st.stm32cube.ide.mcu.externaltools.gnu-tools-for-stm32.13.3.rel1.win32_1.0.0.202411081344/tools/bin/../lib/gcc/arm-none-eabi/13.3.1/../../../../arm-none-eabi/lib/thumb/v7e-m+fp/hard\libm.a(libm_a-k_cos.o)
                0x080118b8                __kernel_cos
 *fill*         0x08011a44        0x4 
 .text.__kernel_sin
                0x08011a48      0x174 C:/ST/STM32CubeIDE_1.18.1/STM32CubeIDE/plugins/com.st.stm32cube.ide.mcu.externaltools.gnu-tools-for-stm32.13.3.rel1.win32_1.0.0.202411081344/tools/bin/../lib/gcc/arm-none-eabi/13.3.1/../../../../arm-none-eabi/lib/thumb/v7e-m+fp/hard\libm.a(libm_a-k_sin.o)
                0x08011a48                __kernel_sin
 *fill*         0x08011bbc        0x4 
 .text.__ieee754_rem_pio2
                0x08011bc0      0x3f8 C:/ST/STM32CubeIDE_1.18.1/STM32CubeIDE/plugins/com.st.stm32cube.ide.mcu.externaltools.gnu-tools-for-stm32.13.3.rel1.win32_1.0.0.202411081344/tools/bin/../lib/gcc/arm-none-eabi/13.3.1/../../../../arm-none-eabi/lib/thumb/v7e-m+fp/hard\libm.a(libm_a-e_rem_pio2.o)
                0x08011bc0                __ieee754_rem_pio2
 .text.fabs     0x08011fb8       0x10 C:/ST/STM32CubeIDE_1.18.1/STM32CubeIDE/plugins/com.st.stm32cube.ide.mcu.externaltools.gnu-tools-for-stm32.13.3.rel1.win32_1.0.0.202411081344/tools/bin/../lib/gcc/arm-none-eabi/13.3.1/../../../../arm-none-eabi/lib/thumb/v7e-m+fp/hard\libm.a(libm_a-s_fabs.o)
                0x08011fb8                fabs
 .text.__kernel_rem_pio2
                0x08011fc8      0x6a0 C:/ST/STM32CubeIDE_1.18.1/STM32CubeIDE/plugins/com.st.stm32cube.ide.mcu.externaltools.gnu-tools-for-stm32.13.3.rel1.win32_1.0.0.202411081344/tools/bin/../lib/gcc/arm-none-eabi/13.3.1/../../../../arm-none-eabi/lib/thumb/v7e-m+fp/hard\libm.a(libm_a-k_rem_pio2.o)
                0x08011fc8                __kernel_rem_pio2
 .text.scalbn   0x08012668       0xf4 C:/ST/STM32CubeIDE_1.18.1/STM32CubeIDE/plugins/com.st.stm32cube.ide.mcu.externaltools.gnu-tools-for-stm32.13.3.rel1.win32_1.0.0.202411081344/tools/bin/../lib/gcc/arm-none-eabi/13.3.1/../../../../arm-none-eabi/lib/thumb/v7e-m+fp/hard\libm.a(libm_a-s_scalbn.o)
                0x08012668                scalbn
 *fill*         0x0801275c        0x4 
 .text.floor    0x08012760       0xf8 C:/ST/STM32CubeIDE_1.18.1/STM32CubeIDE/plugins/com.st.stm32cube.ide.mcu.externaltools.gnu-tools-for-stm32.13.3.rel1.win32_1.0.0.202411081344/tools/bin/../lib/gcc/arm-none-eabi/13.3.1/../../../../arm-none-eabi/lib/thumb/v7e-m+fp/hard\libm.a(libm_a-s_floor.o)
                0x08012760                floor
 *(.glue_7)
 .glue_7        0x08012858        0x0 linker stubs
 *(.glue_7t)
 .glue_7t       0x08012858        0x0 linker stubs
 *(.eh_frame)
 .eh_frame      0x08012858        0x0 C:/ST/STM32CubeIDE_1.18.1/STM32CubeIDE/plugins/com.st.stm32cube.ide.mcu.externaltools.gnu-tools-for-stm32.13.3.rel1.win32_1.0.0.202411081344/tools/bin/../lib/gcc/arm-none-eabi/13.3.1/thumb/v7e-m+fp/hard/crtbegin.o
 *(.init)
 .init          0x08012858        0x4 C:/ST/STM32CubeIDE_1.18.1/STM32CubeIDE/plugins/com.st.stm32cube.ide.mcu.externaltools.gnu-tools-for-stm32.13.3.rel1.win32_1.0.0.202411081344/tools/bin/../lib/gcc/arm-none-eabi/13.3.1/thumb/v7e-m+fp/hard/crti.o
                0x08012858                _init
 .init          0x0801285c        0x8 C:/ST/STM32CubeIDE_1.18.1/STM32CubeIDE/plugins/com.st.stm32cube.ide.mcu.externaltools.gnu-tools-for-stm32.13.3.rel1.win32_1.0.0.202411081344/tools/bin/../lib/gcc/arm-none-eabi/13.3.1/thumb/v7e-m+fp/hard/crtn.o
 *(.fini)
 .fini          0x08012864        0x4 C:/ST/STM32CubeIDE_1.18.1/STM32CubeIDE/plugins/com.st.stm32cube.ide.mcu.externaltools.gnu-tools-for-stm32.13.3.rel1.win32_1.0.0.202411081344/tools/bin/../lib/gcc/arm-none-eabi/13.3.1/thumb/v7e-m+fp/hard/crti.o
                0x08012864                _fini
 .fini          0x08012868        0x8 C:/ST/STM32CubeIDE_1.18.1/STM32CubeIDE/plugins/com.st.stm32cube.ide.mcu.externaltools.gnu-tools-for-stm32.13.3.rel1.win32_1.0.0.202411081344/tools/bin/../lib/gcc/arm-none-eabi/13.3.1/thumb/v7e-m+fp/hard/crtn.o
                0x08012870                        . = ALIGN (0x4)
                0x08012870                        _etext = .

.vfp11_veneer   0x08012870        0x0
 .vfp11_veneer  0x08012870        0x0 linker stubs

.v4_bx          0x08012870        0x0
 .v4_bx         0x08012870        0x0 linker stubs

.iplt           0x08012870        0x0
 .iplt          0x08012870        0x0 C:/ST/STM32CubeIDE_1.18.1/STM32CubeIDE/plugins/com.st.stm32cube.ide.mcu.externaltools.gnu-tools-for-stm32.13.3.rel1.win32_1.0.0.202411081344/tools/bin/../lib/gcc/arm-none-eabi/13.3.1/thumb/v7e-m+fp/hard/crtbegin.o

.rodata         0x08012870     0x1490
                0x08012870                        . = ALIGN (0x4)
 *(.rodata)
 .rodata        0x08012870      0x1c9 ./CANopenNode_STM32/CO_app_STM32.o
 *fill*         0x08012a39        0x3 
 .rodata        0x08012a3c        0x5 ./Core/Src/main.o
 *(.rodata*)
 *fill*         0x08012a41        0x3 
 .rodata.abortCodes.0
                0x08012a44       0x68 ./CANopenNode/301/CO_ODinterface.o
 .rodata.CO_LSS_bitTimingTableLookup
                0x08012aac       0x14 ./CANopenNode/305/CO_LSSslave.o
 .rodata.ODObjs
                0x08012ac0      0xfec ./CANopenNode_STM32/OD.o
 .rodata.AHBPrescTable
                0x08013aac       0x10 ./Core/Src/system_stm32l4xx.o
                0x08013aac                AHBPrescTable
 .rodata.APBPrescTable
                0x08013abc        0x8 ./Core/Src/system_stm32l4xx.o
                0x08013abc                APBPrescTable
 .rodata.MSIRangeTable
                0x08013ac4       0x30 ./Core/Src/system_stm32l4xx.o
                0x08013ac4                MSIRangeTable
 .rodata._vfprintf_r.str1.1
                0x08013af4       0x33 C:/ST/STM32CubeIDE_1.18.1/STM32CubeIDE/plugins/com.st.stm32cube.ide.mcu.externaltools.gnu-tools-for-stm32.13.3.rel1.win32_1.0.0.202411081344/tools/bin/../lib/gcc/arm-none-eabi/13.3.1/../../../../arm-none-eabi/lib/thumb/v7e-m+fp/hard\libc_nano.a(libc_a-nano-vfprintf.o)
                                 0x11 (size before relaxing)
 .rodata._printf_i.str1.1
                0x08013b27       0x22 C:/ST/STM32CubeIDE_1.18.1/STM32CubeIDE/plugins/com.st.stm32cube.ide.mcu.externaltools.gnu-tools-for-stm32.13.3.rel1.win32_1.0.0.202411081344/tools/bin/../lib/gcc/arm-none-eabi/13.3.1/../../../../arm-none-eabi/lib/thumb/v7e-m+fp/hard\libc_nano.a(libc_a-nano-vfprintf_i.o)
 *fill*         0x08013b27        0x1 
 .rodata.npio2_hw
                0x08013b28       0x80 C:/ST/STM32CubeIDE_1.18.1/STM32CubeIDE/plugins/com.st.stm32cube.ide.mcu.externaltools.gnu-tools-for-stm32.13.3.rel1.win32_1.0.0.202411081344/tools/bin/../lib/gcc/arm-none-eabi/13.3.1/../../../../arm-none-eabi/lib/thumb/v7e-m+fp/hard\libm.a(libm_a-e_rem_pio2.o)
 .rodata.two_over_pi
                0x08013ba8      0x108 C:/ST/STM32CubeIDE_1.18.1/STM32CubeIDE/plugins/com.st.stm32cube.ide.mcu.externaltools.gnu-tools-for-stm32.13.3.rel1.win32_1.0.0.202411081344/tools/bin/../lib/gcc/arm-none-eabi/13.3.1/../../../../arm-none-eabi/lib/thumb/v7e-m+fp/hard\libm.a(libm_a-e_rem_pio2.o)
 .rodata.PIo2   0x08013cb0       0x40 C:/ST/STM32CubeIDE_1.18.1/STM32CubeIDE/plugins/com.st.stm32cube.ide.mcu.externaltools.gnu-tools-for-stm32.13.3.rel1.win32_1.0.0.202411081344/tools/bin/../lib/gcc/arm-none-eabi/13.3.1/../../../../arm-none-eabi/lib/thumb/v7e-m+fp/hard\libm.a(libm_a-k_rem_pio2.o)
 .rodata.init_jk
                0x08013cf0       0x10 C:/ST/STM32CubeIDE_1.18.1/STM32CubeIDE/plugins/com.st.stm32cube.ide.mcu.externaltools.gnu-tools-for-stm32.13.3.rel1.win32_1.0.0.202411081344/tools/bin/../lib/gcc/arm-none-eabi/13.3.1/../../../../arm-none-eabi/lib/thumb/v7e-m+fp/hard\libm.a(libm_a-k_rem_pio2.o)
                0x08013d00                        . = ALIGN (0x4)

.ARM.extab      0x08013d00        0x0
                0x08013d00                        . = ALIGN (0x4)
 *(.ARM.extab* .gnu.linkonce.armextab.*)
                0x08013d00                        . = ALIGN (0x4)

.ARM            0x08013d00        0x8
                0x08013d00                        . = ALIGN (0x4)
                0x08013d00                        __exidx_start = .
 *(.ARM.exidx*)
 .ARM.exidx     0x08013d00        0x8 C:/ST/STM32CubeIDE_1.18.1/STM32CubeIDE/plugins/com.st.stm32cube.ide.mcu.externaltools.gnu-tools-for-stm32.13.3.rel1.win32_1.0.0.202411081344/tools/bin/../lib/gcc/arm-none-eabi/13.3.1/../../../../arm-none-eabi/lib/thumb/v7e-m+fp/hard\libc_nano.a(libc_a-strlen.o)
 .ARM.exidx     0x08013d08        0x0 C:/ST/STM32CubeIDE_1.18.1/STM32CubeIDE/plugins/com.st.stm32cube.ide.mcu.externaltools.gnu-tools-for-stm32.13.3.rel1.win32_1.0.0.202411081344/tools/bin/../lib/gcc/arm-none-eabi/13.3.1/../../../../arm-none-eabi/lib/thumb/v7e-m+fp/hard\libc_nano.a(libc_a-memchr.o)
                                  0x8 (size before relaxing)
 .ARM.exidx     0x08013d08        0x0 C:/ST/STM32CubeIDE_1.18.1/STM32CubeIDE/plugins/com.st.stm32cube.ide.mcu.externaltools.gnu-tools-for-stm32.13.3.rel1.win32_1.0.0.202411081344/tools/bin/../lib/gcc/arm-none-eabi/13.3.1/thumb/v7e-m+fp/hard\libgcc.a(_udivmoddi4.o)
                                  0x8 (size before relaxing)
                0x08013d08                        __exidx_end = .
                0x08013d08                        . = ALIGN (0x4)

.preinit_array  0x08013d08        0x0
                0x08013d08                        . = ALIGN (0x4)
                0x08013d08                        PROVIDE (__preinit_array_start = .)
 *(.preinit_array*)
                0x08013d08                        PROVIDE (__preinit_array_end = .)
                0x08013d08                        . = ALIGN (0x4)

.init_array     0x08013d08        0x4
                0x08013d08                        . = ALIGN (0x4)
                0x08013d08                        PROVIDE (__init_array_start = .)
 *(SORT_BY_NAME(.init_array.*))
 *(.init_array*)
 .init_array    0x08013d08        0x4 C:/ST/STM32CubeIDE_1.18.1/STM32CubeIDE/plugins/com.st.stm32cube.ide.mcu.externaltools.gnu-tools-for-stm32.13.3.rel1.win32_1.0.0.202411081344/tools/bin/../lib/gcc/arm-none-eabi/13.3.1/thumb/v7e-m+fp/hard/crtbegin.o
                0x08013d0c                        PROVIDE (__init_array_end = .)
                0x08013d0c                        . = ALIGN (0x4)

.fini_array     0x08013d0c        0x4
                0x08013d0c                        . = ALIGN (0x4)
                [!provide]                        PROVIDE (__fini_array_start = .)
 *(SORT_BY_NAME(.fini_array.*))
 *(.fini_array*)
 .fini_array    0x08013d0c        0x4 C:/ST/STM32CubeIDE_1.18.1/STM32CubeIDE/plugins/com.st.stm32cube.ide.mcu.externaltools.gnu-tools-for-stm32.13.3.rel1.win32_1.0.0.202411081344/tools/bin/../lib/gcc/arm-none-eabi/13.3.1/thumb/v7e-m+fp/hard/crtbegin.o
                [!provide]                        PROVIDE (__fini_array_end = .)
                0x08013d10                        . = ALIGN (0x4)
                0x08013d10                        _sidata = LOADADDR (.data)

.rel.dyn        0x08013d10        0x0
 .rel.iplt      0x08013d10        0x0 C:/ST/STM32CubeIDE_1.18.1/STM32CubeIDE/plugins/com.st.stm32cube.ide.mcu.externaltools.gnu-tools-for-stm32.13.3.rel1.win32_1.0.0.202411081344/tools/bin/../lib/gcc/arm-none-eabi/13.3.1/thumb/v7e-m+fp/hard/crtbegin.o

.data           0x20000000      0x96c load address 0x08013d10
                0x20000000                        . = ALIGN (0x4)
                0x20000000                        _sdata = .
 *(.data)
 *(.data*)
 .data.OD_PERSIST_COMM
                0x20000000      0x464 ./CANopenNode_STM32/OD.o
                0x20000000                OD_PERSIST_COMM
 .data.OD_RAM   0x20000464       0x68 ./CANopenNode_STM32/OD.o
                0x20000464                OD_RAM
 .data.ODList   0x200004cc      0x3fc ./CANopenNode_STM32/OD.o
 .data._OD      0x200008c8        0x8 ./CANopenNode_STM32/OD.o
 .data.OD       0x200008d0        0x4 ./CANopenNode_STM32/OD.o
                0x200008d0                OD
 .data.driveState
                0x200008d4        0x1 ./Core/Src/DriveProcess.o
                0x200008d4                driveState
 .data.oldStateDrive
                0x200008d5        0x1 ./Core/Src/DriveProcess.o