Archive member included to satisfy reference by file (symbol)

C:/devel/stm32CubeIDE_1.18.1/STM32CubeIDE/plugins/com.st.stm32cube.ide.mcu.externaltools.gnu-tools-for-stm32.13.3.rel1.win32_1.0.0.202411081344/tools/bin/../lib/gcc/arm-none-eabi/13.3.1/../../../../arm-none-eabi/lib/thumb/v7e-m+fp/hard\libc_nano.a(libc_a-calloc.o)
                              ./CANopenNode/CANopen.o (calloc)
C:/devel/stm32CubeIDE_1.18.1/STM32CubeIDE/plugins/com.st.stm32cube.ide.mcu.externaltools.gnu-tools-for-stm32.13.3.rel1.win32_1.0.0.202411081344/tools/bin/../lib/gcc/arm-none-eabi/13.3.1/../../../../arm-none-eabi/lib/thumb/v7e-m+fp/hard\libc_nano.a(libc_a-callocr.o)
                              C:/devel/stm32CubeIDE_1.18.1/STM32CubeIDE/plugins/com.st.stm32cube.ide.mcu.externaltools.gnu-tools-for-stm32.13.3.rel1.win32_1.0.0.202411081344/tools/bin/../lib/gcc/arm-none-eabi/13.3.1/../../../../arm-none-eabi/lib/thumb/v7e-m+fp/hard\libc_nano.a(libc_a-calloc.o) (_calloc_r)
C:/devel/stm32CubeIDE_1.18.1/STM32CubeIDE/plugins/com.st.stm32cube.ide.mcu.externaltools.gnu-tools-for-stm32.13.3.rel1.win32_1.0.0.202411081344/tools/bin/../lib/gcc/arm-none-eabi/13.3.1/../../../../arm-none-eabi/lib/thumb/v7e-m+fp/hard\libc_nano.a(libc_a-exit.o)
                              C:/devel/stm32CubeIDE_1.18.1/STM32CubeIDE/plugins/com.st.stm32cube.ide.mcu.externaltools.gnu-tools-for-stm32.13.3.rel1.win32_1.0.0.202411081344/tools/bin/../lib/gcc/arm-none-eabi/13.3.1/../../../../arm-none-eabi/lib/thumb/v7e-m+fp/hard/crt0.o (exit)
C:/devel/stm32CubeIDE_1.18.1/STM32CubeIDE/plugins/com.st.stm32cube.ide.mcu.externaltools.gnu-tools-for-stm32.13.3.rel1.win32_1.0.0.202411081344/tools/bin/../lib/gcc/arm-none-eabi/13.3.1/../../../../arm-none-eabi/lib/thumb/v7e-m+fp/hard\libc_nano.a(libc_a-malloc.o)
                              ./CANopenNode/CANopen.o (free)
C:/devel/stm32CubeIDE_1.18.1/STM32CubeIDE/plugins/com.st.stm32cube.ide.mcu.externaltools.gnu-tools-for-stm32.13.3.rel1.win32_1.0.0.202411081344/tools/bin/../lib/gcc/arm-none-eabi/13.3.1/../../../../arm-none-eabi/lib/thumb/v7e-m+fp/hard\libc_nano.a(libc_a-mallocr.o)
                              C:/devel/stm32CubeIDE_1.18.1/STM32CubeIDE/plugins/com.st.stm32cube.ide.mcu.externaltools.gnu-tools-for-stm32.13.3.rel1.win32_1.0.0.202411081344/tools/bin/../lib/gcc/arm-none-eabi/13.3.1/../../../../arm-none-eabi/lib/thumb/v7e-m+fp/hard\libc_nano.a(libc_a-callocr.o) (_malloc_r)
C:/devel/stm32CubeIDE_1.18.1/STM32CubeIDE/plugins/com.st.stm32cube.ide.mcu.externaltools.gnu-tools-for-stm32.13.3.rel1.win32_1.0.0.202411081344/tools/bin/../lib/gcc/arm-none-eabi/13.3.1/../../../../arm-none-eabi/lib/thumb/v7e-m+fp/hard\libc_nano.a(libc_a-mlock.o)
                              C:/devel/stm32CubeIDE_1.18.1/STM32CubeIDE/plugins/com.st.stm32cube.ide.mcu.externaltools.gnu-tools-for-stm32.13.3.rel1.win32_1.0.0.202411081344/tools/bin/../lib/gcc/arm-none-eabi/13.3.1/../../../../arm-none-eabi/lib/thumb/v7e-m+fp/hard\libc_nano.a(libc_a-mallocr.o) (__malloc_lock)
C:/devel/stm32CubeIDE_1.18.1/STM32CubeIDE/plugins/com.st.stm32cube.ide.mcu.externaltools.gnu-tools-for-stm32.13.3.rel1.win32_1.0.0.202411081344/tools/bin/../lib/gcc/arm-none-eabi/13.3.1/../../../../arm-none-eabi/lib/thumb/v7e-m+fp/hard\libc_nano.a(libc_a-fflush.o)
                              ./CANopenNode_STM32/CO_app_STM32.o (fflush)
C:/devel/stm32CubeIDE_1.18.1/STM32CubeIDE/plugins/com.st.stm32cube.ide.mcu.externaltools.gnu-tools-for-stm32.13.3.rel1.win32_1.0.0.202411081344/tools/bin/../lib/gcc/arm-none-eabi/13.3.1/../../../../arm-none-eabi/lib/thumb/v7e-m+fp/hard\libc_nano.a(libc_a-findfp.o)
                              C:/devel/stm32CubeIDE_1.18.1/STM32CubeIDE/plugins/com.st.stm32cube.ide.mcu.externaltools.gnu-tools-for-stm32.13.3.rel1.win32_1.0.0.202411081344/tools/bin/../lib/gcc/arm-none-eabi/13.3.1/../../../../arm-none-eabi/lib/thumb/v7e-m+fp/hard\libc_nano.a(libc_a-fflush.o) (__sglue)
C:/devel/stm32CubeIDE_1.18.1/STM32CubeIDE/plugins/com.st.stm32cube.ide.mcu.externaltools.gnu-tools-for-stm32.13.3.rel1.win32_1.0.0.202411081344/tools/bin/../lib/gcc/arm-none-eabi/13.3.1/../../../../arm-none-eabi/lib/thumb/v7e-m+fp/hard\libc_nano.a(libc_a-fwalk.o)
                              C:/devel/stm32CubeIDE_1.18.1/STM32CubeIDE/plugins/com.st.stm32cube.ide.mcu.externaltools.gnu-tools-for-stm32.13.3.rel1.win32_1.0.0.202411081344/tools/bin/../lib/gcc/arm-none-eabi/13.3.1/../../../../arm-none-eabi/lib/thumb/v7e-m+fp/hard\libc_nano.a(libc_a-fflush.o) (_fwalk_sglue)
C:/devel/stm32CubeIDE_1.18.1/STM32CubeIDE/plugins/com.st.stm32cube.ide.mcu.externaltools.gnu-tools-for-stm32.13.3.rel1.win32_1.0.0.202411081344/tools/bin/../lib/gcc/arm-none-eabi/13.3.1/../../../../arm-none-eabi/lib/thumb/v7e-m+fp/hard\libc_nano.a(libc_a-printf.o)
                              ./CANopenNode_STM32/CO_app_STM32.o (printf)
[...]
Memory Configuration

Name             Origin             Length             Attributes
RAM              0x20000000         0x0000c000         xrw
RAM2             0x10000000         0x00004000         xrw
FLASH            0x08000000         0x0003f800         xr
*default*        0x00000000         0xffffffff

Linker script and memory map

LOAD C:/devel/stm32CubeIDE_1.18.1/STM32CubeIDE/plugins/com.st.stm32cube.ide.mcu.externaltools.gnu-tools-for-stm32.13.3.rel1.win32_1.0.0.202411081344/tools/bin/../lib/gcc/arm-none-eabi/13.3.1/thumb/v7e-m+fp/hard/crti.o
LOAD C:/devel/stm32CubeIDE_1.18.1/STM32CubeIDE/plugins/com.st.stm32cube.ide.mcu.externaltools.gnu-tools-for-stm32.13.3.rel1.win32_1.0.0.202411081344/tools/bin/../lib/gcc/arm-none-eabi/13.3.1/thumb/v7e-m+fp/hard/crtbegin.o
LOAD C:/devel/stm32CubeIDE_1.18.1/STM32CubeIDE/plugins/com.st.stm32cube.ide.mcu.externaltools.gnu-tools-for-stm32.13.3.rel1.win32_1.0.0.202411081344/tools/bin/../lib/gcc/arm-none-eabi/13.3.1/../../../../arm-none-eabi/lib/thumb/v7e-m+fp/hard/crt0.o
LOAD ./CANopenNode/301/CO_Emergency.o
LOAD ./CANopenNode/301/CO_HBconsumer.o
LOAD ./CANopenNode/301/CO_NMT_Heartbeat.o
LOAD ./CANopenNode/301/CO_Node_Guarding.o
LOAD ./CANopenNode/301/CO_ODinterface.o
LOAD ./CANopenNode/301/CO_PDO.o
LOAD ./CANopenNode/301/CO_SDOclient.o
LOAD ./CANopenNode/301/CO_SDOserver.o
LOAD ./CANopenNode/301/CO_SYNC.o
LOAD ./CANopenNode/301/CO_TIME.o
LOAD ./CANopenNode/301/CO_fifo.o
LOAD ./CANopenNode/301/crc16-ccitt.o
LOAD ./CANopenNode/303/CO_LEDs.o
LOAD ./CANopenNode/304/CO_GFC.o
LOAD ./CANopenNode/304/CO_SRDO.o
LOAD ./CANopenNode/305/CO_LSSmaster.o
LOAD ./CANopenNode/305/CO_LSSslave.o
LOAD ./CANopenNode/309/CO_gateway_ascii.o
LOAD ./CANopenNode/CANopen.o
LOAD ./CANopenNode/extra/CO_trace.o
LOAD ./CANopenNode/storage/CO_storage.o
LOAD ./CANopenNode/storage/CO_storageEeprom.o
LOAD ./CANopenNode_STM32/CO_app_STM32.o
LOAD ./CANopenNode_STM32/CO_driver_STM32.o
LOAD ./CANopenNode_STM32/CO_storageBlank.o
LOAD ./CANopenNode_STM32/OD.o
LOAD ./Core/Src/GearProcess.o
LOAD ./Core/Src/event.o
LOAD ./Core/Src/flash.o
LOAD ./Core/Src/main.o
LOAD ./Core/Src/stm32l4xx_hal_msp.o
LOAD ./Core/Src/stm32l4xx_it.o
LOAD ./Core/Src/syscalls.o
LOAD ./Core/Src/sysmem.o
LOAD ./Core/Src/system_stm32l4xx.o
LOAD ./Core/Src/xf.o
LOAD ./Core/Startup/startup_stm32l432kcux.o
LOAD ./Drivers/STM32L4xx_HAL_Driver/Src/stm32l4xx_hal.o
LOAD ./Drivers/STM32L4xx_HAL_Driver/Src/stm32l4xx_hal_adc.o
LOAD ./Drivers/STM32L4xx_HAL_Driver/Src/stm32l4xx_hal_adc_ex.o
LOAD ./Drivers/STM32L4xx_HAL_Driver/Src/stm32l4xx_hal_can.o
LOAD ./Drivers/STM32L4xx_HAL_Driver/Src/stm32l4xx_hal_cortex.o
LOAD ./Drivers/STM32L4xx_HAL_Driver/Src/stm32l4xx_hal_dac.o
LOAD ./Drivers/STM32L4xx_HAL_Driver/Src/stm32l4xx_hal_dac_ex.o
LOAD ./Drivers/STM32L4xx_HAL_Driver/Src/stm32l4xx_hal_dma.o
LOAD ./Drivers/STM32L4xx_HAL_Driver/Src/stm32l4xx_hal_dma_ex.o
LOAD ./Drivers/STM32L4xx_HAL_Driver/Src/stm32l4xx_hal_exti.o
LOAD ./Drivers/STM32L4xx_HAL_Driver/Src/stm32l4xx_hal_flash.o
LOAD ./Drivers/STM32L4xx_HAL_Driver/Src/stm32l4xx_hal_flash_ex.o
LOAD ./Drivers/STM32L4xx_HAL_Driver/Src/stm32l4xx_hal_flash_ramfunc.o
LOAD ./Drivers/STM32L4xx_HAL_Driver/Src/stm32l4xx_hal_gpio.o
LOAD ./Drivers/STM32L4xx_HAL_Driver/Src/stm32l4xx_hal_i2c.o
LOAD ./Drivers/STM32L4xx_HAL_Driver/Src/stm32l4xx_hal_i2c_ex.o
LOAD ./Drivers/STM32L4xx_HAL_Driver/Src/stm32l4xx_hal_pwr.o
LOAD ./Drivers/STM32L4xx_HAL_Driver/Src/stm32l4xx_hal_pwr_ex.o
LOAD ./Drivers/STM32L4xx_HAL_Driver/Src/stm32l4xx_hal_rcc.o
LOAD ./Drivers/STM32L4xx_HAL_Driver/Src/stm32l4xx_hal_rcc_ex.o
LOAD ./Drivers/STM32L4xx_HAL_Driver/Src/stm32l4xx_hal_tim.o
LOAD ./Drivers/STM32L4xx_HAL_Driver/Src/stm32l4xx_hal_tim_ex.o
LOAD ./Drivers/STM32L4xx_HAL_Driver/Src/stm32l4xx_hal_uart.o
LOAD ./Drivers/STM32L4xx_HAL_Driver/Src/stm32l4xx_hal_uart_ex.o
START GROUP
LOAD C:/devel/stm32CubeIDE_1.18.1/STM32CubeIDE/plugins/com.st.stm32cube.ide.mcu.externaltools.gnu-tools-for-stm32.13.3.rel1.win32_1.0.0.202411081344/tools/bin/../lib/gcc/arm-none-eabi/13.3.1/../../../../arm-none-eabi/lib/thumb/v7e-m+fp/hard\libc_nano.a
LOAD C:/devel/stm32CubeIDE_1.18.1/STM32CubeIDE/plugins/com.st.stm32cube.ide.mcu.externaltools.gnu-tools-for-stm32.13.3.rel1.win32_1.0.0.202411081344/tools/bin/../lib/gcc/arm-none-eabi/13.3.1/../../../../arm-none-eabi/lib/thumb/v7e-m+fp/hard\libm.a
END GROUP
START GROUP
LOAD C:/devel/stm32CubeIDE_1.18.1/STM32CubeIDE/plugins/com.st.stm32cube.ide.mcu.externaltools.gnu-tools-for-stm32.13.3.rel1.win32_1.0.0.202411081344/tools/bin/../lib/gcc/arm-none-eabi/13.3.1/thumb/v7e-m+fp/hard\libgcc.a
LOAD C:/devel/stm32CubeIDE_1.18.1/STM32CubeIDE/plugins/com.st.stm32cube.ide.mcu.externaltools.gnu-tools-for-stm32.13.3.rel1.win32_1.0.0.202411081344/tools/bin/../lib/gcc/arm-none-eabi/13.3.1/../../../../arm-none-eabi/lib/thumb/v7e-m+fp/hard\libc_nano.a
END GROUP
START GROUP
LOAD C:/devel/stm32CubeIDE_1.18.1/STM32CubeIDE/plugins/com.st.stm32cube.ide.mcu.externaltools.gnu-tools-for-stm32.13.3.rel1.win32_1.0.0.202411081344/tools/bin/../lib/gcc/arm-none-eabi/13.3.1/thumb/v7e-m+fp/hard\libgcc.a
LOAD C:/devel/stm32CubeIDE_1.18.1/STM32CubeIDE/plugins/com.st.stm32cube.ide.mcu.externaltools.gnu-tools-for-stm32.13.3.rel1.win32_1.0.0.202411081344/tools/bin/../lib/gcc/arm-none-eabi/13.3.1/../../../../arm-none-eabi/lib/thumb/v7e-m+fp/hard\libc_nano.a
LOAD C:/devel/stm32CubeIDE_1.18.1/STM32CubeIDE/plugins/com.st.stm32cube.ide.mcu.externaltools.gnu-tools-for-stm32.13.3.rel1.win32_1.0.0.202411081344/tools/bin/../lib/gcc/arm-none-eabi/13.3.1/../../../../arm-none-eabi/lib/thumb/v7e-m+fp/hard\libnosys.a
END GROUP
START GROUP
LOAD C:/devel/stm32CubeIDE_1.18.1/STM32CubeIDE/plugins/com.st.stm32cube.ide.mcu.externaltools.gnu-tools-for-stm32.13.3.rel1.win32_1.0.0.202411081344/tools/bin/../lib/gcc/arm-none-eabi/13.3.1/thumb/v7e-m+fp/hard\libgcc.a
LOAD C:/devel/stm32CubeIDE_1.18.1/STM32CubeIDE/plugins/com.st.stm32cube.ide.mcu.externaltools.gnu-tools-for-stm32.13.3.rel1.win32_1.0.0.202411081344/tools/bin/../lib/gcc/arm-none-eabi/13.3.1/../../../../arm-none-eabi/lib/thumb/v7e-m+fp/hard\libc_nano.a
LOAD C:/devel/stm32CubeIDE_1.18.1/STM32CubeIDE/plugins/com.st.stm32cube.ide.mcu.externaltools.gnu-tools-for-stm32.13.3.rel1.win32_1.0.0.202411081344/tools/bin/../lib/gcc/arm-none-eabi/13.3.1/../../../../arm-none-eabi/lib/thumb/v7e-m+fp/hard\libnosys.a
END GROUP
LOAD C:/devel/stm32CubeIDE_1.18.1/STM32CubeIDE/plugins/com.st.stm32cube.ide.mcu.externaltools.gnu-tools-for-stm32.13.3.rel1.win32_1.0.0.202411081344/tools/bin/../lib/gcc/arm-none-eabi/13.3.1/thumb/v7e-m+fp/hard/crtend.o
LOAD C:/devel/stm32CubeIDE_1.18.1/STM32CubeIDE/plugins/com.st.stm32cube.ide.mcu.externaltools.gnu-tools-for-stm32.13.3.rel1.win32_1.0.0.202411081344/tools/bin/../lib/gcc/arm-none-eabi/13.3.1/thumb/v7e-m+fp/hard/crtn.o
                0x2000c000                        _estack = (ORIGIN (RAM) + LENGTH (RAM))
                0x00000200                        _Min_Heap_Size = 0x200
                0x00000400                        _Min_Stack_Size = 0x400

.isr_vector     0x08000000      0x18c
                0x08000000                        . = ALIGN (0x4)
 *(.isr_vector)
 .isr_vector    0x08000000      0x18c ./Core/Startup/startup_stm32l432kcux.o
                0x08000000                g_pfnVectors
                0x0800018c                        . = ALIGN (0x4)

.text           0x08000190     0xffa4
                0x08000190                        . = ALIGN (0x4)
 *(.text)
 .text          0x08000190       0x40 C:/devel/stm32CubeIDE_1.18.1/STM32CubeIDE/plugins/com.st.stm32cube.ide.mcu.externaltools.gnu-tools-for-stm32.13.3.rel1.win32_1.0.0.202411081344/tools/bin/../lib/gcc/arm-none-eabi/13.3.1/thumb/v7e-m+fp/hard/crtbegin.o
 .text          0x080001d0       0x10 C:/devel/stm32CubeIDE_1.18.1/STM32CubeIDE/plugins/com.st.stm32cube.ide.mcu.externaltools.gnu-tools-for-stm32.13.3.rel1.win32_1.0.0.202411081344/tools/bin/../lib/gcc/arm-none-eabi/13.3.1/../../../../arm-none-eabi/lib/thumb/v7e-m+fp/hard\libc_nano.a(libc_a-strlen.o)
                0x080001d0                strlen
 .text          0x080001e0       0xa0 C:/devel/stm32CubeIDE_1.18.1/STM32CubeIDE/plugins/com.st.stm32cube.ide.mcu.externaltools.gnu-tools-for-stm32.13.3.rel1.win32_1.0.0.202411081344/tools/bin/../lib/gcc/arm-none-eabi/13.3.1/../../../../arm-none-eabi/lib/thumb/v7e-m+fp/hard\libc_nano.a(libc_a-memchr.o)
                0x080001e0                memchr
 .text          0x08000280       0x30 C:/devel/stm32CubeIDE_1.18.1/STM32CubeIDE/plugins/com.st.stm32cube.ide.mcu.externaltools.gnu-tools-for-stm32.13.3.rel1.win32_1.0.0.202411081344/tools/bin/../lib/gcc/arm-none-eabi/13.3.1/thumb/v7e-m+fp/hard\libgcc.a(_aeabi_uldivmod.o)
                0x08000280                __aeabi_uldivmod
 .text          0x080002b0      0x2f8 C:/devel/stm32CubeIDE_1.18.1/STM32CubeIDE/plugins/com.st.stm32cube.ide.mcu.externaltools.gnu-tools-for-stm32.13.3.rel1.win32_1.0.0.202411081344/tools/bin/../lib/gcc/arm-none-eabi/13.3.1/thumb/v7e-m+fp/hard\libgcc.a(_udivmoddi4.o)
                0x080002b0                __udivmoddi4
 .text          0x080005a8        0x4 C:/devel/stm32CubeIDE_1.18.1/STM32CubeIDE/plugins/com.st.stm32cube.ide.mcu.externaltools.gnu-tools-for-stm32.13.3.rel1.win32_1.0.0.202411081344/tools/bin/../lib/gcc/arm-none-eabi/13.3.1/thumb/v7e-m+fp/hard\libgcc.a(_dvmd_tls.o)
                0x080005a8                __aeabi_idiv0
                0x080005a8                __aeabi_ldiv0
 *(.text*)
 .text.CO_getUint8
                0x080005ac       0x1c ./CANopenNode/301/CO_Emergency.o
 .text.CO_setUint8
                0x080005c8       0x20 ./CANopenNode/301/CO_Emergency.o
 .text.CO_setUint32
                0x080005e8       0x1e ./CANopenNode/301/CO_Emergency.o
 .text.OD_getIndex
                0x08000606       0x22 ./CANopenNode/301/CO_Emergency.o
 .text.OD_extension_init
                0x08000628       0x28 ./CANopenNode/301/CO_Emergency.o
 .text.OD_get_u32
                0x08000650       0x2a ./CANopenNode/301/CO_Emergency.o
 .text.OD_read_1014_default
                0x0800067a       0x70 ./CANopenNode/301/CO_Emergency.o
 .text.OD_read_1003
                0x080006ea       0xda ./CANopenNode/301/CO_Emergency.o
 .text.OD_write_1003
                0x080007c4       0x60 ./CANopenNode/301/CO_Emergency.o
 .text.CO_EM_init
                0x08000824      0x1c0 ./CANopenNode/301/CO_Emergency.o
                0x08000824                CO_EM_init
 .text.CO_EM_process
                0x080009e4      0x296 ./CANopenNode/301/CO_Emergency.o
                0x080009e4                CO_EM_process
 .text.CO_error
                0x08000c7a      0x17a ./CANopenNode/301/CO_Emergency.o
                0x08000c7a                CO_error
 .text.CO_getUint32
                0x08000df4       0x1c ./CANopenNode/301/CO_HBconsumer.o
 .text.OD_getIndex
                0x08000e10       0x22 ./CANopenNode/301/CO_HBconsumer.o
 .text.OD_extension_init
                0x08000e32       0x28 ./CANopenNode/301/CO_HBconsumer.o
 .text.OD_get_u32
                0x08000e5a       0x2a ./CANopenNode/301/CO_HBconsumer.o
 .text.CO_HBcons_receive
                0x08000e84       0x3c ./CANopenNode/301/CO_HBconsumer.o
 .text.OD_write_1016
                0x08000ec0       0x92 ./CANopenNode/301/CO_HBconsumer.o
 *fill*         0x08000f52        0x2 
 .text.CO_HBconsumer_init
                0x08000f54      0x154 ./CANopenNode/301/CO_HBconsumer.o
                0x08000f54                CO_HBconsumer_init
 .text.CO_HBconsumer_initEntry
                0x080010a8      0x12c ./CANopenNode/301/CO_HBconsumer.o
 .text.CO_HBconsumer_process
                0x080011d4      0x1aa ./CANopenNode/301/CO_HBconsumer.o
                0x080011d4                CO_HBconsumer_process
 .text.CO_getUint16
                0x0800137e       0x1e ./CANopenNode/301/CO_NMT_Heartbeat.o
 .text.OD_getIndex
                0x0800139c       0x22 ./CANopenNode/301/CO_NMT_Heartbeat.o
 .text.OD_extension_init
                0x080013be       0x28 ./CANopenNode/301/CO_NMT_Heartbeat.o
 .text.OD_get_u16
                0x080013e6       0x2a ./CANopenNode/301/CO_NMT_Heartbeat.o
 .text.CO_isError
                0x08001410       0x4e ./CANopenNode/301/CO_NMT_Heartbeat.o
 .text.CO_getErrorRegister
                0x0800145e       0x2c ./CANopenNode/301/CO_NMT_Heartbeat.o
 .text.CO_NMT_receive
                0x0800148a       0x50 ./CANopenNode/301/CO_NMT_Heartbeat.o
 .text.OD_write_1017
                0x080014da       0x6a ./CANopenNode/301/CO_NMT_Heartbeat.o
 .text.CO_NMT_init
                0x08001544      0x17c ./CANopenNode/301/CO_NMT_Heartbeat.o
                0x08001544                CO_NMT_init
 .text.CO_NMT_process
                0x080016c0      0x22e ./CANopenNode/301/CO_NMT_Heartbeat.o
                0x080016c0                CO_NMT_process
 .text.OD_readOriginal
                0x080018ee       0xb0 ./CANopenNode/301/CO_ODinterface.o
                0x080018ee                OD_readOriginal
 .text.OD_writeOriginal
                0x0800199e       0xda ./CANopenNode/301/CO_ODinterface.o
                0x0800199e                OD_writeOriginal
 .text.OD_readDisabled
                0x08001a78       0x1c ./CANopenNode/301/CO_ODinterface.o
 .text.OD_writeDisabled
                0x08001a94       0x1c ./CANopenNode/301/CO_ODinterface.o
 .text.OD_find  0x08001ab0       0xb8 ./CANopenNode/301/CO_ODinterface.o
                0x08001ab0                OD_find
 .text.OD_getSub
                0x08001b68      0x210 ./CANopenNode/301/CO_ODinterface.o
                0x08001b68                OD_getSub
 .text.OD_getSDOabCode
                0x08001d78       0x3c ./CANopenNode/301/CO_ODinterface.o
                0x08001d78                OD_getSDOabCode
 .text.OD_get_value
                0x08001db4       0x7a ./CANopenNode/301/CO_ODinterface.o
                0x08001db4                OD_get_value
 .text.OD_set_value
                0x08001e2e       0x7a ./CANopenNode/301/CO_ODinterface.o
                0x08001e2e                OD_set_value
 .text.OD_getPtr
                0x08001ea8       0x86 ./CANopenNode/301/CO_ODinterface.o
                0x08001ea8                OD_getPtr
 .text.CO_getUint8
                0x08001f2e       0x1c ./CANopenNode/301/CO_PDO.o
 .text.CO_getUint16
                0x08001f4a       0x1e ./CANopenNode/301/CO_PDO.o
 .text.CO_getUint32
                0x08001f68       0x1c ./CANopenNode/301/CO_PDO.o
 .text.CO_setUint32
                0x08001f84       0x1e ./CANopenNode/301/CO_PDO.o
 .text.OD_getIndex
                0x08001fa2       0x22 ./CANopenNode/301/CO_PDO.o
 .text.OD_extension_init
                0x08001fc4       0x28 ./CANopenNode/301/CO_PDO.o
 .text.OD_get_u8
                0x08001fec       0x2a ./CANopenNode/301/CO_PDO.o
 .text.OD_get_u16
                0x08002016       0x2a ./CANopenNode/301/CO_PDO.o
 .text.OD_get_u32
                0x08002040       0x2a ./CANopenNode/301/CO_PDO.o
 .text.OD_write_dummy
                0x0800206a       0x28 ./CANopenNode/301/CO_PDO.o
 .text.OD_read_dummy
                0x08002092       0x4e ./CANopenNode/301/CO_PDO.o
 .text.PDOconfigMap
                0x080020e0      0x17c ./CANopenNode/301/CO_PDO.o
 .text.PDO_initMapping
                0x0800225c      0x154 ./CANopenNode/301/CO_PDO.o
 .text.OD_write_PDO_mapping
                0x080023b0      0x132 ./CANopenNode/301/CO_PDO.o
 .text.OD_read_PDO_commParam
                0x080024e2       0x9c ./CANopenNode/301/CO_PDO.o
 .text.CO_PDO_receive
                0x0800257e       0xbc ./CANopenNode/301/CO_PDO.o
 *fill*         0x0800263a        0x2 
 .text.OD_write_14xx
                0x0800263c      0x240 ./CANopenNode/301/CO_PDO.o
 .text.CO_RPDO_init
                0x0800287c      0x284 ./CANopenNode/301/CO_PDO.o
                0x0800287c                CO_RPDO_init
 .text.CO_RPDO_process
                0x08002b00      0x296 ./CANopenNode/301/CO_PDO.o
                0x08002b00                CO_RPDO_process
 *fill*         0x08002d96        0x2 
 .text.OD_write_18xx
                0x08002d98      0x2a4 ./CANopenNode/301/CO_PDO.o
 .text.CO_TPDO_init
                0x0800303c      0x2e0 ./CANopenNode/301/CO_PDO.o
                0x0800303c                CO_TPDO_init
 .text.CO_TPDOsend
                0x0800331c      0x188 ./CANopenNode/301/CO_PDO.o
 .text.CO_TPDO_process
                0x080034a4      0x200 ./CANopenNode/301/CO_PDO.o
                0x080034a4                CO_TPDO_process
 .text.CO_getUint8
                0x080036a4       0x1c ./CANopenNode/301/CO_SDOserver.o
 .text.CO_getUint32
                0x080036c0       0x1c ./CANopenNode/301/CO_SDOserver.o
 .text.OD_getIndex
                0x080036dc       0x22 ./CANopenNode/301/CO_SDOserver.o
 .text.OD_extension_init
                0x080036fe       0x28 ./CANopenNode/301/CO_SDOserver.o
 .text.OD_get_u8
                0x08003726       0x2a ./CANopenNode/301/CO_SDOserver.o
 .text.OD_get_u32
                0x08003750       0x2a ./CANopenNode/301/CO_SDOserver.o
 .text.OD_set_u32
                0x0800377a       0x2a ./CANopenNode/301/CO_SDOserver.o
 .text.CO_SDO_receive
                0x080037a4       0x54 ./CANopenNode/301/CO_SDOserver.o
 .text.CO_SDOserver_init_canRxTx
                0x080037f8       0xd8 ./CANopenNode/301/CO_SDOserver.o
 .text.OD_write_1201_additional
                0x080038d0      0x224 ./CANopenNode/301/CO_SDOserver.o
 .text.CO_SDOserver_init
                0x08003af4      0x228 ./CANopenNode/301/CO_SDOserver.o
                0x08003af4                CO_SDOserver_init
 .text.validateAndWriteToOD
                0x08003d1c      0x220 ./CANopenNode/301/CO_SDOserver.o
 .text.readFromOd
                0x08003f3c      0x18c ./CANopenNode/301/CO_SDOserver.o
 .text.CO_SDOserver_process
                0x080040c8      0xa34 ./CANopenNode/301/CO_SDOserver.o
                0x080040c8                CO_SDOserver_process
 .text.CO_getUint8
                0x08004afc       0x1c ./CANopenNode/301/CO_SYNC.o
 .text.CO_getUint32
                0x08004b18       0x1c ./CANopenNode/301/CO_SYNC.o
 .text.OD_getIndex
                0x08004b34       0x22 ./CANopenNode/301/CO_SYNC.o
 .text.OD_extension_init
                0x08004b56       0x28 ./CANopenNode/301/CO_SYNC.o
 .text.OD_get_u8
                0x08004b7e       0x2a ./CANopenNode/301/CO_SYNC.o
 .text.OD_get_u32
                0x08004ba8       0x2a ./CANopenNode/301/CO_SYNC.o
 .text.CO_SYNCsend
                0x08004bd2       0x64 ./CANopenNode/301/CO_SYNC.o
 .text.CO_SYNC_receive
                0x08004c36       0x8c ./CANopenNode/301/CO_SYNC.o
 *fill*         0x08004cc2        0x2 
 .text.OD_write_1005
                0x08004cc4      0x188 ./CANopenNode/301/CO_SYNC.o
 .text.OD_write_1019
                0x08004e4c       0xbc ./CANopenNode/301/CO_SYNC.o
 .text.CO_SYNC_init
                0x08004f08      0x24c ./CANopenNode/301/CO_SYNC.o
                0x08004f08                CO_SYNC_init
 .text.CO_SYNC_process
                0x08005154      0x172 ./CANopenNode/301/CO_SYNC.o
                0x08005154                CO_SYNC_process
 .text.CO_getUint16
                0x080052c6       0x1e ./CANopenNode/301/CO_TIME.o
 .text.CO_getUint32
                0x080052e4       0x1c ./CANopenNode/301/CO_TIME.o
 .text.OD_getIndex
                0x08005300       0x22 ./CANopenNode/301/CO_TIME.o
 .text.OD_extension_init
                0x08005322       0x28 ./CANopenNode/301/CO_TIME.o
 .text.OD_get_u32
                0x0800534a       0x2a ./CANopenNode/301/CO_TIME.o
 .text.CO_TIME_receive
                0x08005374       0x3a ./CANopenNode/301/CO_TIME.o
 *fill*         0x080053ae        0x2 
 .text.OD_write_1012
                0x080053b0       0xe4 ./CANopenNode/301/CO_TIME.o
 .text.CO_TIME_init
                0x08005494      0x100 ./CANopenNode/301/CO_TIME.o
                0x08005494                CO_TIME_init
 .text.CO_TIME_process
                0x08005594       0xec ./CANopenNode/301/CO_TIME.o
                0x08005594                CO_TIME_process
 .text.CO_LEDs_init
                0x08005680       0x2e ./CANopenNode/303/CO_LEDs.o
                0x08005680                CO_LEDs_init
 *fill*         0x080056ae        0x2 
 .text.CO_LEDs_process
                0x080056b0      0x360 ./CANopenNode/303/CO_LEDs.o
                0x080056b0                CO_LEDs_process
 .text.CO_LSSslave_receive
                0x08005a10      0x2c8 ./CANopenNode/305/CO_LSSslave.o
 .text.CO_LSSslave_init
                0x08005cd8       0xec ./CANopenNode/305/CO_LSSslave.o
                0x08005cd8                CO_LSSslave_init
 .text.CO_LSSslave_process
                0x08005dc4      0x428 ./CANopenNode/305/CO_LSSslave.o
                0x08005dc4                CO_LSSslave_process
 .text.CO_isError
                0x080061ec       0x4e ./CANopenNode/CANopen.o
 .text.CO_getErrorRegister
                0x0800623a       0x2c ./CANopenNode/CANopen.o
 .text.CO_NMT_getInternalState
                0x08006266       0x24 ./CANopenNode/CANopen.o
 .text.CO_LSSslave_getState
                0x0800628a       0x22 ./CANopenNode/CANopen.o
 .text.CO_new   0x080062ac      0x24e ./CANopenNode/CANopen.o
                0x080062ac                CO_new
 .text.CO_delete
                0x080064fa       0xbe ./CANopenNode/CANopen.o
                0x080064fa                CO_delete
 .text.CO_CANinit
                0x080065b8       0x58 ./CANopenNode/CANopen.o
                0x080065b8                CO_CANinit
 .text.CO_LSSinit
                0x08006610       0x58 ./CANopenNode/CANopen.o
                0x08006610                CO_LSSinit
 .text.CO_CANopenInit
                0x08006668      0x288 ./CANopenNode/CANopen.o
                0x08006668                CO_CANopenInit
 .text.CO_CANopenInitPDO
                0x080068f0      0x190 ./CANopenNode/CANopen.o
                0x080068f0                CO_CANopenInitPDO
 .text.CO_process
                0x08006a80      0x1f0 ./CANopenNode/CANopen.o
                0x08006a80                CO_process
 .text.CO_process_SYNC
                0x08006c70       0x86 ./CANopenNode/CANopen.o
                0x08006c70                CO_process_SYNC
 .text.CO_process_RPDO
                0x08006cf6       0x68 ./CANopenNode/CANopen.o
                0x08006cf6                CO_process_RPDO
 .text.CO_process_TPDO
                0x08006d5e       0x68 ./CANopenNode/CANopen.o
                0x08006d5e                CO_process_TPDO
 *fill*         0x08006dc6        0x2 
 .text.canopen_app_init
                0x08006dc8       0x68 ./CANopenNode_STM32/CO_app_STM32.o
                0x08006dc8                canopen_app_init
 .text.canopen_app_resetCommunication
                0x08006e30      0x248 ./CANopenNode_STM32/CO_app_STM32.o
                0x08006e30                canopen_app_resetCommunication
 .text.canopen_app_process
                0x08007078       0xd8 ./CANopenNode_STM32/CO_app_STM32.o
                0x08007078                canopen_app_process
 .text.canopen_app_interrupt
                0x08007150       0x84 ./CANopenNode_STM32/CO_app_STM32.o
                0x08007150                canopen_app_interrupt
 .text.CO_CANsetConfigurationMode
                0x080071d4       0x20 ./CANopenNode_STM32/CO_driver_STM32.o
                0x080071d4                CO_CANsetConfigurationMode
 .text.CO_CANsetNormalMode
                0x080071f4       0x30 ./CANopenNode_STM32/CO_driver_STM32.o
                0x080071f4                CO_CANsetNormalMode
 .text.CO_CANmodule_init
                0x08007224      0x178 ./CANopenNode_STM32/CO_driver_STM32.o
                0x08007224                CO_CANmodule_init
 .text.CO_CANmodule_disable
                0x0800739c       0x2a ./CANopenNode_STM32/CO_driver_STM32.o
                0x0800739c                CO_CANmodule_disable
 *fill*         0x080073c6        0x2 
 .text.CO_CANrxBufferInit
                0x080073c8       0xbc ./CANopenNode_STM32/CO_driver_STM32.o
                0x080073c8                CO_CANrxBufferInit
 .text.CO_CANtxBufferInit
                0x08007484       0x74 ./CANopenNode_STM32/CO_driver_STM32.o
                0x08007484                CO_CANtxBufferInit
 .text.prv_send_can_message
                0x080074f8       0x80 ./CANopenNode_STM32/CO_driver_STM32.o
 .text.CO_CANsend
                0x08007578       0x8e ./CANopenNode_STM32/CO_driver_STM32.o
                0x08007578                CO_CANsend
 .text.CO_CANclearPendingSyncPDOs
                0x08007606       0xcc ./CANopenNode_STM32/CO_driver_STM32.o
                0x08007606                CO_CANclearPendingSyncPDOs
 .text.CO_CANmodule_process
                0x080076d2       0x90 ./CANopenNode_STM32/CO_driver_STM32.o
                0x080076d2                CO_CANmodule_process
 *fill*         0x08007762        0x2 
 .text.prv_read_can_received_msg
                0x08007764       0xd8 ./CANopenNode_STM32/CO_driver_STM32.o
 .text.HAL_CAN_RxFifo0MsgPendingCallback
                0x0800783c       0x1a ./CANopenNode_STM32/CO_driver_STM32.o
                0x0800783c                HAL_CAN_RxFifo0MsgPendingCallback
 .text.HAL_CAN_RxFifo1MsgPendingCallback
                0x08007856       0x1a ./CANopenNode_STM32/CO_driver_STM32.o
                0x08007856                HAL_CAN_RxFifo1MsgPendingCallback
 .text.CO_CANinterrupt_TX
                0x08007870       0x9c ./CANopenNode_STM32/CO_driver_STM32.o
                0x08007870                CO_CANinterrupt_TX
 .text.HAL_CAN_TxMailbox0CompleteCallback
                0x0800790c       0x20 ./CANopenNode_STM32/CO_driver_STM32.o
                0x0800790c                HAL_CAN_TxMailbox0CompleteCallback
 .text.HAL_CAN_TxMailbox1CompleteCallback
                0x0800792c       0x20 ./CANopenNode_STM32/CO_driver_STM32.o
                0x0800792c                HAL_CAN_TxMailbox1CompleteCallback
 .text.HAL_CAN_TxMailbox2CompleteCallback
                0x0800794c       0x20 ./CANopenNode_STM32/CO_driver_STM32.o
                0x0800794c                HAL_CAN_TxMailbox2CompleteCallback
 .text.CO_TPDOsendRequest
                0x0800796c       0x22 ./Core/Src/GearProcess.o
 *fill*         0x0800798e        0x2 
 .text.gearProcess
                0x08007990      0x4f4 ./Core/Src/GearProcess.o
                0x08007990                gearProcess
 .text.Event_init
                0x08007e84       0x26 ./Core/Src/event.o
                0x08007e84                Event_init
 .text.Event_setPE
                0x08007eaa       0x1c ./Core/Src/event.o
                0x08007eaa                Event_setPE
 .text.Event_setId
                0x08007ec6       0x1e ./Core/Src/event.o
                0x08007ec6                Event_setId
 .text.Event_setDelay
                0x08007ee4       0x1e ./Core/Src/event.o
                0x08007ee4                Event_setDelay
 .text.Event_getDelay
                0x08007f02       0x18 ./Core/Src/event.o
                0x08007f02                Event_getDelay
 *fill*         0x08007f1a        0x2 
 .text.GetPage  0x08007f1c       0x80 ./Core/Src/flash.o
 .text.GetBank  0x08007f9c       0x16 ./Core/Src/flash.o
 *fill*         0x08007fb2        0x2 
 .text.FlashErase
                0x08007fb4       0x98 ./Core/Src/flash.o
                0x08007fb4                FlashErase
 .text.FlashWrite
                0x0800804c       0x40 ./Core/Src/flash.o
                0x0800804c                FlashWrite
 .text.FlashRead
                0x0800808c       0x70 ./Core/Src/flash.o
                0x0800808c                FlashRead
 .text.HAL_ADCEx_InjectedConvCpltCallback
                0x080080fc       0x48 ./Core/Src/main.o
                0x080080fc                HAL_ADCEx_InjectedConvCpltCallback
 .text.HAL_TIM_PeriodElapsedCallback
                0x08008144       0x18 ./Core/Src/main.o
                0x08008144                HAL_TIM_PeriodElapsedCallback
 *fill*         0x0800815c        0x4 
 .text.main     0x08008160      0x158 ./Core/Src/main.o
                0x08008160                main
 .text.SystemClock_Config
                0x080082b8       0xa2 ./Core/Src/main.o
                0x080082b8                SystemClock_Config
 *fill*         0x0800835a        0x2 
 .text.MX_ADC1_Init
                0x0800835c       0xe4 ./Core/Src/main.o
 .text.MX_CAN1_Init
                0x08008440       0x6c ./Core/Src/main.o
 .text.MX_DAC1_Init
                0x080084ac       0x64 ./Core/Src/main.o
 .text.MX_I2C1_Init
                0x08008510       0x80 ./Core/Src/main.o
 .text.MX_TIM2_Init
                0x08008590       0x9c ./Core/Src/main.o
 .text.MX_USART2_UART_Init
                0x0800862c       0x60 ./Core/Src/main.o
 .text.MX_DMA_Init
                0x0800868c       0x3c ./Core/Src/main.o
 .text.MX_GPIO_Init
                0x080086c8       0xe4 ./Core/Src/main.o
 .text.Error_Handler
                0x080087ac        0xc ./Core/Src/main.o
                0x080087ac                Error_Handler
 .text.HAL_MspInit
                0x080087b8       0x48 ./Core/Src/stm32l4xx_hal_msp.o
                0x080087b8                HAL_MspInit
 .text.HAL_ADC_MspInit
                0x08008800      0x138 ./Core/Src/stm32l4xx_hal_msp.o
                0x08008800                HAL_ADC_MspInit
 .text.HAL_CAN_MspInit
                0x08008938       0xb8 ./Core/Src/stm32l4xx_hal_msp.o
                0x08008938                HAL_CAN_MspInit
 .text.HAL_DAC_MspInit
                0x080089f0       0x7c ./Core/Src/stm32l4xx_hal_msp.o
                0x080089f0                HAL_DAC_MspInit
 .text.HAL_I2C_MspInit
                0x08008a6c       0xb4 ./Core/Src/stm32l4xx_hal_msp.o
                0x08008a6c                HAL_I2C_MspInit
 .text.HAL_TIM_Base_MspInit
                0x08008b20       0x48 ./Core/Src/stm32l4xx_hal_msp.o
                0x08008b20                HAL_TIM_Base_MspInit
 .text.HAL_UART_MspInit
                0x08008b68       0xd4 ./Core/Src/stm32l4xx_hal_msp.o
                0x08008b68                HAL_UART_MspInit
 .text.NMI_Handler
                0x08008c3c        0x8 ./Core/Src/stm32l4xx_it.o
                0x08008c3c                NMI_Handler
 .text.HardFault_Handler
                0x08008c44        0x8 ./Core/Src/stm32l4xx_it.o
                0x08008c44                HardFault_Handler
 .text.MemManage_Handler
                0x08008c4c        0x8 ./Core/Src/stm32l4xx_it.o
                0x08008c4c                MemManage_Handler
 .text.BusFault_Handler
                0x08008c54        0x8 ./Core/Src/stm32l4xx_it.o
                0x08008c54                BusFault_Handler
 .text.UsageFault_Handler
                0x08008c5c        0x8 ./Core/Src/stm32l4xx_it.o
                0x08008c5c                UsageFault_Handler
 .text.SVC_Handler
                0x08008c64        0xe ./Core/Src/stm32l4xx_it.o
                0x08008c64                SVC_Handler
 .text.DebugMon_Handler
                0x08008c72        0xe ./Core/Src/stm32l4xx_it.o
                0x08008c72                DebugMon_Handler
 .text.PendSV_Handler
                0x08008c80        0xe ./Core/Src/stm32l4xx_it.o
                0x08008c80                PendSV_Handler
 .text.SysTick_Handler
                0x08008c8e        0xc ./Core/Src/stm32l4xx_it.o
                0x08008c8e                SysTick_Handler
 *fill*         0x08008c9a        0x2 
 .text.DMA1_Channel1_IRQHandler
                0x08008c9c       0x14 ./Core/Src/stm32l4xx_it.o
                0x08008c9c                DMA1_Channel1_IRQHandler
 .text.ADC1_IRQHandler
                0x08008cb0       0x14 ./Core/Src/stm32l4xx_it.o
                0x08008cb0                ADC1_IRQHandler
 .text.CAN1_TX_IRQHandler
                0x08008cc4       0x14 ./Core/Src/stm32l4xx_it.o
                0x08008cc4                CAN1_TX_IRQHandler
 .text.CAN1_RX0_IRQHandler
                0x08008cd8       0x14 ./Core/Src/stm32l4xx_it.o
                0x08008cd8                CAN1_RX0_IRQHandler
 .text.CAN1_RX1_IRQHandler
                0x08008cec       0x14 ./Core/Src/stm32l4xx_it.o
                0x08008cec                CAN1_RX1_IRQHandler
 .text.TIM2_IRQHandler
                0x08008d00       0x14 ./Core/Src/stm32l4xx_it.o
                0x08008d00                TIM2_IRQHandler
 .text._read    0x08008d14       0x3a ./Core/Src/syscalls.o
                0x08008d14                _read
 .text._write   0x08008d4e       0x38 ./Core/Src/syscalls.o
                0x08008d4e                _write
 .text._close   0x08008d86       0x18 ./Core/Src/syscalls.o
                0x08008d86                _close
 .text._fstat   0x08008d9e       0x20 ./Core/Src/syscalls.o
                0x08008d9e                _fstat
 .text._isatty  0x08008dbe       0x16 ./Core/Src/syscalls.o
                0x08008dbe                _isatty
 .text._lseek   0x08008dd4       0x1a ./Core/Src/syscalls.o
                0x08008dd4                _lseek
 *fill*         0x08008dee        0x2 
 .text._sbrk    0x08008df0       0x6c ./Core/Src/sysmem.o
                0x08008df0                _sbrk
 .text.SystemInit
                0x08008e5c       0x24 ./Core/Src/system_stm32l4xx.o
                0x08008e5c                SystemInit
 .text.XF_noMoreEvent
                0x08008e80        0x8 ./Core/Src/xf.o
                0x08008e80                XF_noMoreEvent
 .text.XF_noMoreTimer
                0x08008e88        0x8 ./Core/Src/xf.o
                0x08008e88                XF_noMoreTimer
 .text.XF_init  0x08008e90       0x88 ./Core/Src/xf.o
                0x08008e90                XF_init
 .text.XF_pushEvent
                0x08008f18       0xec ./Core/Src/xf.o
                0x08008f18                XF_pushEvent
 .text.XF_popEvent
                0x08009004       0xc4 ./Core/Src/xf.o
                0x08009004                XF_popEvent
 .text.XF_scheduleTimer
                0x080090c8       0xb4 ./Core/Src/xf.o
                0x080090c8                XF_scheduleTimer
 .text.XF_unscheduleTimer
                0x0800917c       0x58 ./Core/Src/xf.o
                0x0800917c                XF_unscheduleTimer
 .text.XF_decrementAndQueueTimers
                0x080091d4       0x94 ./Core/Src/xf.o
                0x080091d4                XF_decrementAndQueueTimers
 .text.ENTERCRITICAL
                0x08009268       0x26 ./Core/Src/xf.o
 .text.LEAVECRITICAL
                0x0800928e       0x26 ./Core/Src/xf.o
 .text.XF_post  0x080092b4       0x62 ./Core/Src/xf.o
                0x080092b4                XF_post
 .text.XF_executeOnce
                0x08009316       0x26 ./Core/Src/xf.o
                0x08009316                XF_executeOnce
 .text.Reset_Handler
                0x0800933c       0x50 ./Core/Startup/startup_stm32l432kcux.o
                0x0800933c                Reset_Handler
 .text.Default_Handler
                0x0800938c        0x2 ./Core/Startup/startup_stm32l432kcux.o
                0x0800938c                RTC_Alarm_IRQHandler
                0x0800938c                EXTI2_IRQHandler
                0x0800938c                TIM1_CC_IRQHandler
                0x0800938c                TSC_IRQHandler
                0x0800938c                TAMP_STAMP_IRQHandler
                0x0800938c                EXTI3_IRQHandler
                0x0800938c                LPTIM2_IRQHandler
                0x0800938c                I2C3_ER_IRQHandler
                0x0800938c                EXTI0_IRQHandler
                0x0800938c                FPU_IRQHandler
                0x0800938c                TIM1_UP_TIM16_IRQHandler
                0x0800938c                SPI1_IRQHandler
                0x0800938c                TIM6_DAC_IRQHandler
                0x0800938c                DMA2_Channel2_IRQHandler
                0x0800938c                DMA1_Channel4_IRQHandler
                0x0800938c                DMA1_Channel7_IRQHandler
                0x0800938c                DMA2_Channel1_IRQHandler
                0x0800938c                QUADSPI_IRQHandler
                0x0800938c                I2C1_EV_IRQHandler
                0x0800938c                DMA1_Channel6_IRQHandler
                0x0800938c                DMA2_Channel4_IRQHandler
                0x0800938c                RCC_IRQHandler
                0x0800938c                TIM1_TRG_COM_IRQHandler
                0x0800938c                Default_Handler
                0x0800938c                DMA2_Channel7_IRQHandler
                0x0800938c                EXTI15_10_IRQHandler
                0x0800938c                TIM7_IRQHandler
                0x0800938c                I2C3_EV_IRQHandler
                0x0800938c                USB_IRQHandler
                0x0800938c                EXTI9_5_IRQHandler
                0x0800938c                RTC_WKUP_IRQHandler
                0x0800938c                PVD_PVM_IRQHandler
                0x0800938c                DMA2_Channel5_IRQHandler
                0x0800938c                CRS_IRQHandler
                0x0800938c                DMA1_Channel5_IRQHandler
                0x0800938c                EXTI4_IRQHandler
                0x0800938c                RNG_IRQHandler
                0x0800938c                DMA1_Channel3_IRQHandler
                0x0800938c                COMP_IRQHandler
                0x0800938c                WWDG_IRQHandler
                0x0800938c                LPUART1_IRQHandler
                0x0800938c                DMA2_Channel6_IRQHandler
                0x0800938c                EXTI1_IRQHandler
                0x0800938c                USART2_IRQHandler
                0x0800938c                DMA1_Channel2_IRQHandler
                0x0800938c                CAN1_SCE_IRQHandler
                0x0800938c                FLASH_IRQHandler
                0x0800938c                USART1_IRQHandler
                0x0800938c                SPI3_IRQHandler
                0x0800938c                I2C1_ER_IRQHandler
                0x0800938c                SWPMI1_IRQHandler
                0x0800938c                LPTIM1_IRQHandler
                0x0800938c                SAI1_IRQHandler
                0x0800938c                DMA2_Channel3_IRQHandler
                0x0800938c                TIM1_BRK_TIM15_IRQHandler
 .text.HAL_Init
                0x0800938e       0x30 ./Drivers/STM32L4xx_HAL_Driver/Src/stm32l4xx_hal.o
                0x0800938e                HAL_Init
 *fill*         0x080093be        0x2 
 .text.HAL_InitTick
                0x080093c0       0x78 ./Drivers/STM32L4xx_HAL_Driver/Src/stm32l4xx_hal.o
                0x080093c0                HAL_InitTick
 .text.HAL_IncTick
                0x08009438       0x28 ./Drivers/STM32L4xx_HAL_Driver/Src/stm32l4xx_hal.o
                0x08009438                HAL_IncTick
 .text.HAL_GetTick
                0x08009460       0x18 ./Drivers/STM32L4xx_HAL_Driver/Src/stm32l4xx_hal.o
                0x08009460                HAL_GetTick
 .text.HAL_Delay
                0x08009478       0x48 ./Drivers/STM32L4xx_HAL_Driver/Src/stm32l4xx_hal.o
                0x08009478                HAL_Delay
 .text.LL_ADC_SetCommonClock
                0x080094c0       0x26 ./Drivers/STM32L4xx_HAL_Driver/Src/stm32l4xx_hal_adc.o
 .text.LL_ADC_GetCommonPathInternalCh
                0x080094e6       0x1c ./Drivers/STM32L4xx_HAL_Driver/Src/stm32l4xx_hal_adc.o
 .text.LL_ADC_REG_IsTriggerSourceSWStart
                0x08009502       0x26 ./Drivers/STM32L4xx_HAL_Driver/Src/stm32l4xx_hal_adc.o
 .text.LL_ADC_INJ_IsTriggerSourceSWStart
                0x08009528       0x26 ./Drivers/STM32L4xx_HAL_Driver/Src/stm32l4xx_hal_adc.o
 .text.LL_ADC_DisableDeepPowerDown
                0x0800954e       0x24 ./Drivers/STM32L4xx_HAL_Driver/Src/stm32l4xx_hal_adc.o
 .text.LL_ADC_IsDeepPowerDownEnabled
                0x08009572       0x28 ./Drivers/STM32L4xx_HAL_Driver/Src/stm32l4xx_hal_adc.o
 .text.LL_ADC_EnableInternalRegulator
                0x0800959a       0x28 ./Drivers/STM32L4xx_HAL_Driver/Src/stm32l4xx_hal_adc.o
 .text.LL_ADC_IsInternalRegulatorEnabled
                0x080095c2       0x28 ./Drivers/STM32L4xx_HAL_Driver/Src/stm32l4xx_hal_adc.o
 .text.LL_ADC_Enable
                0x080095ea       0x28 ./Drivers/STM32L4xx_HAL_Driver/Src/stm32l4xx_hal_adc.o
 .text.LL_ADC_IsEnabled
                0x08009612       0x26 ./Drivers/STM32L4xx_HAL_Driver/Src/stm32l4xx_hal_adc.o
 .text.LL_ADC_REG_IsConversionOngoing
                0x08009638       0x26 ./Drivers/STM32L4xx_HAL_Driver/Src/stm32l4xx_hal_adc.o
 .text.LL_ADC_INJ_IsConversionOngoing
                0x0800965e       0x26 ./Drivers/STM32L4xx_HAL_Driver/Src/stm32l4xx_hal_adc.o
 .text.HAL_ADC_Init
                0x08009684      0x284 ./Drivers/STM32L4xx_HAL_Driver/Src/stm32l4xx_hal_adc.o
                0x08009684                HAL_ADC_Init
 .text.HAL_ADC_IRQHandler
                0x08009908      0x368 ./Drivers/STM32L4xx_HAL_Driver/Src/stm32l4xx_hal_adc.o
                0x08009908                HAL_ADC_IRQHandler
 .text.HAL_ADC_ConvCpltCallback
                0x08009c70       0x14 ./Drivers/STM32L4xx_HAL_Driver/Src/stm32l4xx_hal_adc.o
                0x08009c70                HAL_ADC_ConvCpltCallback
 .text.HAL_ADC_LevelOutOfWindowCallback
                0x08009c84       0x14 ./Drivers/STM32L4xx_HAL_Driver/Src/stm32l4xx_hal_adc.o
                0x08009c84                HAL_ADC_LevelOutOfWindowCallback
 .text.HAL_ADC_ErrorCallback
                0x08009c98       0x14 ./Drivers/STM32L4xx_HAL_Driver/Src/stm32l4xx_hal_adc.o
                0x08009c98                HAL_ADC_ErrorCallback
 .text.ADC_Enable
                0x08009cac      0x10c ./Drivers/STM32L4xx_HAL_Driver/Src/stm32l4xx_hal_adc.o
                0x08009cac                ADC_Enable
 .text.LL_ADC_SetCommonPathInternalCh
                0x08009db8       0x26 ./Drivers/STM32L4xx_HAL_Driver/Src/stm32l4xx_hal_adc_ex.o
 .text.LL_ADC_GetCommonPathInternalCh
                0x08009dde       0x1c ./Drivers/STM32L4xx_HAL_Driver/Src/stm32l4xx_hal_adc_ex.o
 *fill*         0x08009dfa        0x2 
 .text.LL_ADC_SetOffset
                0x08009dfc       0x48 ./Drivers/STM32L4xx_HAL_Driver/Src/stm32l4xx_hal_adc_ex.o
 .text.LL_ADC_GetOffsetChannel
                0x08009e44       0x2c ./Drivers/STM32L4xx_HAL_Driver/Src/stm32l4xx_hal_adc_ex.o
 .text.LL_ADC_SetOffsetState
                0x08009e70       0x36 ./Drivers/STM32L4xx_HAL_Driver/Src/stm32l4xx_hal_adc_ex.o
 .text.LL_ADC_INJ_GetTrigAuto
                0x08009ea6       0x1c ./Drivers/STM32L4xx_HAL_Driver/Src/stm32l4xx_hal_adc_ex.o
 .text.LL_ADC_INJ_SetQueueMode
                0x08009ec2       0x2a ./Drivers/STM32L4xx_HAL_Driver/Src/stm32l4xx_hal_adc_ex.o
 .text.LL_ADC_SetChannelSamplingTime
                0x08009eec       0x56 ./Drivers/STM32L4xx_HAL_Driver/Src/stm32l4xx_hal_adc_ex.o
 *fill*         0x08009f42        0x2 
 .text.LL_ADC_SetChannelSingleDiff
                0x08009f44       0x48 ./Drivers/STM32L4xx_HAL_Driver/Src/stm32l4xx_hal_adc_ex.o
 .text.LL_ADC_IsEnabled
                0x08009f8c       0x26 ./Drivers/STM32L4xx_HAL_Driver/Src/stm32l4xx_hal_adc_ex.o
 .text.LL_ADC_REG_IsConversionOngoing
                0x08009fb2       0x26 ./Drivers/STM32L4xx_HAL_Driver/Src/stm32l4xx_hal_adc_ex.o
 .text.LL_ADC_INJ_StartConversion
                0x08009fd8       0x28 ./Drivers/STM32L4xx_HAL_Driver/Src/stm32l4xx_hal_adc_ex.o
 .text.LL_ADC_INJ_IsConversionOngoing
                0x0800a000       0x26 ./Drivers/STM32L4xx_HAL_Driver/Src/stm32l4xx_hal_adc_ex.o
 .text.HAL_ADCEx_InjectedStart_IT
                0x0800a026      0x14e ./Drivers/STM32L4xx_HAL_Driver/Src/stm32l4xx_hal_adc_ex.o
                0x0800a026                HAL_ADCEx_InjectedStart_IT
 .text.HAL_ADCEx_InjectedGetValue
                0x0800a174       0x6e ./Drivers/STM32L4xx_HAL_Driver/Src/stm32l4xx_hal_adc_ex.o
                0x0800a174                HAL_ADCEx_InjectedGetValue
 .text.HAL_ADCEx_InjectedQueueOverflowCallback
                0x0800a1e2       0x14 ./Drivers/STM32L4xx_HAL_Driver/Src/stm32l4xx_hal_adc_ex.o
                0x0800a1e2                HAL_ADCEx_InjectedQueueOverflowCallback
 .text.HAL_ADCEx_LevelOutOfWindow2Callback
                0x0800a1f6       0x14 ./Drivers/STM32L4xx_HAL_Driver/Src/stm32l4xx_hal_adc_ex.o
                0x0800a1f6                HAL_ADCEx_LevelOutOfWindow2Callback
 .text.HAL_ADCEx_LevelOutOfWindow3Callback
                0x0800a20a       0x14 ./Drivers/STM32L4xx_HAL_Driver/Src/stm32l4xx_hal_adc_ex.o
                0x0800a20a                HAL_ADCEx_LevelOutOfWindow3Callback
 .text.HAL_ADCEx_EndOfSamplingCallback
                0x0800a21e       0x14 ./Drivers/STM32L4xx_HAL_Driver/Src/stm32l4xx_hal_adc_ex.o
                0x0800a21e                HAL_ADCEx_EndOfSamplingCallback
 *fill*         0x0800a232        0x2 
 .text.HAL_ADCEx_InjectedConfigChannel
                0x0800a234      0x940 ./Drivers/STM32L4xx_HAL_Driver/Src/stm32l4xx_hal_adc_ex.o
                0x0800a234                HAL_ADCEx_InjectedConfigChannel
 .text.HAL_ADCEx_DisableInjectedQueue
                0x0800ab74       0x4e ./Drivers/STM32L4xx_HAL_Driver/Src/stm32l4xx_hal_adc_ex.o
                0x0800ab74                HAL_ADCEx_DisableInjectedQueue
 .text.HAL_CAN_Init
                0x0800abc2      0x1f6 ./Drivers/STM32L4xx_HAL_Driver/Src/stm32l4xx_hal_can.o
                0x0800abc2                HAL_CAN_Init
 .text.HAL_CAN_ConfigFilter
                0x0800adb8      0x194 ./Drivers/STM32L4xx_HAL_Driver/Src/stm32l4xx_hal_can.o
                0x0800adb8                HAL_CAN_ConfigFilter
 .text.HAL_CAN_Start
                0x0800af4c       0x88 ./Drivers/STM32L4xx_HAL_Driver/Src/stm32l4xx_hal_can.o
                0x0800af4c                HAL_CAN_Start
 .text.HAL_CAN_Stop
                0x0800afd4       0x92 ./Drivers/STM32L4xx_HAL_Driver/Src/stm32l4xx_hal_can.o
                0x0800afd4                HAL_CAN_Stop
 .text.HAL_CAN_AddTxMessage
                0x0800b066      0x1a0 ./Drivers/STM32L4xx_HAL_Driver/Src/stm32l4xx_hal_can.o
                0x0800b066                HAL_CAN_AddTxMessage
 .text.HAL_CAN_GetTxMailboxesFreeLevel
                0x0800b206       0x6a ./Drivers/STM32L4xx_HAL_Driver/Src/stm32l4xx_hal_can.o
                0x0800b206                HAL_CAN_GetTxMailboxesFreeLevel
 .text.HAL_CAN_GetRxMessage
                0x0800b270      0x244 ./Drivers/STM32L4xx_HAL_Driver/Src/stm32l4xx_hal_can.o
                0x0800b270                HAL_CAN_GetRxMessage
 .text.HAL_CAN_ActivateNotification
                0x0800b4b4       0x4c ./Drivers/STM32L4xx_HAL_Driver/Src/stm32l4xx_hal_can.o
                0x0800b4b4                HAL_CAN_ActivateNotification
 .text.HAL_CAN_IRQHandler
                0x0800b500      0x36e ./Drivers/STM32L4xx_HAL_Driver/Src/stm32l4xx_hal_can.o
                0x0800b500                HAL_CAN_IRQHandler
 .text.HAL_CAN_TxMailbox0AbortCallback
                0x0800b86e       0x14 ./Drivers/STM32L4xx_HAL_Driver/Src/stm32l4xx_hal_can.o
                0x0800b86e                HAL_CAN_TxMailbox0AbortCallback
 .text.HAL_CAN_TxMailbox1AbortCallback
                0x0800b882       0x14 ./Drivers/STM32L4xx_HAL_Driver/Src/stm32l4xx_hal_can.o
                0x0800b882                HAL_CAN_TxMailbox1AbortCallback
 .text.HAL_CAN_TxMailbox2AbortCallback
                0x0800b896       0x14 ./Drivers/STM32L4xx_HAL_Driver/Src/stm32l4xx_hal_can.o
                0x0800b896                HAL_CAN_TxMailbox2AbortCallback
 .text.HAL_CAN_RxFifo0FullCallback
                0x0800b8aa       0x14 ./Drivers/STM32L4xx_HAL_Driver/Src/stm32l4xx_hal_can.o
                0x0800b8aa                HAL_CAN_RxFifo0FullCallback
 .text.HAL_CAN_RxFifo1FullCallback
                0x0800b8be       0x14 ./Drivers/STM32L4xx_HAL_Driver/Src/stm32l4xx_hal_can.o
                0x0800b8be                HAL_CAN_RxFifo1FullCallback
 .text.HAL_CAN_SleepCallback
                0x0800b8d2       0x14 ./Drivers/STM32L4xx_HAL_Driver/Src/stm32l4xx_hal_can.o
                0x0800b8d2                HAL_CAN_SleepCallback
 .text.HAL_CAN_WakeUpFromRxMsgCallback
                0x0800b8e6       0x14 ./Drivers/STM32L4xx_HAL_Driver/Src/stm32l4xx_hal_can.o
                0x0800b8e6                HAL_CAN_WakeUpFromRxMsgCallback
 .text.HAL_CAN_ErrorCallback
                0x0800b8fa       0x14 ./Drivers/STM32L4xx_HAL_Driver/Src/stm32l4xx_hal_can.o
                0x0800b8fa                HAL_CAN_ErrorCallback
 *fill*         0x0800b90e        0x2 
 .text.__NVIC_SetPriorityGrouping
                0x0800b910       0x48 ./Drivers/STM32L4xx_HAL_Driver/Src/stm32l4xx_hal_cortex.o
 .text.__NVIC_GetPriorityGrouping
                0x0800b958       0x1c ./Drivers/STM32L4xx_HAL_Driver/Src/stm32l4xx_hal_cortex.o
 .text.__NVIC_EnableIRQ
                0x0800b974       0x3c ./Drivers/STM32L4xx_HAL_Driver/Src/stm32l4xx_hal_cortex.o
 .text.__NVIC_SetPriority
                0x0800b9b0       0x54 ./Drivers/STM32L4xx_HAL_Driver/Src/stm32l4xx_hal_cortex.o
 .text.NVIC_EncodePriority
                0x0800ba04       0x66 ./Drivers/STM32L4xx_HAL_Driver/Src/stm32l4xx_hal_cortex.o
 *fill*         0x0800ba6a        0x2 
 .text.__NVIC_SystemReset
                0x0800ba6c       0x2c ./Drivers/STM32L4xx_HAL_Driver/Src/stm32l4xx_hal_cortex.o
 .text.SysTick_Config
                0x0800ba98       0x44 ./Drivers/STM32L4xx_HAL_Driver/Src/stm32l4xx_hal_cortex.o
 .text.HAL_NVIC_SetPriorityGrouping
                0x0800badc       0x16 ./Drivers/STM32L4xx_HAL_Driver/Src/stm32l4xx_hal_cortex.o
                0x0800badc                HAL_NVIC_SetPriorityGrouping
 .text.HAL_NVIC_SetPriority
                0x0800baf2       0x38 ./Drivers/STM32L4xx_HAL_Driver/Src/stm32l4xx_hal_cortex.o
                0x0800baf2                HAL_NVIC_SetPriority
 .text.HAL_NVIC_EnableIRQ
                0x0800bb2a       0x1c ./Drivers/STM32L4xx_HAL_Driver/Src/stm32l4xx_hal_cortex.o
                0x0800bb2a                HAL_NVIC_EnableIRQ
 .text.HAL_NVIC_SystemReset
                0x0800bb46        0x8 ./Drivers/STM32L4xx_HAL_Driver/Src/stm32l4xx_hal_cortex.o
                0x0800bb46                HAL_NVIC_SystemReset
 .text.HAL_SYSTICK_Config
                0x0800bb4e       0x18 ./Drivers/STM32L4xx_HAL_Driver/Src/stm32l4xx_hal_cortex.o
                0x0800bb4e                HAL_SYSTICK_Config
 .text.HAL_DAC_Init
                0x0800bb66       0x44 ./Drivers/STM32L4xx_HAL_Driver/Src/stm32l4xx_hal_dac.o
                0x0800bb66                HAL_DAC_Init
 .text.HAL_DAC_Start
                0x0800bbaa       0x9a ./Drivers/STM32L4xx_HAL_Driver/Src/stm32l4xx_hal_dac.o
                0x0800bbaa                HAL_DAC_Start
 .text.HAL_DAC_SetValue
                0x0800bc44       0x4a ./Drivers/STM32L4xx_HAL_Driver/Src/stm32l4xx_hal_dac.o
                0x0800bc44                HAL_DAC_SetValue
 .text.HAL_DAC_ConfigChannel
                0x0800bc8e      0x24e ./Drivers/STM32L4xx_HAL_Driver/Src/stm32l4xx_hal_dac.o
                0x0800bc8e                HAL_DAC_ConfigChannel
 .text.HAL_DMA_Init
                0x0800bedc      0x170 ./Drivers/STM32L4xx_HAL_Driver/Src/stm32l4xx_hal_dma.o
                0x0800bedc                HAL_DMA_Init
 .text.HAL_DMA_IRQHandler
                0x0800c04c      0x18c ./Drivers/STM32L4xx_HAL_Driver/Src/stm32l4xx_hal_dma.o
                0x0800c04c                HAL_DMA_IRQHandler
 .text.HAL_FLASH_Program
                0x0800c1d8       0xd8 ./Drivers/STM32L4xx_HAL_Driver/Src/stm32l4xx_hal_flash.o
                0x0800c1d8                HAL_FLASH_Program
 .text.HAL_FLASH_Unlock
                0x0800c2b0       0x44 ./Drivers/STM32L4xx_HAL_Driver/Src/stm32l4xx_hal_flash.o
                0x0800c2b0                HAL_FLASH_Unlock
 .text.FLASH_WaitForLastOperation
                0x0800c2f4       0xac ./Drivers/STM32L4xx_HAL_Driver/Src/stm32l4xx_hal_flash.o
                0x0800c2f4                FLASH_WaitForLastOperation
 .text.FLASH_Program_DoubleWord
                0x0800c3a0       0x4c ./Drivers/STM32L4xx_HAL_Driver/Src/stm32l4xx_hal_flash.o
 .text.FLASH_Program_Fast
                0x0800c3ec       0x6c ./Drivers/STM32L4xx_HAL_Driver/Src/stm32l4xx_hal_flash.o
 .text.HAL_FLASHEx_Erase
                0x0800c458      0x134 ./Drivers/STM32L4xx_HAL_Driver/Src/stm32l4xx_hal_flash_ex.o
                0x0800c458                HAL_FLASHEx_Erase
 .text.FLASH_MassErase
                0x0800c58c       0x3c ./Drivers/STM32L4xx_HAL_Driver/Src/stm32l4xx_hal_flash_ex.o
 .text.FLASH_PageErase
                0x0800c5c8       0x48 ./Drivers/STM32L4xx_HAL_Driver/Src/stm32l4xx_hal_flash_ex.o
                0x0800c5c8                FLASH_PageErase
 .text.FLASH_FlushCaches
                0x0800c610       0x94 ./Drivers/STM32L4xx_HAL_Driver/Src/stm32l4xx_hal_flash_ex.o
                0x0800c610                FLASH_FlushCaches
 .text.HAL_GPIO_Init
                0x0800c6a4      0x2d4 ./Drivers/STM32L4xx_HAL_Driver/Src/stm32l4xx_hal_gpio.o
                0x0800c6a4                HAL_GPIO_Init
 .text.HAL_GPIO_WritePin
                0x0800c978       0x30 ./Drivers/STM32L4xx_HAL_Driver/Src/stm32l4xx_hal_gpio.o
                0x0800c978                HAL_GPIO_WritePin
 .text.HAL_I2C_Init
                0x0800c9a8      0x136 ./Drivers/STM32L4xx_HAL_Driver/Src/stm32l4xx_hal_i2c.o
                0x0800c9a8                HAL_I2C_Init
 .text.HAL_I2CEx_ConfigAnalogFilter
                0x0800cade       0x96 ./Drivers/STM32L4xx_HAL_Driver/Src/stm32l4xx_hal_i2c_ex.o
                0x0800cade                HAL_I2CEx_ConfigAnalogFilter
 .text.HAL_I2CEx_ConfigDigitalFilter
                0x0800cb74       0x98 ./Drivers/STM32L4xx_HAL_Driver/Src/stm32l4xx_hal_i2c_ex.o
                0x0800cb74                HAL_I2CEx_ConfigDigitalFilter
 .text.HAL_PWREx_GetVoltageRange
                0x0800cc0c       0x1c ./Drivers/STM32L4xx_HAL_Driver/Src/stm32l4xx_hal_pwr_ex.o
                0x0800cc0c                HAL_PWREx_GetVoltageRange
 .text.HAL_PWREx_ControlVoltageScaling
                0x0800cc28       0xac ./Drivers/STM32L4xx_HAL_Driver/Src/stm32l4xx_hal_pwr_ex.o
                0x0800cc28                HAL_PWREx_ControlVoltageScaling
 .text.HAL_RCC_OscConfig
                0x0800ccd4      0x828 ./Drivers/STM32L4xx_HAL_Driver/Src/stm32l4xx_hal_rcc.o
                0x0800ccd4                HAL_RCC_OscConfig
 .text.HAL_RCC_ClockConfig
                0x0800d4fc      0x200 ./Drivers/STM32L4xx_HAL_Driver/Src/stm32l4xx_hal_rcc.o
                0x0800d4fc                HAL_RCC_ClockConfig
 .text.HAL_RCC_GetSysClockFreq
                0x0800d6fc      0x118 ./Drivers/STM32L4xx_HAL_Driver/Src/stm32l4xx_hal_rcc.o
                0x0800d6fc                HAL_RCC_GetSysClockFreq
 .text.HAL_RCC_GetHCLKFreq
                0x0800d814       0x18 ./Drivers/STM32L4xx_HAL_Driver/Src/stm32l4xx_hal_rcc.o
                0x0800d814                HAL_RCC_GetHCLKFreq
 .text.HAL_RCC_GetPCLK1Freq
                0x0800d82c       0x2c ./Drivers/STM32L4xx_HAL_Driver/Src/stm32l4xx_hal_rcc.o
                0x0800d82c                HAL_RCC_GetPCLK1Freq
 .text.HAL_RCC_GetPCLK2Freq
                0x0800d858       0x2c ./Drivers/STM32L4xx_HAL_Driver/Src/stm32l4xx_hal_rcc.o
                0x0800d858                HAL_RCC_GetPCLK2Freq
 .text.RCC_SetFlashLatencyFromMSIRange
                0x0800d884       0xc0 ./Drivers/STM32L4xx_HAL_Driver/Src/stm32l4xx_hal_rcc.o
 .text.HAL_RCCEx_PeriphCLKConfig
                0x0800d944      0x3ec ./Drivers/STM32L4xx_HAL_Driver/Src/stm32l4xx_hal_rcc_ex.o
                0x0800d944                HAL_RCCEx_PeriphCLKConfig
 .text.RCCEx_PLLSAI1_Config
                0x0800dd30      0x1e4 ./Drivers/STM32L4xx_HAL_Driver/Src/stm32l4xx_hal_rcc_ex.o
 .text.HAL_TIM_Base_Init
                0x0800df14       0xae ./Drivers/STM32L4xx_HAL_Driver/Src/stm32l4xx_hal_tim.o
                0x0800df14                HAL_TIM_Base_Init
 *fill*         0x0800dfc2        0x2 
 .text.HAL_TIM_Base_Start_IT
                0x0800dfc4       0xa8 ./Drivers/STM32L4xx_HAL_Driver/Src/stm32l4xx_hal_tim.o
                0x0800dfc4                HAL_TIM_Base_Start_IT
 .text.HAL_TIM_Base_Stop_IT
                0x0800e06c       0x60 ./Drivers/STM32L4xx_HAL_Driver/Src/stm32l4xx_hal_tim.o
                0x0800e06c                HAL_TIM_Base_Stop_IT
 .text.HAL_TIM_IRQHandler
                0x0800e0cc      0x20e ./Drivers/STM32L4xx_HAL_Driver/Src/stm32l4xx_hal_tim.o
                0x0800e0cc                HAL_TIM_IRQHandler
 .text.HAL_TIM_ConfigClockSource
                0x0800e2da      0x192 ./Drivers/STM32L4xx_HAL_Driver/Src/stm32l4xx_hal_tim.o
                0x0800e2da                HAL_TIM_ConfigClockSource
 .text.HAL_TIM_OC_DelayElapsedCallback
                0x0800e46c       0x14 ./Drivers/STM32L4xx_HAL_Driver/Src/stm32l4xx_hal_tim.o
                0x0800e46c                HAL_TIM_OC_DelayElapsedCallback
 .text.HAL_TIM_IC_CaptureCallback
                0x0800e480       0x14 ./Drivers/STM32L4xx_HAL_Driver/Src/stm32l4xx_hal_tim.o
                0x0800e480                HAL_TIM_IC_CaptureCallback
 .text.HAL_TIM_PWM_PulseFinishedCallback
                0x0800e494       0x14 ./Drivers/STM32L4xx_HAL_Driver/Src/stm32l4xx_hal_tim.o
                0x0800e494                HAL_TIM_PWM_PulseFinishedCallback
 .text.HAL_TIM_TriggerCallback
                0x0800e4a8       0x14 ./Drivers/STM32L4xx_HAL_Driver/Src/stm32l4xx_hal_tim.o
                0x0800e4a8                HAL_TIM_TriggerCallback
 .text.TIM_Base_SetConfig
                0x0800e4bc       0xd4 ./Drivers/STM32L4xx_HAL_Driver/Src/stm32l4xx_hal_tim.o
                0x0800e4bc                TIM_Base_SetConfig
 .text.TIM_TI1_ConfigInputStage
                0x0800e590       0x90 ./Drivers/STM32L4xx_HAL_Driver/Src/stm32l4xx_hal_tim.o
 .text.TIM_TI2_ConfigInputStage
                0x0800e620       0x78 ./Drivers/STM32L4xx_HAL_Driver/Src/stm32l4xx_hal_tim.o
 .text.TIM_ITRx_SetConfig
                0x0800e698       0x36 ./Drivers/STM32L4xx_HAL_Driver/Src/stm32l4xx_hal_tim.o
 .text.TIM_ETR_SetConfig
                0x0800e6ce       0x40 ./Drivers/STM32L4xx_HAL_Driver/Src/stm32l4xx_hal_tim.o
                0x0800e6ce                TIM_ETR_SetConfig
 *fill*         0x0800e70e        0x2 
 .text.HAL_TIMEx_MasterConfigSynchronization
                0x0800e710       0xcc ./Drivers/STM32L4xx_HAL_Driver/Src/stm32l4xx_hal_tim_ex.o
                0x0800e710                HAL_TIMEx_MasterConfigSynchronization
 .text.HAL_TIMEx_CommutCallback
                0x0800e7dc       0x14 ./Drivers/STM32L4xx_HAL_Driver/Src/stm32l4xx_hal_tim_ex.o
                0x0800e7dc                HAL_TIMEx_CommutCallback
 .text.HAL_TIMEx_BreakCallback
                0x0800e7f0       0x14 ./Drivers/STM32L4xx_HAL_Driver/Src/stm32l4xx_hal_tim_ex.o
                0x0800e7f0                HAL_TIMEx_BreakCallback
 .text.HAL_TIMEx_Break2Callback
                0x0800e804       0x14 ./Drivers/STM32L4xx_HAL_Driver/Src/stm32l4xx_hal_tim_ex.o
                0x0800e804                HAL_TIMEx_Break2Callback
 .text.HAL_UART_Init
                0x0800e818       0x9c ./Drivers/STM32L4xx_HAL_Driver/Src/stm32l4xx_hal_uart.o
                0x0800e818                HAL_UART_Init
 .text.UART_SetConfig
                0x0800e8b4      0x458 ./Drivers/STM32L4xx_HAL_Driver/Src/stm32l4xx_hal_uart.o
                0x0800e8b4                UART_SetConfig
 .text.UART_AdvFeatureConfig
                0x0800ed0c      0x144 ./Drivers/STM32L4xx_HAL_Driver/Src/stm32l4xx_hal_uart.o
                0x0800ed0c                UART_AdvFeatureConfig
 .text.UART_CheckIdleState
                0x0800ee50      0x150 ./Drivers/STM32L4xx_HAL_Driver/Src/stm32l4xx_hal_uart.o
                0x0800ee50                UART_CheckIdleState
 .text.UART_WaitOnFlagUntilTimeout
                0x0800efa0       0xda ./Drivers/STM32L4xx_HAL_Driver/Src/stm32l4xx_hal_uart.o
                0x0800efa0                UART_WaitOnFlagUntilTimeout
 .text.UART_EndRxTransfer
                0x0800f07a       0xc8 ./Drivers/STM32L4xx_HAL_Driver/Src/stm32l4xx_hal_uart.o
 *fill*         0x0800f142        0x2 
 .text.calloc   0x0800f144       0x10 C:/devel/stm32CubeIDE_1.18.1/STM32CubeIDE/plugins/com.st.stm32cube.ide.mcu.externaltools.gnu-tools-for-stm32.13.3.rel1.win32_1.0.0.202411081344/tools/bin/../lib/gcc/arm-none-eabi/13.3.1/../../../../arm-none-eabi/lib/thumb/v7e-m+fp/hard\libc_nano.a(libc_a-calloc.o)
                0x0800f144                calloc
 .text._calloc_r
                0x0800f154       0x28 C:/devel/stm32CubeIDE_1.18.1/STM32CubeIDE/plugins/com.st.stm32cube.ide.mcu.externaltools.gnu-tools-for-stm32.13.3.rel1.win32_1.0.0.202411081344/tools/bin/../lib/gcc/arm-none-eabi/13.3.1/../../../../arm-none-eabi/lib/thumb/v7e-m+fp/hard\libc_nano.a(libc_a-callocr.o)
                0x0800f154                _calloc_r
 .text.free     0x0800f17c       0x10 C:/devel/stm32CubeIDE_1.18.1/STM32CubeIDE/plugins/com.st.stm32cube.ide.mcu.externaltools.gnu-tools-for-stm32.13.3.rel1.win32_1.0.0.202411081344/tools/bin/../lib/gcc/arm-none-eabi/13.3.1/../../../../arm-none-eabi/lib/thumb/v7e-m+fp/hard\libc_nano.a(libc_a-malloc.o)
                0x0800f17c                free
 .text.sbrk_aligned
                0x0800f18c       0x44 C:/devel/stm32CubeIDE_1.18.1/STM32CubeIDE/plugins/com.st.stm32cube.ide.mcu.externaltools.gnu-tools-for-stm32.13.3.rel1.win32_1.0.0.202411081344/tools/bin/../lib/gcc/arm-none-eabi/13.3.1/../../../../arm-none-eabi/lib/thumb/v7e-m+fp/hard\libc_nano.a(libc_a-mallocr.o)
 .text._malloc_r
                0x0800f1d0      0x100 C:/devel/stm32CubeIDE_1.18.1/STM32CubeIDE/plugins/com.st.stm32cube.ide.mcu.externaltools.gnu-tools-for-stm32.13.3.rel1.win32_1.0.0.202411081344/tools/bin/../lib/gcc/arm-none-eabi/13.3.1/../../../../arm-none-eabi/lib/thumb/v7e-m+fp/hard\libc_nano.a(libc_a-mallocr.o)
                0x0800f1d0                _malloc_r
 .text.__malloc_lock
                0x0800f2d0        0xc C:/devel/stm32CubeIDE_1.18.1/STM32CubeIDE/plugins/com.st.stm32cube.ide.mcu.externaltools.gnu-tools-for-stm32.13.3.rel1.win32_1.0.0.202411081344/tools/bin/../lib/gcc/arm-none-eabi/13.3.1/../../../../arm-none-eabi/lib/thumb/v7e-m+fp/hard\libc_nano.a(libc_a-mlock.o)
                0x0800f2d0                __malloc_lock
 .text.__malloc_unlock
                0x0800f2dc        0xc C:/devel/stm32CubeIDE_1.18.1/STM32CubeIDE/plugins/com.st.stm32cube.ide.mcu.externaltools.gnu-tools-for-stm32.13.3.rel1.win32_1.0.0.202411081344/tools/bin/../lib/gcc/arm-none-eabi/13.3.1/../../../../arm-none-eabi/lib/thumb/v7e-m+fp/hard\libc_nano.a(libc_a-mlock.o)
                0x0800f2dc                __malloc_unlock
 .text.__sflush_r
                0x0800f2e8      0x108 C:/devel/stm32CubeIDE_1.18.1/STM32CubeIDE/plugins/com.st.stm32cube.ide.mcu.externaltools.gnu-tools-for-stm32.13.3.rel1.win32_1.0.0.202411081344/tools/bin/../lib/gcc/arm-none-eabi/13.3.1/../../../../arm-none-eabi/lib/thumb/v7e-m+fp/hard\libc_nano.a(libc_a-fflush.o)
                0x0800f2e8                __sflush_r
 .text._fflush_r
                0x0800f3f0       0x50 C:/devel/stm32CubeIDE_1.18.1/STM32CubeIDE/plugins/com.st.stm32cube.ide.mcu.externaltools.gnu-tools-for-stm32.13.3.rel1.win32_1.0.0.202411081344/tools/bin/../lib/gcc/arm-none-eabi/13.3.1/../../../../arm-none-eabi/lib/thumb/v7e-m+fp/hard\libc_nano.a(libc_a-fflush.o)
                0x0800f3f0                _fflush_r
 .text.fflush   0x0800f440       0x28 C:/devel/stm32CubeIDE_1.18.1/STM32CubeIDE/plugins/com.st.stm32cube.ide.mcu.externaltools.gnu-tools-for-stm32.13.3.rel1.win32_1.0.0.202411081344/tools/bin/../lib/gcc/arm-none-eabi/13.3.1/../../../../arm-none-eabi/lib/thumb/v7e-m+fp/hard\libc_nano.a(libc_a-fflush.o)
                0x0800f440                fflush
 .text.std      0x0800f468       0x6c C:/devel/stm32CubeIDE_1.18.1/STM32CubeIDE/plugins/com.st.stm32cube.ide.mcu.externaltools.gnu-tools-for-stm32.13.3.rel1.win32_1.0.0.202411081344/tools/bin/../lib/gcc/arm-none-eabi/13.3.1/../../../../arm-none-eabi/lib/thumb/v7e-m+fp/hard\libc_nano.a(libc_a-findfp.o)
 .text.stdio_exit_handler
                0x0800f4d4       0x18 C:/devel/stm32CubeIDE_1.18.1/STM32CubeIDE/plugins/com.st.stm32cube.ide.mcu.externaltools.gnu-tools-for-stm32.13.3.rel1.win32_1.0.0.202411081344/tools/bin/../lib/gcc/arm-none-eabi/13.3.1/../../../../arm-none-eabi/lib/thumb/v7e-m+fp/hard\libc_nano.a(libc_a-findfp.o)
 .text.cleanup_stdio
                0x0800f4ec       0x40 C:/devel/stm32CubeIDE_1.18.1/STM32CubeIDE/plugins/com.st.stm32cube.ide.mcu.externaltools.gnu-tools-for-stm32.13.3.rel1.win32_1.0.0.202411081344/tools/bin/../lib/gcc/arm-none-eabi/13.3.1/../../../../arm-none-eabi/lib/thumb/v7e-m+fp/hard\libc_nano.a(libc_a-findfp.o)
 .text.global_stdio_init.part.0
                0x0800f52c       0x3c C:/devel/stm32CubeIDE_1.18.1/STM32CubeIDE/plugins/com.st.stm32cube.ide.mcu.externaltools.gnu-tools-for-stm32.13.3.rel1.win32_1.0.0.202411081344/tools/bin/../lib/gcc/arm-none-eabi/13.3.1/../../../../arm-none-eabi/lib/thumb/v7e-m+fp/hard\libc_nano.a(libc_a-findfp.o)
 .text.__sfp_lock_acquire
                0x0800f568        0xc C:/devel/stm32CubeIDE_1.18.1/STM32CubeIDE/plugins/com.st.stm32cube.ide.mcu.externaltools.gnu-tools-for-stm32.13.3.rel1.win32_1.0.0.202411081344/tools/bin/../lib/gcc/arm-none-eabi/13.3.1/../../../../arm-none-eabi/lib/thumb/v7e-m+fp/hard\libc_nano.a(libc_a-findfp.o)
                0x0800f568                __sfp_lock_acquire
 .text.__sfp_lock_release
                0x0800f574        0xc C:/devel/stm32CubeIDE_1.18.1/STM32CubeIDE/plugins/com.st.stm32cube.ide.mcu.externaltools.gnu-tools-for-stm32.13.3.rel1.win32_1.0.0.202411081344/tools/bin/../lib/gcc/arm-none-eabi/13.3.1/../../../../arm-none-eabi/lib/thumb/v7e-m+fp/hard\libc_nano.a(libc_a-findfp.o)
                0x0800f574                __sfp_lock_release
 .text.__sinit  0x0800f580       0x30 C:/devel/stm32CubeIDE_1.18.1/STM32CubeIDE/plugins/com.st.stm32cube.ide.mcu.externaltools.gnu-tools-for-stm32.13.3.rel1.win32_1.0.0.202411081344/tools/bin/../lib/gcc/arm-none-eabi/13.3.1/../../../../arm-none-eabi/lib/thumb/v7e-m+fp/hard\libc_nano.a(libc_a-findfp.o)
                0x0800f580                __sinit
 .text._fwalk_sglue
                0x0800f5b0       0x3c C:/devel/stm32CubeIDE_1.18.1/STM32CubeIDE/plugins/com.st.stm32cube.ide.mcu.externaltools.gnu-tools-for-stm32.13.3.rel1.win32_1.0.0.202411081344/tools/bin/../lib/gcc/arm-none-eabi/13.3.1/../../../../arm-none-eabi/lib/thumb/v7e-m+fp/hard\libc_nano.a(libc_a-fwalk.o)
                0x0800f5b0                _fwalk_sglue
 .text.printf   0x0800f5ec       0x24 C:/devel/stm32CubeIDE_1.18.1/STM32CubeIDE/plugins/com.st.stm32cube.ide.mcu.externaltools.gnu-tools-for-stm32.13.3.rel1.win32_1.0.0.202411081344/tools/bin/../lib/gcc/arm-none-eabi/13.3.1/../../../../arm-none-eabi/lib/thumb/v7e-m+fp/hard\libc_nano.a(libc_a-printf.o)
                0x0800f5ec                iprintf
                0x0800f5ec                printf
 .text._puts_r  0x0800f610       0xaa C:/devel/stm32CubeIDE_1.18.1/STM32CubeIDE/plugins/com.st.stm32cube.ide.mcu.externaltools.gnu-tools-for-stm32.13.3.rel1.win32_1.0.0.202411081344/tools/bin/../lib/gcc/arm-none-eabi/13.3.1/../../../../arm-none-eabi/lib/thumb/v7e-m+fp/hard\libc_nano.a(libc_a-puts.o)
                0x0800f610                _puts_r
 *fill*         0x0800f6ba        0x2 
 .text.puts     0x0800f6bc       0x10 C:/devel/stm32CubeIDE_1.18.1/STM32CubeIDE/plugins/com.st.stm32cube.ide.mcu.externaltools.gnu-tools-for-stm32.13.3.rel1.win32_1.0.0.202411081344/tools/bin/../lib/gcc/arm-none-eabi/13.3.1/../../../../arm-none-eabi/lib/thumb/v7e-m+fp/hard\libc_nano.a(libc_a-puts.o)
                0x0800f6bc                puts
 .text.__sread  0x0800f6cc       0x22 C:/devel/stm32CubeIDE_1.18.1/STM32CubeIDE/plugins/com.st.stm32cube.ide.mcu.externaltools.gnu-tools-for-stm32.13.3.rel1.win32_1.0.0.202411081344/tools/bin/../lib/gcc/arm-none-eabi/13.3.1/../../../../arm-none-eabi/lib/thumb/v7e-m+fp/hard\libc_nano.a(libc_a-stdio.o)
                0x0800f6cc                __sread
 .text.__swrite
                0x0800f6ee       0x38 C:/devel/stm32CubeIDE_1.18.1/STM32CubeIDE/plugins/com.st.stm32cube.ide.mcu.externaltools.gnu-tools-for-stm32.13.3.rel1.win32_1.0.0.202411081344/tools/bin/../lib/gcc/arm-none-eabi/13.3.1/../../../../arm-none-eabi/lib/thumb/v7e-m+fp/hard\libc_nano.a(libc_a-stdio.o)
                0x0800f6ee                __swrite
 .text.__sseek  0x0800f726       0x24 C:/devel/stm32CubeIDE_1.18.1/STM32CubeIDE/plugins/com.st.stm32cube.ide.mcu.externaltools.gnu-tools-for-stm32.13.3.rel1.win32_1.0.0.202411081344/tools/bin/../lib/gcc/arm-none-eabi/13.3.1/../../../../arm-none-eabi/lib/thumb/v7e-m+fp/hard\libc_nano.a(libc_a-stdio.o)
                0x0800f726                __sseek
 .text.__sclose
                0x0800f74a        0x8 C:/devel/stm32CubeIDE_1.18.1/STM32CubeIDE/plugins/com.st.stm32cube.ide.mcu.externaltools.gnu-tools-for-stm32.13.3.rel1.win32_1.0.0.202411081344/tools/bin/../lib/gcc/arm-none-eabi/13.3.1/../../../../arm-none-eabi/lib/thumb/v7e-m+fp/hard\libc_nano.a(libc_a-stdio.o)
                0x0800f74a                __sclose
 .text.__swbuf_r
                0x0800f752       0x7c C:/devel/stm32CubeIDE_1.18.1/STM32CubeIDE/plugins/com.st.stm32cube.ide.mcu.externaltools.gnu-tools-for-stm32.13.3.rel1.win32_1.0.0.202411081344/tools/bin/../lib/gcc/arm-none-eabi/13.3.1/../../../../arm-none-eabi/lib/thumb/v7e-m+fp/hard\libc_nano.a(libc_a-wbuf.o)
                0x0800f752                __swbuf_r
 *fill*         0x0800f7ce        0x2 
 .text.__swsetup_r
                0x0800f7d0       0xac C:/devel/stm32CubeIDE_1.18.1/STM32CubeIDE/plugins/com.st.stm32cube.ide.mcu.externaltools.gnu-tools-for-stm32.13.3.rel1.win32_1.0.0.202411081344/tools/bin/../lib/gcc/arm-none-eabi/13.3.1/../../../../arm-none-eabi/lib/thumb/v7e-m+fp/hard\libc_nano.a(libc_a-wsetup.o)
                0x0800f7d0                __swsetup_r
 .text.memmove  0x0800f87c       0x34 C:/devel/stm32CubeIDE_1.18.1/STM32CubeIDE/plugins/com.st.stm32cube.ide.mcu.externaltools.gnu-tools-for-stm32.13.3.rel1.win32_1.0.0.202411081344/tools/bin/../lib/gcc/arm-none-eabi/13.3.1/../../../../arm-none-eabi/lib/thumb/v7e-m+fp/hard\libc_nano.a(libc_a-memmove.o)
                0x0800f87c                memmove
 .text.memset   0x0800f8b0       0x10 C:/devel/stm32CubeIDE_1.18.1/STM32CubeIDE/plugins/com.st.stm32cube.ide.mcu.externaltools.gnu-tools-for-stm32.13.3.rel1.win32_1.0.0.202411081344/tools/bin/../lib/gcc/arm-none-eabi/13.3.1/../../../../arm-none-eabi/lib/thumb/v7e-m+fp/hard\libc_nano.a(libc_a-memset.o)
                0x0800f8b0                memset
 .text._close_r
                0x0800f8c0       0x20 C:/devel/stm32CubeIDE_1.18.1/STM32CubeIDE/plugins/com.st.stm32cube.ide.mcu.externaltools.gnu-tools-for-stm32.13.3.rel1.win32_1.0.0.202411081344/tools/bin/../lib/gcc/arm-none-eabi/13.3.1/../../../../arm-none-eabi/lib/thumb/v7e-m+fp/hard\libc_nano.a(libc_a-closer.o)
                0x0800f8c0                _close_r
 .text._lseek_r
                0x0800f8e0       0x24 C:/devel/stm32CubeIDE_1.18.1/STM32CubeIDE/plugins/com.st.stm32cube.ide.mcu.externaltools.gnu-tools-for-stm32.13.3.rel1.win32_1.0.0.202411081344/tools/bin/../lib/gcc/arm-none-eabi/13.3.1/../../../../arm-none-eabi/lib/thumb/v7e-m+fp/hard\libc_nano.a(libc_a-lseekr.o)
                0x0800f8e0                _lseek_r
 .text._read_r  0x0800f904       0x24 C:/devel/stm32CubeIDE_1.18.1/STM32CubeIDE/plugins/com.st.stm32cube.ide.mcu.externaltools.gnu-tools-for-stm32.13.3.rel1.win32_1.0.0.202411081344/tools/bin/../lib/gcc/arm-none-eabi/13.3.1/../../../../arm-none-eabi/lib/thumb/v7e-m+fp/hard\libc_nano.a(libc_a-readr.o)
                0x0800f904                _read_r
 .text._sbrk_r  0x0800f928       0x20 C:/devel/stm32CubeIDE_1.18.1/STM32CubeIDE/plugins/com.st.stm32cube.ide.mcu.externaltools.gnu-tools-for-stm32.13.3.rel1.win32_1.0.0.202411081344/tools/bin/../lib/gcc/arm-none-eabi/13.3.1/../../../../arm-none-eabi/lib/thumb/v7e-m+fp/hard\libc_nano.a(libc_a-sbrkr.o)
                0x0800f928                _sbrk_r
 .text._write_r
                0x0800f948       0x24 C:/devel/stm32CubeIDE_1.18.1/STM32CubeIDE/plugins/com.st.stm32cube.ide.mcu.externaltools.gnu-tools-for-stm32.13.3.rel1.win32_1.0.0.202411081344/tools/bin/../lib/gcc/arm-none-eabi/13.3.1/../../../../arm-none-eabi/lib/thumb/v7e-m+fp/hard\libc_nano.a(libc_a-writer.o)
                0x0800f948                _write_r
 .text.__errno  0x0800f96c        0xc C:/devel/stm32CubeIDE_1.18.1/STM32CubeIDE/plugins/com.st.stm32cube.ide.mcu.externaltools.gnu-tools-for-stm32.13.3.rel1.win32_1.0.0.202411081344/tools/bin/../lib/gcc/arm-none-eabi/13.3.1/../../../../arm-none-eabi/lib/thumb/v7e-m+fp/hard\libc_nano.a(libc_a-errno.o)
                0x0800f96c                __errno
 .text.__libc_init_array
                0x0800f978       0x48 C:/devel/stm32CubeIDE_1.18.1/STM32CubeIDE/plugins/com.st.stm32cube.ide.mcu.externaltools.gnu-tools-for-stm32.13.3.rel1.win32_1.0.0.202411081344/tools/bin/../lib/gcc/arm-none-eabi/13.3.1/../../../../arm-none-eabi/lib/thumb/v7e-m+fp/hard\libc_nano.a(libc_a-init.o)
                0x0800f978                __libc_init_array
 .text.__retarget_lock_init_recursive
                0x0800f9c0        0x2 C:/devel/stm32CubeIDE_1.18.1/STM32CubeIDE/plugins/com.st.stm32cube.ide.mcu.externaltools.gnu-tools-for-stm32.13.3.rel1.win32_1.0.0.202411081344/tools/bin/../lib/gcc/arm-none-eabi/13.3.1/../../../../arm-none-eabi/lib/thumb/v7e-m+fp/hard\libc_nano.a(libc_a-lock.o)
                0x0800f9c0                __retarget_lock_init_recursive
 .text.__retarget_lock_acquire_recursive
                0x0800f9c2        0x2 C:/devel/stm32CubeIDE_1.18.1/STM32CubeIDE/plugins/com.st.stm32cube.ide.mcu.externaltools.gnu-tools-for-stm32.13.3.rel1.win32_1.0.0.202411081344/tools/bin/../lib/gcc/arm-none-eabi/13.3.1/../../../../arm-none-eabi/lib/thumb/v7e-m+fp/hard\libc_nano.a(libc_a-lock.o)
                0x0800f9c2                __retarget_lock_acquire_recursive
 .text.__retarget_lock_release_recursive
                0x0800f9c4        0x2 C:/devel/stm32CubeIDE_1.18.1/STM32CubeIDE/plugins/com.st.stm32cube.ide.mcu.externaltools.gnu-tools-for-stm32.13.3.rel1.win32_1.0.0.202411081344/tools/bin/../lib/gcc/arm-none-eabi/13.3.1/../../../../arm-none-eabi/lib/thumb/v7e-m+fp/hard\libc_nano.a(libc_a-lock.o)
                0x0800f9c4                __retarget_lock_release_recursive
 .text.memcpy   0x0800f9c6       0x1c C:/devel/stm32CubeIDE_1.18.1/STM32CubeIDE/plugins/com.st.stm32cube.ide.mcu.externaltools.gnu-tools-for-stm32.13.3.rel1.win32_1.0.0.202411081344/tools/bin/../lib/gcc/arm-none-eabi/13.3.1/../../../../arm-none-eabi/lib/thumb/v7e-m+fp/hard\libc_nano.a(libc_a-memcpy-stub.o)
                0x0800f9c6                memcpy
 *fill*         0x0800f9e2        0x2 
 .text._free_r  0x0800f9e4       0x94 C:/devel/stm32CubeIDE_1.18.1/STM32CubeIDE/plugins/com.st.stm32cube.ide.mcu.externaltools.gnu-tools-for-stm32.13.3.rel1.win32_1.0.0.202411081344/tools/bin/../lib/gcc/arm-none-eabi/13.3.1/../../../../arm-none-eabi/lib/thumb/v7e-m+fp/hard\libc_nano.a(libc_a-freer.o)
                0x0800f9e4                _free_r
 .text.__sfputc_r
                0x0800fa78       0x2e C:/devel/stm32CubeIDE_1.18.1/STM32CubeIDE/plugins/com.st.stm32cube.ide.mcu.externaltools.gnu-tools-for-stm32.13.3.rel1.win32_1.0.0.202411081344/tools/bin/../lib/gcc/arm-none-eabi/13.3.1/../../../../arm-none-eabi/lib/thumb/v7e-m+fp/hard\libc_nano.a(libc_a-nano-vfprintf.o)
 .text.__sfputs_r
                0x0800faa6       0x24 C:/devel/stm32CubeIDE_1.18.1/STM32CubeIDE/plugins/com.st.stm32cube.ide.mcu.externaltools.gnu-tools-for-stm32.13.3.rel1.win32_1.0.0.202411081344/tools/bin/../lib/gcc/arm-none-eabi/13.3.1/../../../../arm-none-eabi/lib/thumb/v7e-m+fp/hard\libc_nano.a(libc_a-nano-vfprintf.o)
                0x0800faa6                __sfputs_r
 *fill*         0x0800faca        0x2 
 .text._vfprintf_r
                0x0800facc      0x230 C:/devel/stm32CubeIDE_1.18.1/STM32CubeIDE/plugins/com.st.stm32cube.ide.mcu.externaltools.gnu-tools-for-stm32.13.3.rel1.win32_1.0.0.202411081344/tools/bin/../lib/gcc/arm-none-eabi/13.3.1/../../../../arm-none-eabi/lib/thumb/v7e-m+fp/hard\libc_nano.a(libc_a-nano-vfprintf.o)
                0x0800facc                _vfprintf_r
                0x0800facc                _vfiprintf_r
 .text._printf_common
                0x0800fcfc       0xda C:/devel/stm32CubeIDE_1.18.1/STM32CubeIDE/plugins/com.st.stm32cube.ide.mcu.externaltools.gnu-tools-for-stm32.13.3.rel1.win32_1.0.0.202411081344/tools/bin/../lib/gcc/arm-none-eabi/13.3.1/../../../../arm-none-eabi/lib/thumb/v7e-m+fp/hard\libc_nano.a(libc_a-nano-vfprintf_i.o)
                0x0800fcfc                _printf_common
 *fill*         0x0800fdd6        0x2 
 .text._printf_i
                0x0800fdd8      0x23c C:/devel/stm32CubeIDE_1.18.1/STM32CubeIDE/plugins/com.st.stm32cube.ide.mcu.externaltools.gnu-tools-for-stm32.13.3.rel1.win32_1.0.0.202411081344/tools/bin/../lib/gcc/arm-none-eabi/13.3.1/../../../../arm-none-eabi/lib/thumb/v7e-m+fp/hard\libc_nano.a(libc_a-nano-vfprintf_i.o)
                0x0800fdd8                _printf_i
 .text.__swhatbuf_r
                0x08010014       0x4c C:/devel/stm32CubeIDE_1.18.1/STM32CubeIDE/plugins/com.st.stm32cube.ide.mcu.externaltools.gnu-tools-for-stm32.13.3.rel1.win32_1.0.0.202411081344/tools/bin/../lib/gcc/arm-none-eabi/13.3.1/../../../../arm-none-eabi/lib/thumb/v7e-m+fp/hard\libc_nano.a(libc_a-makebuf.o)
                0x08010014                __swhatbuf_r
 .text.__smakebuf_r
                0x08010060       0x78 C:/devel/stm32CubeIDE_1.18.1/STM32CubeIDE/plugins/com.st.stm32cube.ide.mcu.externaltools.gnu-tools-for-stm32.13.3.rel1.win32_1.0.0.202411081344/tools/bin/../lib/gcc/arm-none-eabi/13.3.1/../../../../arm-none-eabi/lib/thumb/v7e-m+fp/hard\libc_nano.a(libc_a-makebuf.o)
                0x08010060                __smakebuf_r
 .text._fstat_r
                0x080100d8       0x24 C:/devel/stm32CubeIDE_1.18.1/STM32CubeIDE/plugins/com.st.stm32cube.ide.mcu.externaltools.gnu-tools-for-stm32.13.3.rel1.win32_1.0.0.202411081344/tools/bin/../lib/gcc/arm-none-eabi/13.3.1/../../../../arm-none-eabi/lib/thumb/v7e-m+fp/hard\libc_nano.a(libc_a-fstatr.o)
                0x080100d8                _fstat_r
 .text._isatty_r
                0x080100fc       0x20 C:/devel/stm32CubeIDE_1.18.1/STM32CubeIDE/plugins/com.st.stm32cube.ide.mcu.externaltools.gnu-tools-for-stm32.13.3.rel1.win32_1.0.0.202411081344/tools/bin/../lib/gcc/arm-none-eabi/13.3.1/../../../../arm-none-eabi/lib/thumb/v7e-m+fp/hard\libc_nano.a(libc_a-isattyr.o)
                0x080100fc                _isatty_r
 *(.glue_7)
 .glue_7        0x0801011c        0x0 linker stubs
 *(.glue_7t)
 .glue_7t       0x0801011c        0x0 linker stubs
 *(.eh_frame)
 .eh_frame      0x0801011c        0x0 C:/devel/stm32CubeIDE_1.18.1/STM32CubeIDE/plugins/com.st.stm32cube.ide.mcu.externaltools.gnu-tools-for-stm32.13.3.rel1.win32_1.0.0.202411081344/tools/bin/../lib/gcc/arm-none-eabi/13.3.1/thumb/v7e-m+fp/hard/crtbegin.o
 *(.init)
 .init          0x0801011c        0x4 C:/devel/stm32CubeIDE_1.18.1/STM32CubeIDE/plugins/com.st.stm32cube.ide.mcu.externaltools.gnu-tools-for-stm32.13.3.rel1.win32_1.0.0.202411081344/tools/bin/../lib/gcc/arm-none-eabi/13.3.1/thumb/v7e-m+fp/hard/crti.o
                0x0801011c                _init
 .init          0x08010120        0x8 C:/devel/stm32CubeIDE_1.18.1/STM32CubeIDE/plugins/com.st.stm32cube.ide.mcu.externaltools.gnu-tools-for-stm32.13.3.rel1.win32_1.0.0.202411081344/tools/bin/../lib/gcc/arm-none-eabi/13.3.1/thumb/v7e-m+fp/hard/crtn.o
 *(.fini)
 .fini          0x08010128        0x4 C:/devel/stm32CubeIDE_1.18.1/STM32CubeIDE/plugins/com.st.stm32cube.ide.mcu.externaltools.gnu-tools-for-stm32.13.3.rel1.win32_1.0.0.202411081344/tools/bin/../lib/gcc/arm-none-eabi/13.3.1/thumb/v7e-m+fp/hard/crti.o
                0x08010128                _fini
 .fini          0x0801012c        0x8 C:/devel/stm32CubeIDE_1.18.1/STM32CubeIDE/plugins/com.st.stm32cube.ide.mcu.externaltools.gnu-tools-for-stm32.13.3.rel1.win32_1.0.0.202411081344/tools/bin/../lib/gcc/arm-none-eabi/13.3.1/thumb/v7e-m+fp/hard/crtn.o
                0x08010134                        . = ALIGN (0x4)
                0x08010134                        _etext = .

.vfp11_veneer   0x08010134        0x0
 .vfp11_veneer  0x08010134        0x0 linker stubs

.v4_bx          0x08010134        0x0
 .v4_bx         0x08010134        0x0 linker stubs

.iplt           0x08010134        0x0
 .iplt          0x08010134        0x0 C:/devel/stm32CubeIDE_1.18.1/STM32CubeIDE/plugins/com.st.stm32cube.ide.mcu.externaltools.gnu-tools-for-stm32.13.3.rel1.win32_1.0.0.202411081344/tools/bin/../lib/gcc/arm-none-eabi/13.3.1/thumb/v7e-m+fp/hard/crtbegin.o

.rodata         0x08010134      0xa64
                0x08010134                        . = ALIGN (0x4)
 *(.rodata)
 .rodata        0x08010134      0x1c9 ./CANopenNode_STM32/CO_app_STM32.o
 *(.rodata*)
 *fill*         0x080102fd        0x3 
 .rodata.abortCodes.0
                0x08010300       0x68 ./CANopenNode/301/CO_ODinterface.o
 .rodata.CO_LSS_bitTimingTableLookup
                0x08010368       0x14 ./CANopenNode/305/CO_LSSslave.o
 .rodata.ODObjs
                0x0801037c      0x7a0 ./CANopenNode_STM32/OD.o
 .rodata.AHBPrescTable
                0x08010b1c       0x10 ./Core/Src/system_stm32l4xx.o
                0x08010b1c                AHBPrescTable
 .rodata.APBPrescTable
                0x08010b2c        0x8 ./Core/Src/system_stm32l4xx.o
                0x08010b2c                APBPrescTable
 .rodata.MSIRangeTable
                0x08010b34       0x30 ./Core/Src/system_stm32l4xx.o
                0x08010b34                MSIRangeTable
 .rodata._vfprintf_r.str1.1
                0x08010b64       0x33 C:/devel/stm32CubeIDE_1.18.1/STM32CubeIDE/plugins/com.st.stm32cube.ide.mcu.externaltools.gnu-tools-for-stm32.13.3.rel1.win32_1.0.0.202411081344/tools/bin/../lib/gcc/arm-none-eabi/13.3.1/../../../../arm-none-eabi/lib/thumb/v7e-m+fp/hard\libc_nano.a(libc_a-nano-vfprintf.o)
                                 0x11 (size before relaxing)
 .rodata._printf_i.str1.1
                0x08010b97       0x22 C:/devel/stm32CubeIDE_1.18.1/STM32CubeIDE/plugins/com.st.stm32cube.ide.mcu.externaltools.gnu-tools-for-stm32.13.3.rel1.win32_1.0.0.202411081344/tools/bin/../lib/gcc/arm-none-eabi/13.3.1/../../../../arm-none-eabi/lib/thumb/v7e-m+fp/hard\libc_nano.a(libc_a-nano-vfprintf_i.o)
                0x08010bbc                        . = ALIGN (0x4)
 *fill*         0x08010b97        0x1 

.ARM.extab      0x08010b98        0x0
                0x08010b98                        . = ALIGN (0x4)
 *(.ARM.extab* .gnu.linkonce.armextab.*)
                0x08010b98                        . = ALIGN (0x4)

.ARM            0x08010b98        0x8
                0x08010b98                        . = ALIGN (0x4)
                0x08010b98                        __exidx_start = .
 *(.ARM.exidx*)
 .ARM.exidx     0x08010b98        0x8 C:/devel/stm32CubeIDE_1.18.1/STM32CubeIDE/plugins/com.st.stm32cube.ide.mcu.externaltools.gnu-tools-for-stm32.13.3.rel1.win32_1.0.0.202411081344/tools/bin/../lib/gcc/arm-none-eabi/13.3.1/../../../../arm-none-eabi/lib/thumb/v7e-m+fp/hard\libc_nano.a(libc_a-strlen.o)
 .ARM.exidx     0x08010ba0        0x0 C:/devel/stm32CubeIDE_1.18.1/STM32CubeIDE/plugins/com.st.stm32cube.ide.mcu.externaltools.gnu-tools-for-stm32.13.3.rel1.win32_1.0.0.202411081344/tools/bin/../lib/gcc/arm-none-eabi/13.3.1/../../../../arm-none-eabi/lib/thumb/v7e-m+fp/hard\libc_nano.a(libc_a-memchr.o)
                                  0x8 (size before relaxing)
 .ARM.exidx     0x08010ba0        0x0 C:/devel/stm32CubeIDE_1.18.1/STM32CubeIDE/plugins/com.st.stm32cube.ide.mcu.externaltools.gnu-tools-for-stm32.13.3.rel1.win32_1.0.0.202411081344/tools/bin/../lib/gcc/arm-none-eabi/13.3.1/thumb/v7e-m+fp/hard\libgcc.a(_udivmoddi4.o)
                                  0x8 (size before relaxing)
                0x08010ba0                        __exidx_end = .
                0x08010ba0                        . = ALIGN (0x4)

.preinit_array  0x08010ba0        0x0
                0x08010ba0                        . = ALIGN (0x4)
                0x08010ba0                        PROVIDE (__preinit_array_start = .)
 *(.preinit_array*)
                0x08010ba0                        PROVIDE (__preinit_array_end = .)
                0x08010ba0                        . = ALIGN (0x4)

.init_array     0x08010ba0        0x4
                0x08010ba0                        . = ALIGN (0x4)
                0x08010ba0                        PROVIDE (__init_array_start = .)
 *(SORT_BY_NAME(.init_array.*))
 *(.init_array*)
 .init_array    0x08010ba0        0x4 C:/devel/stm32CubeIDE_1.18.1/STM32CubeIDE/plugins/com.st.stm32cube.ide.mcu.externaltools.gnu-tools-for-stm32.13.3.rel1.win32_1.0.0.202411081344/tools/bin/../lib/gcc/arm-none-eabi/13.3.1/thumb/v7e-m+fp/hard/crtbegin.o
                0x08010ba4                        PROVIDE (__init_array_end = .)
                0x08010ba4                        . = ALIGN (0x4)

.fini_array     0x08010ba4        0x4
                0x08010ba4                        . = ALIGN (0x4)
                [!provide]                        PROVIDE (__fini_array_start = .)
 *(SORT_BY_NAME(.fini_array.*))
 *(.fini_array*)
 .fini_array    0x08010ba4        0x4 C:/devel/stm32CubeIDE_1.18.1/STM32CubeIDE/plugins/com.st.stm32cube.ide.mcu.externaltools.gnu-tools-for-stm32.13.3.rel1.win32_1.0.0.202411081344/tools/bin/../lib/gcc/arm-none-eabi/13.3.1/thumb/v7e-m+fp/hard/crtbegin.o
                [!provide]                        PROVIDE (__fini_array_end = .)
                0x08010ba8                        . = ALIGN (0x4)
                0x08010ba8                        _sidata = LOADADDR (.data)

.rel.dyn        0x08010ba8        0x0
 .rel.iplt      0x08010ba8        0x0 C:/devel/stm32CubeIDE_1.18.1/STM32CubeIDE/plugins/com.st.stm32cube.ide.mcu.externaltools.gnu-tools-for-stm32.13.3.rel1.win32_1.0.0.202411081344/tools/bin/../lib/gcc/arm-none-eabi/13.3.1/thumb/v7e-m+fp/hard/crtbegin.o

.data           0x20000000      0x514 load address 0x08010ba8
                0x20000000                        . = ALIGN (0x4)
                0x20000000                        _sdata = .
 *(.data)
 *(.data*)
 .data.OD_PERSIST_COMM
                0x20000000      0x238 ./CANopenNode_STM32/OD.o
                0x20000000                OD_PERSIST_COMM
 .data.OD_RAM   0x20000238       0x40 ./CANopenNode_STM32/OD.o
                0x20000238                OD_RAM
 .data.ODList   0x20000278      0x204 ./CANopenNode_STM32/OD.o
 .data._OD      0x2000047c        0x8 ./CANopenNode_STM32/OD.o
 .data.OD       0x20000484        0x4 ./CANopenNode_STM32/OD.o
                0x20000484                OD
 .data.gearState
                0x20000488        0x1 ./Core/Src/GearProcess.o
                0x20000488                gearState
 .data.lectureADC
                0x20000489        0x1 ./Core/Src/main.o
                0x20000489                lectureADC
 *fill*         0x2000048a        0x2 
 .data.SystemCoreClock
                0x2000048c        0x4 ./Core/Src/system_stm32l4xx.o
                0x2000048c                SystemCoreClock
 .data.uwTickPrio
                0x20000490        0x4 ./Drivers/STM32L4xx_HAL_Driver/Src/stm32l4xx_hal.o
                0x20000490                uwTickPrio
 .data.uwTickFreq
                0x20000494        0x1 ./Drivers/STM32L4xx_HAL_Driver/Src/stm32l4xx_hal.o
                0x20000494                uwTickFreq
 *fill*         0x20000495        0x3 
 .data.pFlash   0x20000498       0x20 ./Drivers/STM32L4xx_HAL_Driver/Src/stm32l4xx_hal_flash.o
                0x20000498                pFlash
 .data.__sglue  0x200004b8        0xc C:/devel/stm32CubeIDE_1.18.1/STM32CubeIDE/plugins/com.st.stm32cube.ide.mcu.externaltools.gnu-tools-for-stm32.13.3.rel1.win32_1.0.0.202411081344/tools/bin/../lib/gcc/arm-none-eabi/13.3.1/../../../../arm-none-eabi/lib/thumb/v7e-m+fp/hard\libc_nano.a(libc_a-findfp.o)
                0x200004b8                __sglue
 .data._impure_ptr
                0x200004c4        0x4 C:/devel/stm32CubeIDE_1.18.1/STM32CubeIDE/plugins/com.st.stm32cube.ide.mcu.externaltools.gnu-tools-for-stm32.13.3.rel1.win32_1.0.0.202411081344/tools/bin/../lib/gcc/arm-none-eabi/13.3.1/../../../../arm-none-eabi/lib/thumb/v7e-m+fp/hard\libc_nano.a(libc_a-impure.o)
                0x200004c4                _impure_ptr
 .data._impure_data
                0x200004c8       0x4c C:/devel/stm32CubeIDE_1.18.1/STM32CubeIDE/plugins/com.st.stm32cube.ide.mcu.externaltools.gnu-tools-for-stm32.13.3.rel1.win32_1.0.0.202411081344/tools/bin/../lib/gcc/arm-none-eabi/13.3.1/../../../../arm-none-eabi/lib/thumb/v7e-m+fp/hard\libc_nano.a(libc_a-impure.o)
                0x200004c8                _impure_data
 *(.RamFunc)
 *(.RamFunc*)
                0x20000514                        . = ALIGN (0x4)
                0x20000514                        _edata = .

.igot.plt       0x20000514        0x0 load address 0x080110bc
 .igot.plt      0x20000514        0x0 C:/devel/stm32CubeIDE_1.18.1/STM32CubeIDE/plugins/com.st.stm32cube.ide.mcu.externaltools.gnu-tools-for-stm32.13.3.rel1.win32_1.0.0.202411081344/tools/bin/../lib/gcc/arm-none-eabi/13.3.1/thumb/v7e-m+fp/hard/crtbegin.o
                0x20000514                        . = ALIGN (0x4)

.bss            0x20000514      0x634 load address 0x080110bc
                0x20000514                        _sbss = .
                0x20000514                        __bss_start__ = _sbss
 *(.bss)
 .bss           0x20000514       0x1c C:/devel/stm32CubeIDE_1.18.1/STM32CubeIDE/plugins/com.st.stm32cube.ide.mcu.externaltools.gnu-tools-for-stm32.13.3.rel1.win32_1.0.0.202411081344/tools/bin/../lib/gcc/arm-none-eabi/13.3.1/thumb/v7e-m+fp/hard/crtbegin.o
 *(.bss*)
 .bss.canopenNodeSTM32
                0x20000530        0x4 ./CANopenNode_STM32/CO_app_STM32.o
                0x20000530                canopenNodeSTM32
 .bss.CO        0x20000534        0x4 ./CANopenNode_STM32/CO_app_STM32.o
                0x20000534                CO
 .bss.time_old  0x20000538        0x4 ./CANopenNode_STM32/CO_app_STM32.o
                0x20000538                time_old
 .bss.time_current
                0x2000053c        0x4 ./CANopenNode_STM32/CO_app_STM32.o
                0x2000053c                time_current
 .bss.err       0x20000540        0x1 ./CANopenNode_STM32/CO_app_STM32.o
                0x20000540                err
 *fill*         0x20000541        0x3 
 .bss.CANModule_local
                0x20000544        0x4 ./CANopenNode_STM32/CO_driver_STM32.o
 .bss.tx_hdr.1  0x20000548       0x18 ./CANopenNode_STM32/CO_driver_STM32.o
 .bss.rx_hdr.0  0x20000560       0x1c ./CANopenNode_STM32/CO_driver_STM32.o
 .bss.oldGearState.2
                0x2000057c        0x1 ./Core/Src/GearProcess.o
 *fill*         0x2000057d        0x3 
 .bss.counter_pos.1
                0x20000580        0x4 ./Core/Src/GearProcess.o
 .bss.oldGearRequest.0
                0x20000584        0x1 ./Core/Src/GearProcess.o
 *fill*         0x20000585        0x3 
 .bss.FirstPage
                0x20000588        0x4 ./Core/Src/flash.o
                0x20000588                FirstPage
 .bss.NbOfPages
                0x2000058c        0x4 ./Core/Src/flash.o
                0x2000058c                NbOfPages
 .bss.BankNumber
                0x20000590        0x4 ./Core/Src/flash.o
                0x20000590                BankNumber
 .bss.Address   0x20000594        0x4 ./Core/Src/flash.o
                0x20000594                Address
 .bss.PAGEError
                0x20000598        0x4 ./Core/Src/flash.o
                0x20000598                PAGEError
 .bss.EraseInitStruct
                0x2000059c       0x10 ./Core/Src/flash.o
 .bss.hadc1     0x200005ac       0x64 ./Core/Src/main.o
                0x200005ac                hadc1
 .bss.hdma_adc1
                0x20000610       0x48 ./Core/Src/main.o
                0x20000610                hdma_adc1
 .bss.hcan1     0x20000658       0x28 ./Core/Src/main.o
                0x20000658                hcan1
 .bss.hdac1     0x20000680       0x14 ./Core/Src/main.o
                0x20000680                hdac1
 .bss.hi2c1     0x20000694       0x54 ./Core/Src/main.o
                0x20000694                hi2c1
 .bss.htim2     0x200006e8       0x4c ./Core/Src/main.o
                0x200006e8                htim2
 .bss.huart2    0x20000734       0x88 ./Core/Src/main.o
                0x20000734                huart2
 .bss.canOpenNodeSTM32
                0x200007bc       0x18 ./Core/Src/main.o
                0x200007bc                canOpenNodeSTM32
 .bss.gear      0x200007d4        0xa ./Core/Src/main.o
                0x200007d4                gear
 *fill*         0x200007de        0x2 
 .bss.pos       0x200007e0        0x4 ./Core/Src/main.o
                0x200007e0                pos
 .bss.__sbrk_heap_end
                0x200007e4        0x4 ./Core/Src/sysmem.o
 .bss.theXF     0x200007e8      0x210 ./Core/Src/xf.o
                0x200007e8                theXF
 .bss.uwTick    0x200009f8        0x4 ./Drivers/STM32L4xx_HAL_Driver/Src/stm32l4xx_hal.o
                0x200009f8                uwTick
 .bss.__malloc_sbrk_start
                0x200009fc        0x4 C:/devel/stm32CubeIDE_1.18.1/STM32CubeIDE/plugins/com.st.stm32cube.ide.mcu.externaltools.gnu-tools-for-stm32.13.3.rel1.win32_1.0.0.202411081344/tools/bin/../lib/gcc/arm-none-eabi/13.3.1/../../../../arm-none-eabi/lib/thumb/v7e-m+fp/hard\libc_nano.a(libc_a-mallocr.o)
                0x200009fc                __malloc_sbrk_start
 .bss.__malloc_free_list
                0x20000a00        0x4 C:/devel/stm32CubeIDE_1.18.1/STM32CubeIDE/plugins/com.st.stm32cube.ide.mcu.externaltools.gnu-tools-for-stm32.13.3.rel1.win32_1.0.0.202411081344/tools/bin/../lib/gcc/arm-none-eabi/13.3.1/../../../../arm-none-eabi/lib/thumb/v7e-m+fp/hard\libc_nano.a(libc_a-mallocr.o)
                0x20000a00                __malloc_free_list
 .bss.__sf      0x20000a04      0x138 C:/devel/stm32CubeIDE_1.18.1/STM32CubeIDE/plugins/com.st.stm32cube.ide.mcu.externaltools.gnu-tools-for-stm32.13.3.rel1.win32_1.0.0.202411081344/tools/bin/../lib/gcc/arm-none-eabi/13.3.1/../../../../arm-none-eabi/lib/thumb/v7e-m+fp/hard\libc_nano.a(libc_a-findfp.o)
                0x20000a04                __sf
 .bss.__stdio_exit_handler
                0x20000b3c        0x4 C:/devel/stm32CubeIDE_1.18.1/STM32CubeIDE/plugins/com.st.stm32cube.ide.mcu.externaltools.gnu-tools-for-stm32.13.3.rel1.win32_1.0.0.202411081344/tools/bin/../lib/gcc/arm-none-eabi/13.3.1/../../../../arm-none-eabi/lib/thumb/v7e-m+fp/hard\libc_nano.a(libc_a-findfp.o)
                0x20000b3c                __stdio_exit_handler