../Core/Src/main.c:94:6:HAL_ADCEx_InjectedConvCpltCallback	1
../Core/Src/main.c:102:6:HAL_TIM_PeriodElapsedCallback	1
../Core/Src/main.c:151:5:main	3
../Core/Src/main.c:256:6:SystemClock_Config	4
../Core/Src/main.c:306:13:MX_ADC1_Init	3
../Core/Src/main.c:373:13:MX_CAN1_Init	2
../Core/Src/main.c:410:13:MX_DAC1_Init	3
../Core/Src/main.c:453:13:MX_I2C1_Init	4
../Core/Src/main.c:501:13:MX_TIM2_Init	4
../Core/Src/main.c:546:13:MX_USART2_UART_Init	2
../Core/Src/main.c:579:13:MX_DMA_Init	1
../Core/Src/main.c:597:13:MX_GPIO_Init	1
../Core/Src/main.c:651:6:Error_Handler	1
