../Core/Src/main.c:94:6:HAL_ADCEx_InjectedConvCpltCallback	16	static
../Core/Src/main.c:99:6:HAL_TIM_PeriodElapsedCallback	16	static
../Core/Src/main.c:111:5:main	8	static
../Core/Src/main.c:202:6:SystemClock_Config	96	static
../Core/Src/main.c:252:13:MX_ADC1_Init	64	static
../Core/Src/main.c:319:13:MX_CAN1_Init	8	static
../Core/Src/main.c:356:13:MX_DAC1_Init	48	static
../Core/Src/main.c:399:13:MX_I2C1_Init	8	static
../Core/Src/main.c:447:13:MX_TIM2_Init	40	static
../Core/Src/main.c:492:13:MX_USART2_UART_Init	8	static
../Core/Src/main.c:525:13:MX_DMA_Init	16	static
../Core/Src/main.c:543:13:MX_GPIO_Init	40	static
../Core/Src/main.c:597:6:Error_Handler	4	static,ignoring_inline_asm
