../Core/Src/main.c:94:6:HAL_ADCEx_InjectedConvCpltCallback	16	static
../Core/Src/main.c:102:6:HAL_TIM_PeriodElapsedCallback	16	static
../Core/Src/main.c:151:5:main	32	static
../Core/Src/main.c:256:6:SystemClock_Config	96	static
../Core/Src/main.c:306:13:MX_ADC1_Init	64	static
../Core/Src/main.c:373:13:MX_CAN1_Init	8	static
../Core/Src/main.c:410:13:MX_DAC1_Init	48	static
../Core/Src/main.c:453:13:MX_I2C1_Init	8	static
../Core/Src/main.c:501:13:MX_TIM2_Init	40	static
../Core/Src/main.c:546:13:MX_USART2_UART_Init	8	static
../Core/Src/main.c:579:13:MX_DMA_Init	16	static
../Core/Src/main.c:597:13:MX_GPIO_Init	40	static
../Core/Src/main.c:651:6:Error_Handler	4	static,ignoring_inline_asm
