../Core/Src/main.c:94:6:HAL_ADCEx_InjectedConvCpltCallback	1
../Core/Src/main.c:102:6:HAL_TIM_PeriodElapsedCallback	1
../Core/Src/main.c:114:5:main	2
../Core/Src/main.c:207:6:SystemClock_Config	4
../Core/Src/main.c:257:13:MX_ADC1_Init	3
../Core/Src/main.c:324:13:MX_CAN1_Init	2
../Core/Src/main.c:361:13:MX_DAC1_Init	3
../Core/Src/main.c:404:13:MX_I2C1_Init	4
../Core/Src/main.c:452:13:MX_TIM2_Init	4
../Core/Src/main.c:497:13:MX_USART2_UART_Init	2
../Core/Src/main.c:530:13:MX_DMA_Init	1
../Core/Src/main.c:548:13:MX_GPIO_Init	1
../Core/Src/main.c:602:6:Error_Handler	1
