C:/Users/loic.pinuela/Desktop/DSS2_IT/Gear_Controller_Software/CANopenNode/301/CO_ODinterface.h:463:1:OD_extension_init	2
../Core/Src/main.c:89:6:physicalSwitch	3
../Core/Src/main.c:111:6:Nunchuck_Init	1
../Core/Src/main.c:143:14:storeCallback	3
../Core/Src/main.c:162:6:mapCallbacks	2
../Core/Src/main.c:178:6:HAL_TIM_PeriodElapsedCallback	1
../Core/Src/main.c:185:6:HAL_ADCEx_InjectedConvCpltCallback	2
../Core/Src/main.c:198:5:main	4
../Core/Src/main.c:304:6:SystemClock_Config	4
../Core/Src/main.c:354:13:MX_ADC1_Init	4
../Core/Src/main.c:431:13:MX_CAN1_Init	2
../Core/Src/main.c:468:13:MX_DAC1_Init	3
../Core/Src/main.c:511:13:MX_I2C1_Init	4
../Core/Src/main.c:559:13:MX_TIM2_Init	4
../Core/Src/main.c:604:13:MX_USART2_UART_Init	2
../Core/Src/main.c:637:13:MX_DMA_Init	1
../Core/Src/main.c:655:13:MX_GPIO_Init	1
../Core/Src/main.c:709:6:Error_Handler	1
